Archive member included to satisfy reference by file (symbol)

/home/nikhil/Projects/RISCV/Toolchain/RV32IMA/riscv/bin/../lib/gcc/riscv32-unknown-elf/8.2.0/libgcc.a(_divdi3.o)
                              ./lib/syscalls.o (__divdi3)
/home/nikhil/Projects/RISCV/Toolchain/RV32IMA/riscv/bin/../lib/gcc/riscv32-unknown-elf/8.2.0/libgcc.a(_moddi3.o)
                              ./lib/syscalls.o (__moddi3)
/home/nikhil/Projects/RISCV/Toolchain/RV32IMA/riscv/bin/../lib/gcc/riscv32-unknown-elf/8.2.0/libgcc.a(_clz.o)
                              /home/nikhil/Projects/RISCV/Toolchain/RV32IMA/riscv/bin/../lib/gcc/riscv32-unknown-elf/8.2.0/libgcc.a(_divdi3.o) (__clz_tab)
/home/nikhil/Projects/RISCV/Toolchain/RV32IMA/riscv/bin/../lib/gcc/riscv32-unknown-elf/8.2.0/../../../../riscv32-unknown-elf/lib/libc.a(lib_a-atexit.o)
                              /home/nikhil/Projects/RISCV/Toolchain/RV32IMA/riscv/bin/../lib/gcc/riscv32-unknown-elf/8.2.0/../../../../riscv32-unknown-elf/lib/crt0.o (atexit)
/home/nikhil/Projects/RISCV/Toolchain/RV32IMA/riscv/bin/../lib/gcc/riscv32-unknown-elf/8.2.0/../../../../riscv32-unknown-elf/lib/libc.a(lib_a-errno.o)
                              ./lib/syscalls.o (__errno)
/home/nikhil/Projects/RISCV/Toolchain/RV32IMA/riscv/bin/../lib/gcc/riscv32-unknown-elf/8.2.0/../../../../riscv32-unknown-elf/lib/libc.a(lib_a-exit.o)
                              /home/nikhil/Projects/RISCV/Toolchain/RV32IMA/riscv/bin/../lib/gcc/riscv32-unknown-elf/8.2.0/../../../../riscv32-unknown-elf/lib/crt0.o (exit)
/home/nikhil/Projects/RISCV/Toolchain/RV32IMA/riscv/bin/../lib/gcc/riscv32-unknown-elf/8.2.0/../../../../riscv32-unknown-elf/lib/libc.a(lib_a-fini.o)
                              /home/nikhil/Projects/RISCV/Toolchain/RV32IMA/riscv/bin/../lib/gcc/riscv32-unknown-elf/8.2.0/../../../../riscv32-unknown-elf/lib/crt0.o (__libc_fini_array)
/home/nikhil/Projects/RISCV/Toolchain/RV32IMA/riscv/bin/../lib/gcc/riscv32-unknown-elf/8.2.0/../../../../riscv32-unknown-elf/lib/libc.a(lib_a-fprintf.o)
                              /tmp/ccIGJ0RG.o (fprintf)
/home/nikhil/Projects/RISCV/Toolchain/RV32IMA/riscv/bin/../lib/gcc/riscv32-unknown-elf/8.2.0/../../../../riscv32-unknown-elf/lib/libc.a(lib_a-fwrite.o)
                              /tmp/ccIGJ0RG.o (fwrite)
/home/nikhil/Projects/RISCV/Toolchain/RV32IMA/riscv/bin/../lib/gcc/riscv32-unknown-elf/8.2.0/../../../../riscv32-unknown-elf/lib/libc.a(lib_a-impure.o)
                              /home/nikhil/Projects/RISCV/Toolchain/RV32IMA/riscv/bin/../lib/gcc/riscv32-unknown-elf/8.2.0/../../../../riscv32-unknown-elf/lib/libc.a(lib_a-exit.o) (_global_impure_ptr)
/home/nikhil/Projects/RISCV/Toolchain/RV32IMA/riscv/bin/../lib/gcc/riscv32-unknown-elf/8.2.0/../../../../riscv32-unknown-elf/lib/libc.a(lib_a-init.o)
                              /home/nikhil/Projects/RISCV/Toolchain/RV32IMA/riscv/bin/../lib/gcc/riscv32-unknown-elf/8.2.0/../../../../riscv32-unknown-elf/lib/crt0.o (__libc_init_array)
/home/nikhil/Projects/RISCV/Toolchain/RV32IMA/riscv/bin/../lib/gcc/riscv32-unknown-elf/8.2.0/../../../../riscv32-unknown-elf/lib/libc.a(lib_a-memset.o)
                              /home/nikhil/Projects/RISCV/Toolchain/RV32IMA/riscv/bin/../lib/gcc/riscv32-unknown-elf/8.2.0/../../../../riscv32-unknown-elf/lib/crt0.o (memset)
/home/nikhil/Projects/RISCV/Toolchain/RV32IMA/riscv/bin/../lib/gcc/riscv32-unknown-elf/8.2.0/../../../../riscv32-unknown-elf/lib/libc.a(lib_a-vfprintf.o)
                              /home/nikhil/Projects/RISCV/Toolchain/RV32IMA/riscv/bin/../lib/gcc/riscv32-unknown-elf/8.2.0/../../../../riscv32-unknown-elf/lib/libc.a(lib_a-fprintf.o) (_vfprintf_r)
/home/nikhil/Projects/RISCV/Toolchain/RV32IMA/riscv/bin/../lib/gcc/riscv32-unknown-elf/8.2.0/../../../../riscv32-unknown-elf/lib/libc.a(lib_a-wsetup.o)
                              /home/nikhil/Projects/RISCV/Toolchain/RV32IMA/riscv/bin/../lib/gcc/riscv32-unknown-elf/8.2.0/../../../../riscv32-unknown-elf/lib/libc.a(lib_a-vfprintf.o) (__swsetup_r)
/home/nikhil/Projects/RISCV/Toolchain/RV32IMA/riscv/bin/../lib/gcc/riscv32-unknown-elf/8.2.0/../../../../riscv32-unknown-elf/lib/libc.a(lib_a-__atexit.o)
                              /home/nikhil/Projects/RISCV/Toolchain/RV32IMA/riscv/bin/../lib/gcc/riscv32-unknown-elf/8.2.0/../../../../riscv32-unknown-elf/lib/libc.a(lib_a-atexit.o) (__register_exitproc)
/home/nikhil/Projects/RISCV/Toolchain/RV32IMA/riscv/bin/../lib/gcc/riscv32-unknown-elf/8.2.0/../../../../riscv32-unknown-elf/lib/libc.a(lib_a-__call_atexit.o)
                              /home/nikhil/Projects/RISCV/Toolchain/RV32IMA/riscv/bin/../lib/gcc/riscv32-unknown-elf/8.2.0/../../../../riscv32-unknown-elf/lib/libc.a(lib_a-exit.o) (__call_exitprocs)
/home/nikhil/Projects/RISCV/Toolchain/RV32IMA/riscv/bin/../lib/gcc/riscv32-unknown-elf/8.2.0/../../../../riscv32-unknown-elf/lib/libc.a(lib_a-fflush.o)
[...]
Memory Configuration

Name             Origin             Length             Attributes
*default*        0x0000000000000000 0xffffffffffffffff

Linker script and memory map

LOAD ./lib/syscalls.o
LOAD ./lib/riscv_counters.o
LOAD ./lib/ns16550.o
Address of section .text-segment set to 0x80000000
LOAD /tmp/ccIGJ0RG.o
LOAD /home/nikhil/Projects/RISCV/Toolchain/RV32IMA/riscv/bin/../lib/gcc/riscv32-unknown-elf/8.2.0/../../../../riscv32-unknown-elf/lib/libm.a
LOAD /home/nikhil/Projects/RISCV/Toolchain/RV32IMA/riscv/bin/../lib/gcc/riscv32-unknown-elf/8.2.0/libgcc.a
LOAD /home/nikhil/Projects/RISCV/Toolchain/RV32IMA/riscv/bin/../lib/gcc/riscv32-unknown-elf/8.2.0/../../../../riscv32-unknown-elf/lib/libnosys.a
LOAD /home/nikhil/Projects/RISCV/Toolchain/RV32IMA/riscv/bin/../lib/gcc/riscv32-unknown-elf/8.2.0/libgcc.a
START GROUP
LOAD /home/nikhil/Projects/RISCV/Toolchain/RV32IMA/riscv/bin/../lib/gcc/riscv32-unknown-elf/8.2.0/libgcc.a
LOAD /home/nikhil/Projects/RISCV/Toolchain/RV32IMA/riscv/bin/../lib/gcc/riscv32-unknown-elf/8.2.0/../../../../riscv32-unknown-elf/lib/libc.a
LOAD /home/nikhil/Projects/RISCV/Toolchain/RV32IMA/riscv/bin/../lib/gcc/riscv32-unknown-elf/8.2.0/../../../../riscv32-unknown-elf/lib/libnosys.a
END GROUP
LOAD /home/nikhil/Projects/RISCV/Toolchain/RV32IMA/riscv/bin/../lib/gcc/riscv32-unknown-elf/8.2.0/crtend.o
                [!provide]                        PROVIDE (__executable_start = SEGMENT_START ("text-segment", 0x10000))
                0x0000000080000074                . = (SEGMENT_START ("text-segment", 0x10000) + SIZEOF_HEADERS)

.interp
 *(.interp)

.note.gnu.build-id
 *(.note.gnu.build-id)

.hash
 *(.hash)

.gnu.hash
 *(.gnu.hash)

.dynsym
 *(.dynsym)

.dynstr
 *(.dynstr)

.gnu.version
 *(.gnu.version)

.gnu.version_d
 *(.gnu.version_d)

.gnu.version_r
 *(.gnu.version_r)

.rela.dyn       0x0000000080000074        0x0
 *(.rela.init)
 *(.rela.text .rela.text.* .rela.gnu.linkonce.t.*)
 .rela.text     0x0000000080000074        0x0 /home/nikhil/Projects/RISCV/Toolchain/RV32IMA/riscv/bin/../lib/gcc/riscv32-unknown-elf/8.2.0/../../../../riscv32-unknown-elf/lib/crt0.o
 *(.rela.fini)
 *(.rela.rodata .rela.rodata.* .rela.gnu.linkonce.r.*)
 *(.rela.data .rela.data.* .rela.gnu.linkonce.d.*)
 *(.rela.tdata .rela.tdata.* .rela.gnu.linkonce.td.*)
 *(.rela.tbss .rela.tbss.* .rela.gnu.linkonce.tb.*)
 *(.rela.ctors)
 *(.rela.dtors)
 *(.rela.got)
 *(.rela.sdata .rela.sdata.* .rela.gnu.linkonce.s.*)
 *(.rela.sbss .rela.sbss.* .rela.gnu.linkonce.sb.*)
 *(.rela.sdata2 .rela.sdata2.* .rela.gnu.linkonce.s2.*)
 *(.rela.sbss2 .rela.sbss2.* .rela.gnu.linkonce.sb2.*)
 *(.rela.bss .rela.bss.* .rela.gnu.linkonce.b.*)
                [!provide]                        PROVIDE (__rela_iplt_start = .)
 *(.rela.iplt)
                [!provide]                        PROVIDE (__rela_iplt_end = .)

.rela.plt
 *(.rela.plt)

.init
 *(SORT_NONE(.init))

.plt
 *(.plt)

.iplt
 *(.iplt)

.text           0x0000000080000074    0x11b30
 *(.text.unlikely .text.*_unlikely .text.unlikely.*)
 *(.text.exit .text.exit.*)
 *(.text.startup .text.startup.*)
 *(.text.hot .text.hot.*)
 *(.text .stub .text.* .gnu.linkonce.t.*)
 .text          0x0000000080000074       0x48 /home/nikhil/Projects/RISCV/Toolchain/RV32IMA/riscv/bin/../lib/gcc/riscv32-unknown-elf/8.2.0/../../../../riscv32-unknown-elf/lib/crt0.o
                0x0000000080000074                _start
                0x00000000800000b8                _init
                0x00000000800000b8                _fini
 .text          0x00000000800000bc       0xcc /home/nikhil/Projects/RISCV/Toolchain/RV32IMA/riscv/bin/../lib/gcc/riscv32-unknown-elf/8.2.0/crtbegin.o
 .text          0x0000000080000188      0x4ec ./lib/syscalls.o
                0x0000000080000188                read
                0x0000000080000214                write
                0x0000000080000280                gettimeofday
                0x000000008000037c                sleep
                0x0000000080000428                _sbrk
                0x0000000080000464                _write
                0x00000000800004d0                _close
                0x000000008000050c                _lseek
                0x0000000080000550                _read
                0x0000000080000594                _fstat
                0x00000000800005d4                _isatty
                0x0000000080000610                _kill
                0x0000000080000650                _getpid
 .text          0x0000000080000674       0x9c ./lib/riscv_counters.o
                0x0000000080000674                read_cycle
                0x00000000800006a8                read_time
                0x00000000800006dc                read_instret
 .text          0x0000000080000710      0x1e4 ./lib/ns16550.o
                0x00000000800007e8                ns16550_rxready
                0x0000000080000820                ns16550_rxchar
                0x0000000080000868                ns16550_txchar
                0x00000000800008bc                ns16550_flush
 .text          0x00000000800008f4      0x778 /tmp/ccIGJ0RG.o
                0x00000000800008f4                merge_engine
                0x0000000080000ad0                mergesort
                0x0000000080000bd0                mergesort_accelerated
                0x0000000080000c74                dump_array
                0x0000000080000d18                run
                0x0000000080000fcc                main
 .text          0x000000008000106c      0x480 /home/nikhil/Projects/RISCV/Toolchain/RV32IMA/riscv/bin/../lib/gcc/riscv32-unknown-elf/8.2.0/libgcc.a(_divdi3.o)
                0x000000008000106c                __divdi3
 .text          0x00000000800014ec      0x458 /home/nikhil/Projects/RISCV/Toolchain/RV32IMA/riscv/bin/../lib/gcc/riscv32-unknown-elf/8.2.0/libgcc.a(_moddi3.o)
                0x00000000800014ec                __moddi3
 .text          0x0000000080001944        0x0 /home/nikhil/Projects/RISCV/Toolchain/RV32IMA/riscv/bin/../lib/gcc/riscv32-unknown-elf/8.2.0/libgcc.a(_clz.o)
 .text          0x0000000080001944       0x14 /home/nikhil/Projects/RISCV/Toolchain/RV32IMA/riscv/bin/../lib/gcc/riscv32-unknown-elf/8.2.0/../../../../riscv32-unknown-elf/lib/libc.a(lib_a-atexit.o)
                0x0000000080001944                atexit
 .text          0x0000000080001958        0xc /home/nikhil/Projects/RISCV/Toolchain/RV32IMA/riscv/bin/../lib/gcc/riscv32-unknown-elf/8.2.0/../../../../riscv32-unknown-elf/lib/libc.a(lib_a-errno.o)
                0x0000000080001958                __errno
 .text          0x0000000080001964       0x34 /home/nikhil/Projects/RISCV/Toolchain/RV32IMA/riscv/bin/../lib/gcc/riscv32-unknown-elf/8.2.0/../../../../riscv32-unknown-elf/lib/libc.a(lib_a-exit.o)
                0x0000000080001964                exit
 .text          0x0000000080001998       0x5c /home/nikhil/Projects/RISCV/Toolchain/RV32IMA/riscv/bin/../lib/gcc/riscv32-unknown-elf/8.2.0/../../../../riscv32-unknown-elf/lib/libc.a(lib_a-fini.o)
                0x0000000080001998                __libc_fini_array
 .text          0x00000000800019f4       0x7c /home/nikhil/Projects/RISCV/Toolchain/RV32IMA/riscv/bin/../lib/gcc/riscv32-unknown-elf/8.2.0/../../../../riscv32-unknown-elf/lib/libc.a(lib_a-fprintf.o)
                0x00000000800019f4                _fprintf_r
                0x0000000080001a28                fprintf
 .text          0x0000000080001a70       0xe4 /home/nikhil/Projects/RISCV/Toolchain/RV32IMA/riscv/bin/../lib/gcc/riscv32-unknown-elf/8.2.0/../../../../riscv32-unknown-elf/lib/libc.a(lib_a-fwrite.o)
                0x0000000080001a70                _fwrite_r
                0x0000000080001b38                fwrite
 .text          0x0000000080001b54        0x0 /home/nikhil/Projects/RISCV/Toolchain/RV32IMA/riscv/bin/../lib/gcc/riscv32-unknown-elf/8.2.0/../../../../riscv32-unknown-elf/lib/libc.a(lib_a-impure.o)
 .text          0x0000000080001b54       0xa8 /home/nikhil/Projects/RISCV/Toolchain/RV32IMA/riscv/bin/../lib/gcc/riscv32-unknown-elf/8.2.0/../../../../riscv32-unknown-elf/lib/libc.a(lib_a-init.o)
                0x0000000080001b54                __libc_init_array
 .text          0x0000000080001bfc       0xdc /home/nikhil/Projects/RISCV/Toolchain/RV32IMA/riscv/bin/../lib/gcc/riscv32-unknown-elf/8.2.0/../../../../riscv32-unknown-elf/lib/libc.a(lib_a-memset.o)
                0x0000000080001bfc                memset
 .text          0x0000000080001cd8     0x2080 /home/nikhil/Projects/RISCV/Toolchain/RV32IMA/riscv/bin/../lib/gcc/riscv32-unknown-elf/8.2.0/../../../../riscv32-unknown-elf/lib/libc.a(lib_a-vfprintf.o)
                0x0000000080001cd8                _vfprintf_r
                0x0000000080003c84                vfprintf
 .text          0x0000000080003d58      0x138 /home/nikhil/Projects/RISCV/Toolchain/RV32IMA/riscv/bin/../lib/gcc/riscv32-unknown-elf/8.2.0/../../../../riscv32-unknown-elf/lib/libc.a(lib_a-wsetup.o)
                0x0000000080003d58                __swsetup_r
 .text          0x0000000080003e90       0x80 /home/nikhil/Projects/RISCV/Toolchain/RV32IMA/riscv/bin/../lib/gcc/riscv32-unknown-elf/8.2.0/../../../../riscv32-unknown-elf/lib/libc.a(lib_a-__atexit.o)
                0x0000000080003e90                __register_exitproc
 .text          0x0000000080003f10      0x110 /home/nikhil/Projects/RISCV/Toolchain/RV32IMA/riscv/bin/../lib/gcc/riscv32-unknown-elf/8.2.0/../../../../riscv32-unknown-elf/lib/libc.a(lib_a-__call_atexit.o)
                0x0000000080003f10                __call_exitprocs
 .text          0x0000000080004020      0x288 /home/nikhil/Projects/RISCV/Toolchain/RV32IMA/riscv/bin/../lib/gcc/riscv32-unknown-elf/8.2.0/../../../../riscv32-unknown-elf/lib/libc.a(lib_a-fflush.o)
                0x0000000080004020                __sflush_r
                0x0000000080004228                _fflush_r
                0x0000000080004280                fflush
 .text          0x00000000800042a8      0x2c4 /home/nikhil/Projects/RISCV/Toolchain/RV32IMA/riscv/bin/../lib/gcc/riscv32-unknown-elf/8.2.0/../../../../riscv32-unknown-elf/lib/libc.a(lib_a-findfp.o)
                0x0000000080004338                _cleanup_r
                0x000000008000434c                __sfmoreglue
                0x00000000800043b8                _cleanup
                0x00000000800043c4                __sinit
                0x0000000080004448                __sfp
                0x0000000080004534                __sfp_lock_acquire
                0x0000000080004538                __sfp_lock_release
                0x000000008000453c                __sinit_lock_acquire
                0x0000000080004540                __sinit_lock_release
                0x0000000080004544                __fp_lock_all
                0x0000000080004558                __fp_unlock_all
 .text          0x000000008000456c      0x364 /home/nikhil/Projects/RISCV/Toolchain/RV32IMA/riscv/bin/../lib/gcc/riscv32-unknown-elf/8.2.0/../../../../riscv32-unknown-elf/lib/libc.a(lib_a-freer.o)
                0x000000008000456c                _malloc_trim_r
                0x000000008000467c                _free_r
 .text          0x00000000800048d0      0x460 /home/nikhil/Projects/RISCV/Toolchain/RV32IMA/riscv/bin/../lib/gcc/riscv32-unknown-elf/8.2.0/../../../../riscv32-unknown-elf/lib/libc.a(lib_a-fvwrite.o)
                0x00000000800048d0                __sfvwrite_r
 .text          0x0000000080004d30      0x154 /home/nikhil/Projects/RISCV/Toolchain/RV32IMA/riscv/bin/../lib/gcc/riscv32-unknown-elf/8.2.0/../../../../riscv32-unknown-elf/lib/libc.a(lib_a-fwalk.o)
                0x0000000080004d30                _fwalk
                0x0000000080004dd0                _fwalk_reent
 .text          0x0000000080004e84     0x1f80 /home/nikhil/Projects/RISCV/Toolchain/RV32IMA/riscv/bin/../lib/gcc/riscv32-unknown-elf/8.2.0/../../../../riscv32-unknown-elf/lib/libc.a(lib_a-ldtoa.o)
                0x00000000800061a8                _ldtoa_r
                0x0000000080006da0                _ldcheck
 .text          0x0000000080006e04       0x40 /home/nikhil/Projects/RISCV/Toolchain/RV32IMA/riscv/bin/../lib/gcc/riscv32-unknown-elf/8.2.0/../../../../riscv32-unknown-elf/lib/libc.a(lib_a-localeconv.o)
                0x0000000080006e04                __localeconv_l
                0x0000000080006e0c                _localeconv_r
                0x0000000080006e28                localeconv
 .text          0x0000000080006e44       0xd0 /home/nikhil/Projects/RISCV/Toolchain/RV32IMA/riscv/bin/../lib/gcc/riscv32-unknown-elf/8.2.0/../../../../riscv32-unknown-elf/lib/libc.a(lib_a-locale.o)
                0x0000000080006e44                _setlocale_r
                0x0000000080006ec0                __locale_mb_cur_max
                0x0000000080006edc                __locale_ctype_ptr_l
                0x0000000080006ee4                __locale_ctype_ptr
                0x0000000080006f00                setlocale
 .text          0x0000000080006f14      0x18c /home/nikhil/Projects/RISCV/Toolchain/RV32IMA/riscv/bin/../lib/gcc/riscv32-unknown-elf/8.2.0/../../../../riscv32-unknown-elf/lib/libc.a(lib_a-makebuf.o)
                0x0000000080006f14                __swhatbuf_r
                0x0000000080006fb0                __smakebuf_r
 .text          0x00000000800070a0      0x664 /home/nikhil/Projects/RISCV/Toolchain/RV32IMA/riscv/bin/../lib/gcc/riscv32-unknown-elf/8.2.0/../../../../riscv32-unknown-elf/lib/libc.a(lib_a-mallocr.o)
                0x00000000800070a0                _malloc_r
 .text          0x0000000080007704       0x78 /home/nikhil/Projects/RISCV/Toolchain/RV32IMA/riscv/bin/../lib/gcc/riscv32-unknown-elf/8.2.0/../../../../riscv32-unknown-elf/lib/libc.a(lib_a-mbtowc_r.o)
                0x0000000080007704                _mbtowc_r
                0x0000000080007720                __ascii_mbtowc
 .text          0x000000008000777c       0x24 /home/nikhil/Projects/RISCV/Toolchain/RV32IMA/riscv/bin/../lib/gcc/riscv32-unknown-elf/8.2.0/../../../../riscv32-unknown-elf/lib/libc.a(lib_a-memchr.o)
                0x000000008000777c                memchr
 .text          0x00000000800077a0       0xd8 /home/nikhil/Projects/RISCV/Toolchain/RV32IMA/riscv/bin/../lib/gcc/riscv32-unknown-elf/8.2.0/../../../../riscv32-unknown-elf/lib/libc.a(lib_a-memcpy.o)
                0x00000000800077a0                memcpy
 .text          0x0000000080007878       0x5c /home/nikhil/Projects/RISCV/Toolchain/RV32IMA/riscv/bin/../lib/gcc/riscv32-unknown-elf/8.2.0/../../../../riscv32-unknown-elf/lib/libc.a(lib_a-memmove.o)
                0x0000000080007878                memmove
 .text          0x00000000800078d4        0x8 /home/nikhil/Projects/RISCV/Toolchain/RV32IMA/riscv/bin/../lib/gcc/riscv32-unknown-elf/8.2.0/../../../../riscv32-unknown-elf/lib/libc.a(lib_a-mlock.o)
                0x00000000800078d4                __malloc_lock
                0x00000000800078d8                __malloc_unlock
 .text          0x00000000800078dc      0xe7c /home/nikhil/Projects/RISCV/Toolchain/RV32IMA/riscv/bin/../lib/gcc/riscv32-unknown-elf/8.2.0/../../../../riscv32-unknown-elf/lib/libc.a(lib_a-mprec.o)
                0x00000000800078dc                _Balloc
                0x0000000080007984                _Bfree
                0x00000000800079a8                __multadd
                0x0000000080007aa4                __s2b
                0x0000000080007bb0                __hi0bits
                0x0000000080007c20                __lo0bits
                0x0000000080007cd0                __i2b
                0x0000000080007d04                __multiply
                0x0000000080007ec4                __pow5mult
                0x0000000080007fc0                __lshift
                0x00000000800080fc                __mcmp
                0x0000000080008150                __mdiff
                0x00000000800082c0                __ulp
                0x000000008000831c                __b2d
                0x0000000080008420                __d2b
                0x000000008000855c                __ratio
                0x0000000080008618                _mprec_log10
                0x00000000800086a0                __copybits
                0x00000000800086f0                __any_on
 .text          0x0000000080008758      0x544 /home/nikhil/Projects/RISCV/Toolchain/RV32IMA/riscv/bin/../lib/gcc/riscv32-unknown-elf/8.2.0/../../../../riscv32-unknown-elf/lib/libc.a(lib_a-reallocr.o)
                0x0000000080008758                _realloc_r
 .text          0x0000000080008c9c       0x4c /home/nikhil/Projects/RISCV/Toolchain/RV32IMA/riscv/bin/../lib/gcc/riscv32-unknown-elf/8.2.0/../../../../riscv32-unknown-elf/lib/libc.a(lib_a-sbrkr.o)
                0x0000000080008c9c                _sbrk_r
 .text          0x0000000080008ce8       0xb4 /home/nikhil/Projects/RISCV/Toolchain/RV32IMA/riscv/bin/../lib/gcc/riscv32-unknown-elf/8.2.0/../../../../riscv32-unknown-elf/lib/libc.a(lib_a-s_frexp.o)
                0x0000000080008ce8                frexp
 .text          0x0000000080008d9c       0xd8 /home/nikhil/Projects/RISCV/Toolchain/RV32IMA/riscv/bin/../lib/gcc/riscv32-unknown-elf/8.2.0/../../../../riscv32-unknown-elf/lib/libc.a(lib_a-sprintf.o)
                0x0000000080008d9c                _sprintf_r
                0x0000000080008e00                sprintf
 .text          0x0000000080008e74      0x13c /home/nikhil/Projects/RISCV/Toolchain/RV32IMA/riscv/bin/../lib/gcc/riscv32-unknown-elf/8.2.0/../../../../riscv32-unknown-elf/lib/libc.a(lib_a-stdio.o)
                0x0000000080008e74                __sread
                0x0000000080008ec4                __seofread
                0x0000000080008ecc                __swrite
                0x0000000080008f50                __sseek
                0x0000000080008fa8                __sclose
 .text          0x0000000080008fb0      0x17c /home/nikhil/Projects/RISCV/Toolchain/RV32IMA/riscv/bin/../lib/gcc/riscv32-unknown-elf/8.2.0/../../../../riscv32-unknown-elf/lib/libc.a(lib_a-strcmp.o)
                0x0000000080008fb0                strcmp
 .text          0x000000008000912c       0x1c /home/nikhil/Projects/RISCV/Toolchain/RV32IMA/riscv/bin/../lib/gcc/riscv32-unknown-elf/8.2.0/../../../../riscv32-unknown-elf/lib/libc.a(lib_a-strcpy.o)
                0x000000008000912c                strcpy
 .text          0x0000000080009148       0x1c /home/nikhil/Projects/RISCV/Toolchain/RV32IMA/riscv/bin/../lib/gcc/riscv32-unknown-elf/8.2.0/../../../../riscv32-unknown-elf/lib/libc.a(lib_a-strlen.o)
                0x0000000080009148                strlen
 .text          0x0000000080009164       0x38 /home/nikhil/Projects/RISCV/Toolchain/RV32IMA/riscv/bin/../lib/gcc/riscv32-unknown-elf/8.2.0/../../../../riscv32-unknown-elf/lib/libc.a(lib_a-strncpy.o)
                0x0000000080009164                strncpy
 .text          0x000000008000919c     0x1f50 /home/nikhil/Projects/RISCV/Toolchain/RV32IMA/riscv/bin/../lib/gcc/riscv32-unknown-elf/8.2.0/../../../../riscv32-unknown-elf/lib/libc.a(lib_a-svfprintf.o)
                0x000000008000919c                _svfprintf_r
 .text          0x000000008000b0ec      0xe68 /home/nikhil/Projects/RISCV/Toolchain/RV32IMA/riscv/bin/../lib/gcc/riscv32-unknown-elf/8.2.0/../../../../riscv32-unknown-elf/lib/libc.a(lib_a-vfiprintf.o)
                0x000000008000b0ec                __sprint_r
                0x000000008000b1e8                _vfiprintf_r
                0x000000008000be80                vfiprintf
 .text          0x000000008000bf54       0x4c /home/nikhil/Projects/RISCV/Toolchain/RV32IMA/riscv/bin/../lib/gcc/riscv32-unknown-elf/8.2.0/../../../../riscv32-unknown-elf/lib/libc.a(lib_a-wctomb_r.o)
                0x000000008000bf54                _wctomb_r
                0x000000008000bf70                __ascii_wctomb
 .text          0x000000008000bfa0       0x54 /home/nikhil/Projects/RISCV/Toolchain/RV32IMA/riscv/bin/../lib/gcc/riscv32-unknown-elf/8.2.0/../../../../riscv32-unknown-elf/lib/libc.a(lib_a-writer.o)
                0x000000008000bfa0                _write_r
 .text          0x000000008000bff4       0x9c /home/nikhil/Projects/RISCV/Toolchain/RV32IMA/riscv/bin/../lib/gcc/riscv32-unknown-elf/8.2.0/../../../../riscv32-unknown-elf/lib/libc.a(lib_a-callocr.o)
                0x000000008000bff4                _calloc_r
 .text          0x000000008000c090       0x4c /home/nikhil/Projects/RISCV/Toolchain/RV32IMA/riscv/bin/../lib/gcc/riscv32-unknown-elf/8.2.0/../../../../riscv32-unknown-elf/lib/libc.a(lib_a-closer.o)
                0x000000008000c090                _close_r
 .text          0x000000008000c0dc        0x0 /home/nikhil/Projects/RISCV/Toolchain/RV32IMA/riscv/bin/../lib/gcc/riscv32-unknown-elf/8.2.0/../../../../riscv32-unknown-elf/lib/libc.a(lib_a-ctype_.o)
 .text          0x000000008000c0dc       0xec /home/nikhil/Projects/RISCV/Toolchain/RV32IMA/riscv/bin/../lib/gcc/riscv32-unknown-elf/8.2.0/../../../../riscv32-unknown-elf/lib/libc.a(lib_a-fclose.o)
                0x000000008000c0dc                _fclose_r
                0x000000008000c1b8                fclose
 .text          0x000000008000c1c8      0x198 /home/nikhil/Projects/RISCV/Toolchain/RV32IMA/riscv/bin/../lib/gcc/riscv32-unknown-elf/8.2.0/../../../../riscv32-unknown-elf/lib/libc.a(lib_a-fputwc.o)
                0x000000008000c1c8                __fputwc
                0x000000008000c2dc                _fputwc_r
                0x000000008000c308                fputwc
 .text          0x000000008000c360       0x50 /home/nikhil/Projects/RISCV/Toolchain/RV32IMA/riscv/bin/../lib/gcc/riscv32-unknown-elf/8.2.0/../../../../riscv32-unknown-elf/lib/libc.a(lib_a-fstatr.o)
                0x000000008000c360                _fstat_r
 .text          0x000000008000c3b0       0x4c /home/nikhil/Projects/RISCV/Toolchain/RV32IMA/riscv/bin/../lib/gcc/riscv32-unknown-elf/8.2.0/../../../../riscv32-unknown-elf/lib/libc.a(lib_a-isattyr.o)
                0x000000008000c3b0                _isatty_r
 .text          0x000000008000c3fc       0x54 /home/nikhil/Projects/RISCV/Toolchain/RV32IMA/riscv/bin/../lib/gcc/riscv32-unknown-elf/8.2.0/../../../../riscv32-unknown-elf/lib/libc.a(lib_a-lseekr.o)
                0x000000008000c3fc                _lseek_r
 .text          0x000000008000c450       0x54 /home/nikhil/Projects/RISCV/Toolchain/RV32IMA/riscv/bin/../lib/gcc/riscv32-unknown-elf/8.2.0/../../../../riscv32-unknown-elf/lib/libc.a(lib_a-readr.o)
                0x000000008000c450                _read_r
 .text          0x000000008000c4a4      0x154 /home/nikhil/Projects/RISCV/Toolchain/RV32IMA/riscv/bin/../lib/gcc/riscv32-unknown-elf/8.2.0/../../../../riscv32-unknown-elf/lib/libc.a(lib_a-reent.o)
                0x000000008000c4a4                cleanup_glue
                0x000000008000c4e4                _reclaim_reent
 .text          0x000000008000c5f8      0xe04 /home/nikhil/Projects/RISCV/Toolchain/RV32IMA/riscv/bin/../lib/gcc/riscv32-unknown-elf/8.2.0/../../../../riscv32-unknown-elf/lib/libc.a(lib_a-svfiprintf.o)
                0x000000008000c5f8                __ssprint_r
                0x000000008000c7c0                _svfiprintf_r
 .text          0x000000008000d3fc      0x144 /home/nikhil/Projects/RISCV/Toolchain/RV32IMA/riscv/bin/../lib/gcc/riscv32-unknown-elf/8.2.0/../../../../riscv32-unknown-elf/lib/libc.a(lib_a-wbuf.o)
                0x000000008000d3fc                __swbuf_r
                0x000000008000d52c                __swbuf
 .text          0x000000008000d540       0x9c /home/nikhil/Projects/RISCV/Toolchain/RV32IMA/riscv/bin/../lib/gcc/riscv32-unknown-elf/8.2.0/../../../../riscv32-unknown-elf/lib/libc.a(lib_a-wcrtomb.o)
                0x000000008000d540                _wcrtomb_r
                0x000000008000d5c4                wcrtomb
 .text          0x000000008000d5dc        0x4 /home/nikhil/Projects/RISCV/Toolchain/RV32IMA/riscv/bin/../lib/gcc/riscv32-unknown-elf/8.2.0/../../../../riscv32-unknown-elf/lib/libnosys.a(_exit.o)
                0x000000008000d5dc                _exit
 .text          0x000000008000d5e0      0x434 /home/nikhil/Projects/RISCV/Toolchain/RV32IMA/riscv/bin/../lib/gcc/riscv32-unknown-elf/8.2.0/libgcc.a(_udivdi3.o)
                0x000000008000d5e0                __udivdi3
 .text          0x000000008000da14      0x410 /home/nikhil/Projects/RISCV/Toolchain/RV32IMA/riscv/bin/../lib/gcc/riscv32-unknown-elf/8.2.0/libgcc.a(_umoddi3.o)
                0x000000008000da14                __umoddi3
 .text          0x000000008000de24      0x6d4 /home/nikhil/Projects/RISCV/Toolchain/RV32IMA/riscv/bin/../lib/gcc/riscv32-unknown-elf/8.2.0/libgcc.a(divdf3.o)
                0x000000008000de24                __divdf3
 .text          0x000000008000e4f8      0x5c4 /home/nikhil/Projects/RISCV/Toolchain/RV32IMA/riscv/bin/../lib/gcc/riscv32-unknown-elf/8.2.0/libgcc.a(muldf3.o)
                0x000000008000e4f8                __muldf3
 .text          0x000000008000eabc       0xcc /home/nikhil/Projects/RISCV/Toolchain/RV32IMA/riscv/bin/../lib/gcc/riscv32-unknown-elf/8.2.0/libgcc.a(eqtf2.o)
                0x000000008000eabc                __eqtf2
                0x000000008000eabc                __netf2
 .text          0x000000008000eb88      0x148 /home/nikhil/Projects/RISCV/Toolchain/RV32IMA/riscv/bin/../lib/gcc/riscv32-unknown-elf/8.2.0/libgcc.a(getf2.o)
                0x000000008000eb88                __getf2
                0x000000008000eb88                __gttf2
 .text          0x000000008000ecd0      0x148 /home/nikhil/Projects/RISCV/Toolchain/RV32IMA/riscv/bin/../lib/gcc/riscv32-unknown-elf/8.2.0/libgcc.a(letf2.o)
                0x000000008000ecd0                __letf2
                0x000000008000ecd0                __lttf2
 .text          0x000000008000ee18     0x100c /home/nikhil/Projects/RISCV/Toolchain/RV32IMA/riscv/bin/../lib/gcc/riscv32-unknown-elf/8.2.0/libgcc.a(multf3.o)
                0x000000008000ee18                __multf3
 .text          0x000000008000fe24     0x1518 /home/nikhil/Projects/RISCV/Toolchain/RV32IMA/riscv/bin/../lib/gcc/riscv32-unknown-elf/8.2.0/libgcc.a(subtf3.o)
                0x000000008000fe24                __subtf3
 .text          0x000000008001133c      0x150 /home/nikhil/Projects/RISCV/Toolchain/RV32IMA/riscv/bin/../lib/gcc/riscv32-unknown-elf/8.2.0/libgcc.a(fixtfsi.o)
                0x000000008001133c                __fixtfsi
 .text          0x000000008001148c      0x18c /home/nikhil/Projects/RISCV/Toolchain/RV32IMA/riscv/bin/../lib/gcc/riscv32-unknown-elf/8.2.0/libgcc.a(floatsitf.o)
                0x000000008001148c                __floatsitf
 .text          0x0000000080011618      0x20c /home/nikhil/Projects/RISCV/Toolchain/RV32IMA/riscv/bin/../lib/gcc/riscv32-unknown-elf/8.2.0/libgcc.a(extenddftf2.o)
                0x0000000080011618                __extenddftf2
 .text          0x0000000080011824      0x334 /home/nikhil/Projects/RISCV/Toolchain/RV32IMA/riscv/bin/../lib/gcc/riscv32-unknown-elf/8.2.0/libgcc.a(trunctfdf2.o)
                0x0000000080011824                __trunctfdf2
 .text          0x0000000080011b58       0x4c /home/nikhil/Projects/RISCV/Toolchain/RV32IMA/riscv/bin/../lib/gcc/riscv32-unknown-elf/8.2.0/libgcc.a(_clzsi2.o)
                0x0000000080011b58                __clzsi2
 .text          0x0000000080011ba4        0x0 /home/nikhil/Projects/RISCV/Toolchain/RV32IMA/riscv/bin/../lib/gcc/riscv32-unknown-elf/8.2.0/crtend.o
 *(.gnu.warning)

.fini
 *(SORT_NONE(.fini))
                [!provide]                        PROVIDE (__etext = .)
                [!provide]                        PROVIDE (_etext = .)
                [!provide]                        PROVIDE (etext = .)

.rodata         0x0000000080011ba8      0xd9c
 *(.rodata .rodata.* .gnu.linkonce.r.*)
 .rodata        0x0000000080011ba8       0xbd /tmp/ccIGJ0RG.o
 *fill*         0x0000000080011c65        0x3 
 .rodata        0x0000000080011c68      0x100 /home/nikhil/Projects/RISCV/Toolchain/RV32IMA/riscv/bin/../lib/gcc/riscv32-unknown-elf/8.2.0/libgcc.a(_clz.o)
                0x0000000080011c68                __clz_tab
 .rodata        0x0000000080011d68      0x18c /home/nikhil/Projects/RISCV/Toolchain/RV32IMA/riscv/bin/../lib/gcc/riscv32-unknown-elf/8.2.0/../../../../riscv32-unknown-elf/lib/libc.a(lib_a-vfprintf.o)
 .rodata.str1.4
                0x0000000080011ef4       0x3a /home/nikhil/Projects/RISCV/Toolchain/RV32IMA/riscv/bin/../lib/gcc/riscv32-unknown-elf/8.2.0/../../../../riscv32-unknown-elf/lib/libc.a(lib_a-vfprintf.o)
 *fill*         0x0000000080011f2e        0x2 
 .rodata        0x0000000080011f30      0x254 /home/nikhil/Projects/RISCV/Toolchain/RV32IMA/riscv/bin/../lib/gcc/riscv32-unknown-elf/8.2.0/../../../../riscv32-unknown-elf/lib/libc.a(lib_a-ldtoa.o)
 .rodata.str1.4
                0x0000000080012184       0x28 /home/nikhil/Projects/RISCV/Toolchain/RV32IMA/riscv/bin/../lib/gcc/riscv32-unknown-elf/8.2.0/../../../../riscv32-unknown-elf/lib/libc.a(lib_a-ldtoa.o)
 .rodata.str1.4
                0x00000000800121ac       0x10 /home/nikhil/Projects/RISCV/Toolchain/RV32IMA/riscv/bin/../lib/gcc/riscv32-unknown-elf/8.2.0/../../../../riscv32-unknown-elf/lib/libc.a(lib_a-locale.o)
                                         0x12 (size before relaxing)
 *fill*         0x00000000800121bc        0x4 
 .rodata        0x00000000800121c0      0x128 /home/nikhil/Projects/RISCV/Toolchain/RV32IMA/riscv/bin/../lib/gcc/riscv32-unknown-elf/8.2.0/../../../../riscv32-unknown-elf/lib/libc.a(lib_a-mprec.o)
                0x00000000800121d0                __mprec_tens
                0x0000000080012298                __mprec_tinytens
                0x00000000800122c0                __mprec_bigtens
 .rodata        0x00000000800122e8      0x18c /home/nikhil/Projects/RISCV/Toolchain/RV32IMA/riscv/bin/../lib/gcc/riscv32-unknown-elf/8.2.0/../../../../riscv32-unknown-elf/lib/libc.a(lib_a-svfprintf.o)
 .rodata.str1.4
                0x0000000080012474       0x3a /home/nikhil/Projects/RISCV/Toolchain/RV32IMA/riscv/bin/../lib/gcc/riscv32-unknown-elf/8.2.0/../../../../riscv32-unknown-elf/lib/libc.a(lib_a-svfprintf.o)
 .rodata        0x0000000080012474      0x18c /home/nikhil/Projects/RISCV/Toolchain/RV32IMA/riscv/bin/../lib/gcc/riscv32-unknown-elf/8.2.0/../../../../riscv32-unknown-elf/lib/libc.a(lib_a-vfiprintf.o)
 .rodata.str1.4
                0x0000000080012600       0x25 /home/nikhil/Projects/RISCV/Toolchain/RV32IMA/riscv/bin/../lib/gcc/riscv32-unknown-elf/8.2.0/../../../../riscv32-unknown-elf/lib/libc.a(lib_a-vfiprintf.o)
 .rodata        0x0000000080012600      0x101 /home/nikhil/Projects/RISCV/Toolchain/RV32IMA/riscv/bin/../lib/gcc/riscv32-unknown-elf/8.2.0/../../../../riscv32-unknown-elf/lib/libc.a(lib_a-ctype_.o)
                0x0000000080012600                _ctype_
 *fill*         0x0000000080012701        0x3 
 .rodata        0x0000000080012704      0x18c /home/nikhil/Projects/RISCV/Toolchain/RV32IMA/riscv/bin/../lib/gcc/riscv32-unknown-elf/8.2.0/../../../../riscv32-unknown-elf/lib/libc.a(lib_a-svfiprintf.o)
 .rodata.str1.4
                0x0000000080012890       0x25 /home/nikhil/Projects/RISCV/Toolchain/RV32IMA/riscv/bin/../lib/gcc/riscv32-unknown-elf/8.2.0/../../../../riscv32-unknown-elf/lib/libc.a(lib_a-svfiprintf.o)
 .rodata        0x0000000080012890       0x3c /home/nikhil/Projects/RISCV/Toolchain/RV32IMA/riscv/bin/../lib/gcc/riscv32-unknown-elf/8.2.0/libgcc.a(divdf3.o)
 .rodata        0x00000000800128cc       0x3c /home/nikhil/Projects/RISCV/Toolchain/RV32IMA/riscv/bin/../lib/gcc/riscv32-unknown-elf/8.2.0/libgcc.a(muldf3.o)
 .rodata        0x0000000080012908       0x3c /home/nikhil/Projects/RISCV/Toolchain/RV32IMA/riscv/bin/../lib/gcc/riscv32-unknown-elf/8.2.0/libgcc.a(multf3.o)

.rodata1
 *(.rodata1)

.sdata2
 *(.sdata2 .sdata2.* .gnu.linkonce.s2.*)

.sbss2
 *(.sbss2 .sbss2.* .gnu.linkonce.sb2.*)

.eh_frame_hdr
 *(.eh_frame_hdr)
 *(.eh_frame_entry .eh_frame_entry.*)

.eh_frame
 *(.eh_frame)
 *(.eh_frame.*)

.gcc_except_table
 *(.gcc_except_table .gcc_except_table.*)

.gnu_extab
 *(.gnu_extab*)

.exception_ranges
 *(.exception_ranges .exception_ranges*)
                0x0000000080013000                . = DATA_SEGMENT_ALIGN (CONSTANT (MAXPAGESIZE), CONSTANT (COMMONPAGESIZE))

.eh_frame       0x0000000080013000       0x68
 *(.eh_frame)
 .eh_frame      0x0000000080013000        0x0 /home/nikhil/Projects/RISCV/Toolchain/RV32IMA/riscv/bin/../lib/gcc/riscv32-unknown-elf/8.2.0/crtbegin.o
 .eh_frame      0x0000000080013000       0x28 /home/nikhil/Projects/RISCV/Toolchain/RV32IMA/riscv/bin/../lib/gcc/riscv32-unknown-elf/8.2.0/libgcc.a(_divdi3.o)
 .eh_frame      0x0000000080013028       0x14 /home/nikhil/Projects/RISCV/Toolchain/RV32IMA/riscv/bin/../lib/gcc/riscv32-unknown-elf/8.2.0/libgcc.a(_moddi3.o)
                                         0x28 (size before relaxing)
 .eh_frame      0x000000008001303c       0x14 /home/nikhil/Projects/RISCV/Toolchain/RV32IMA/riscv/bin/../lib/gcc/riscv32-unknown-elf/8.2.0/libgcc.a(_udivdi3.o)
                                         0x28 (size before relaxing)
 .eh_frame      0x0000000080013050       0x14 /home/nikhil/Projects/RISCV/Toolchain/RV32IMA/riscv/bin/../lib/gcc/riscv32-unknown-elf/8.2.0/libgcc.a(_umoddi3.o)
                                         0x28 (size before relaxing)
 .eh_frame      0x0000000080013064        0x4 /home/nikhil/Projects/RISCV/Toolchain/RV32IMA/riscv/bin/../lib/gcc/riscv32-unknown-elf/8.2.0/crtend.o
 *(.eh_frame.*)

.gnu_extab
 *(.gnu_extab)

.gcc_except_table
 *(.gcc_except_table .gcc_except_table.*)

.exception_ranges
 *(.exception_ranges .exception_ranges*)

.tdata          0x0000000080013068        0x0
                [!provide]                        PROVIDE (__tdata_start = .)
 *(.tdata .tdata.* .gnu.linkonce.td.*)

.tbss
 *(.tbss .tbss.* .gnu.linkonce.tb.*)
 *(.tcommon)

.preinit_array  0x0000000080013068        0x0
                0x0000000080013068                PROVIDE (__preinit_array_start = .)
 *(.preinit_array)
                0x0000000080013068                PROVIDE (__preinit_array_end = .)

.init_array     0x0000000080013068        0x8
                0x0000000080013068                PROVIDE (__init_array_start = .)
 *(SORT_BY_INIT_PRIORITY(.init_array.*) SORT_BY_INIT_PRIORITY(.ctors.*))
 *(.init_array EXCLUDE_FILE(*crtend?.o *crtend.o *crtbegin?.o *crtbegin.o) .ctors)
 .init_array    0x0000000080013068        0x4 /home/nikhil/Projects/RISCV/Toolchain/RV32IMA/riscv/bin/../lib/gcc/riscv32-unknown-elf/8.2.0/crtbegin.o
 .init_array    0x000000008001306c        0x4 ./lib/ns16550.o
                0x0000000080013070                PROVIDE (__init_array_end = .)

.fini_array     0x0000000080013070        0x4
                0x0000000080013070                PROVIDE (__fini_array_start = .)
 *(SORT_BY_INIT_PRIORITY(.fini_array.*) SORT_BY_INIT_PRIORITY(.dtors.*))
 *(.fini_array EXCLUDE_FILE(*crtend?.o *crtend.o *crtbegin?.o *crtbegin.o) .dtors)
 .fini_array    0x0000000080013070        0x4 /home/nikhil/Projects/RISCV/Toolchain/RV32IMA/riscv/bin/../lib/gcc/riscv32-unknown-elf/8.2.0/crtbegin.o
                0x0000000080013074                PROVIDE (__fini_array_end = .)

.ctors
 *crtbegin.o(.ctors)
 *crtbegin?.o(.ctors)
 *(EXCLUDE_FILE(*crtend?.o *crtend.o) .ctors)
 *(SORT_BY_NAME(.ctors.*))
 *(.ctors)

.dtors
 *crtbegin.o(.dtors)
 *crtbegin?.o(.dtors)
 *(EXCLUDE_FILE(*crtend?.o *crtend.o) .dtors)
 *(SORT_BY_NAME(.dtors.*))
 *(.dtors)

.jcr
 *(.jcr)

.data.rel.ro
 *(.data.rel.ro.local* .gnu.linkonce.d.rel.ro.local.*)
 *(.data.rel.ro .data.rel.ro.* .gnu.linkonce.d.rel.ro.*)

.dynamic
 *(.dynamic)
                0x0000000080013074                . = DATA_SEGMENT_RELRO_END (., 0x0)

.data           0x0000000080013078      0x99c
                0x0000000080013078                __DATA_BEGIN__ = .
 *(.data .data.* .gnu.linkonce.d.*)
 .data          0x0000000080013078        0x0 /home/nikhil/Projects/RISCV/Toolchain/RV32IMA/riscv/bin/../lib/gcc/riscv32-unknown-elf/8.2.0/../../../../riscv32-unknown-elf/lib/crt0.o
 .data          0x0000000080013078        0x0 /home/nikhil/Projects/RISCV/Toolchain/RV32IMA/riscv/bin/../lib/gcc/riscv32-unknown-elf/8.2.0/crtbegin.o
 .data          0x0000000080013078        0x0 ./lib/startup.o
 .data          0x0000000080013078        0x0 ./lib/syscalls.o
 .data          0x0000000080013078        0x0 ./lib/riscv_counters.o
 .data          0x0000000080013078        0x0 ./lib/ns16550.o
 .data          0x0000000080013078        0x0 /tmp/ccIGJ0RG.o
 .data          0x0000000080013078        0x0 /home/nikhil/Projects/RISCV/Toolchain/RV32IMA/riscv/bin/../lib/gcc/riscv32-unknown-elf/8.2.0/libgcc.a(_divdi3.o)
 .data          0x0000000080013078        0x0 /home/nikhil/Projects/RISCV/Toolchain/RV32IMA/riscv/bin/../lib/gcc/riscv32-unknown-elf/8.2.0/libgcc.a(_moddi3.o)
 .data          0x0000000080013078        0x0 /home/nikhil/Projects/RISCV/Toolchain/RV32IMA/riscv/bin/../lib/gcc/riscv32-unknown-elf/8.2.0/libgcc.a(_clz.o)
 .data          0x0000000080013078        0x0 /home/nikhil/Projects/RISCV/Toolchain/RV32IMA/riscv/bin/../lib/gcc/riscv32-unknown-elf/8.2.0/../../../../riscv32-unknown-elf/lib/libc.a(lib_a-atexit.o)
 .data          0x0000000080013078        0x0 /home/nikhil/Projects/RISCV/Toolchain/RV32IMA/riscv/bin/../lib/gcc/riscv32-unknown-elf/8.2.0/../../../../riscv32-unknown-elf/lib/libc.a(lib_a-errno.o)
 .data          0x0000000080013078        0x0 /home/nikhil/Projects/RISCV/Toolchain/RV32IMA/riscv/bin/../lib/gcc/riscv32-unknown-elf/8.2.0/../../../../riscv32-unknown-elf/lib/libc.a(lib_a-exit.o)
 .data          0x0000000080013078        0x0 /home/nikhil/Projects/RISCV/Toolchain/RV32IMA/riscv/bin/../lib/gcc/riscv32-unknown-elf/8.2.0/../../../../riscv32-unknown-elf/lib/libc.a(lib_a-fini.o)
 .data          0x0000000080013078        0x0 /home/nikhil/Projects/RISCV/Toolchain/RV32IMA/riscv/bin/../lib/gcc/riscv32-unknown-elf/8.2.0/../../../../riscv32-unknown-elf/lib/libc.a(lib_a-fprintf.o)
 .data          0x0000000080013078        0x0 /home/nikhil/Projects/RISCV/Toolchain/RV32IMA/riscv/bin/../lib/gcc/riscv32-unknown-elf/8.2.0/../../../../riscv32-unknown-elf/lib/libc.a(lib_a-fwrite.o)
 .data          0x0000000080013078      0x428 /home/nikhil/Projects/RISCV/Toolchain/RV32IMA/riscv/bin/../lib/gcc/riscv32-unknown-elf/8.2.0/../../../../riscv32-unknown-elf/lib/libc.a(lib_a-impure.o)
 .data          0x00000000800134a0        0x0 /home/nikhil/Projects/RISCV/Toolchain/RV32IMA/riscv/bin/../lib/gcc/riscv32-unknown-elf/8.2.0/../../../../riscv32-unknown-elf/lib/libc.a(lib_a-init.o)
 .data          0x00000000800134a0        0x0 /home/nikhil/Projects/RISCV/Toolchain/RV32IMA/riscv/bin/../lib/gcc/riscv32-unknown-elf/8.2.0/../../../../riscv32-unknown-elf/lib/libc.a(lib_a-memset.o)
 .data          0x00000000800134a0        0x0 /home/nikhil/Projects/RISCV/Toolchain/RV32IMA/riscv/bin/../lib/gcc/riscv32-unknown-elf/8.2.0/../../../../riscv32-unknown-elf/lib/libc.a(lib_a-vfprintf.o)
 .data          0x00000000800134a0        0x0 /home/nikhil/Projects/RISCV/Toolchain/RV32IMA/riscv/bin/../lib/gcc/riscv32-unknown-elf/8.2.0/../../../../riscv32-unknown-elf/lib/libc.a(lib_a-wsetup.o)
 .data          0x00000000800134a0        0x0 /home/nikhil/Projects/RISCV/Toolchain/RV32IMA/riscv/bin/../lib/gcc/riscv32-unknown-elf/8.2.0/../../../../riscv32-unknown-elf/lib/libc.a(lib_a-__atexit.o)
 .data          0x00000000800134a0        0x0 /home/nikhil/Projects/RISCV/Toolchain/RV32IMA/riscv/bin/../lib/gcc/riscv32-unknown-elf/8.2.0/../../../../riscv32-unknown-elf/lib/libc.a(lib_a-__call_atexit.o)
 .data          0x00000000800134a0        0x0 /home/nikhil/Projects/RISCV/Toolchain/RV32IMA/riscv/bin/../lib/gcc/riscv32-unknown-elf/8.2.0/../../../../riscv32-unknown-elf/lib/libc.a(lib_a-fflush.o)
 .data          0x00000000800134a0        0x0 /home/nikhil/Projects/RISCV/Toolchain/RV32IMA/riscv/bin/../lib/gcc/riscv32-unknown-elf/8.2.0/../../../../riscv32-unknown-elf/lib/libc.a(lib_a-findfp.o)
 .data          0x00000000800134a0        0x0 /home/nikhil/Projects/RISCV/Toolchain/RV32IMA/riscv/bin/../lib/gcc/riscv32-unknown-elf/8.2.0/../../../../riscv32-unknown-elf/lib/libc.a(lib_a-freer.o)
 .data          0x00000000800134a0        0x0 /home/nikhil/Projects/RISCV/Toolchain/RV32IMA/riscv/bin/../lib/gcc/riscv32-unknown-elf/8.2.0/../../../../riscv32-unknown-elf/lib/libc.a(lib_a-fvwrite.o)
 .data          0x00000000800134a0        0x0 /home/nikhil/Projects/RISCV/Toolchain/RV32IMA/riscv/bin/../lib/gcc/riscv32-unknown-elf/8.2.0/../../../../riscv32-unknown-elf/lib/libc.a(lib_a-fwalk.o)
 .data          0x00000000800134a0        0x0 /home/nikhil/Projects/RISCV/Toolchain/RV32IMA/riscv/bin/../lib/gcc/riscv32-unknown-elf/8.2.0/../../../../riscv32-unknown-elf/lib/libc.a(lib_a-ldtoa.o)
 .data          0x00000000800134a0        0x0 /home/nikhil/Projects/RISCV/Toolchain/RV32IMA/riscv/bin/../lib/gcc/riscv32-unknown-elf/8.2.0/../../../../riscv32-unknown-elf/lib/libc.a(lib_a-localeconv.o)
 .data          0x00000000800134a0      0x16c /home/nikhil/Projects/RISCV/Toolchain/RV32IMA/riscv/bin/../lib/gcc/riscv32-unknown-elf/8.2.0/../../../../riscv32-unknown-elf/lib/libc.a(lib_a-locale.o)
                0x00000000800134a0                __global_locale
 .data          0x000000008001360c        0x0 /home/nikhil/Projects/RISCV/Toolchain/RV32IMA/riscv/bin/../lib/gcc/riscv32-unknown-elf/8.2.0/../../../../riscv32-unknown-elf/lib/libc.a(lib_a-makebuf.o)
 .data          0x000000008001360c      0x408 /home/nikhil/Projects/RISCV/Toolchain/RV32IMA/riscv/bin/../lib/gcc/riscv32-unknown-elf/8.2.0/../../../../riscv32-unknown-elf/lib/libc.a(lib_a-mallocr.o)
                0x000000008001360c                __malloc_av_
 .data          0x0000000080013a14        0x0 /home/nikhil/Projects/RISCV/Toolchain/RV32IMA/riscv/bin/../lib/gcc/riscv32-unknown-elf/8.2.0/../../../../riscv32-unknown-elf/lib/libc.a(lib_a-mbtowc_r.o)
 .data          0x0000000080013a14        0x0 /home/nikhil/Projects/RISCV/Toolchain/RV32IMA/riscv/bin/../lib/gcc/riscv32-unknown-elf/8.2.0/../../../../riscv32-unknown-elf/lib/libc.a(lib_a-memchr.o)
 .data          0x0000000080013a14        0x0 /home/nikhil/Projects/RISCV/Toolchain/RV32IMA/riscv/bin/../lib/gcc/riscv32-unknown-elf/8.2.0/../../../../riscv32-unknown-elf/lib/libc.a(lib_a-memcpy.o)
 .data          0x0000000080013a14        0x0 /home/nikhil/Projects/RISCV/Toolchain/RV32IMA/riscv/bin/../lib/gcc/riscv32-unknown-elf/8.2.0/../../../../riscv32-unknown-elf/lib/libc.a(lib_a-memmove.o)
 .data          0x0000000080013a14        0x0 /home/nikhil/Projects/RISCV/Toolchain/RV32IMA/riscv/bin/../lib/gcc/riscv32-unknown-elf/8.2.0/../../../../riscv32-unknown-elf/lib/libc.a(lib_a-mlock.o)
 .data          0x0000000080013a14        0x0 /home/nikhil/Projects/RISCV/Toolchain/RV32IMA/riscv/bin/../lib/gcc/riscv32-unknown-elf/8.2.0/../../../../riscv32-unknown-elf/lib/libc.a(lib_a-mprec.o)
 .data          0x0000000080013a14        0x0 /home/nikhil/Projects/RISCV/Toolchain/RV32IMA/riscv/bin/../lib/gcc/riscv32-unknown-elf/8.2.0/../../../../riscv32-unknown-elf/lib/libc.a(lib_a-reallocr.o)
 .data          0x0000000080013a14        0x0 /home/nikhil/Projects/RISCV/Toolchain/RV32IMA/riscv/bin/../lib/gcc/riscv32-unknown-elf/8.2.0/../../../../riscv32-unknown-elf/lib/libc.a(lib_a-sbrkr.o)
 .data          0x0000000080013a14        0x0 /home/nikhil/Projects/RISCV/Toolchain/RV32IMA/riscv/bin/../lib/gcc/riscv32-unknown-elf/8.2.0/../../../../riscv32-unknown-elf/lib/libc.a(lib_a-s_frexp.o)
 .data          0x0000000080013a14        0x0 /home/nikhil/Projects/RISCV/Toolchain/RV32IMA/riscv/bin/../lib/gcc/riscv32-unknown-elf/8.2.0/../../../../riscv32-unknown-elf/lib/libc.a(lib_a-sprintf.o)
 .data          0x0000000080013a14        0x0 /home/nikhil/Projects/RISCV/Toolchain/RV32IMA/riscv/bin/../lib/gcc/riscv32-unknown-elf/8.2.0/../../../../riscv32-unknown-elf/lib/libc.a(lib_a-stdio.o)
 .data          0x0000000080013a14        0x0 /home/nikhil/Projects/RISCV/Toolchain/RV32IMA/riscv/bin/../lib/gcc/riscv32-unknown-elf/8.2.0/../../../../riscv32-unknown-elf/lib/libc.a(lib_a-strcmp.o)
 .data          0x0000000080013a14        0x0 /home/nikhil/Projects/RISCV/Toolchain/RV32IMA/riscv/bin/../lib/gcc/riscv32-unknown-elf/8.2.0/../../../../riscv32-unknown-elf/lib/libc.a(lib_a-strcpy.o)
 .data          0x0000000080013a14        0x0 /home/nikhil/Projects/RISCV/Toolchain/RV32IMA/riscv/bin/../lib/gcc/riscv32-unknown-elf/8.2.0/../../../../riscv32-unknown-elf/lib/libc.a(lib_a-strlen.o)
 .data          0x0000000080013a14        0x0 /home/nikhil/Projects/RISCV/Toolchain/RV32IMA/riscv/bin/../lib/gcc/riscv32-unknown-elf/8.2.0/../../../../riscv32-unknown-elf/lib/libc.a(lib_a-strncpy.o)
 .data          0x0000000080013a14        0x0 /home/nikhil/Projects/RISCV/Toolchain/RV32IMA/riscv/bin/../lib/gcc/riscv32-unknown-elf/8.2.0/../../../../riscv32-unknown-elf/lib/libc.a(lib_a-svfprintf.o)
 .data          0x0000000080013a14        0x0 /home/nikhil/Projects/RISCV/Toolchain/RV32IMA/riscv/bin/../lib/gcc/riscv32-unknown-elf/8.2.0/../../../../riscv32-unknown-elf/lib/libc.a(lib_a-vfiprintf.o)
 .data          0x0000000080013a14        0x0 /home/nikhil/Projects/RISCV/Toolchain/RV32IMA/riscv/bin/../lib/gcc/riscv32-unknown-elf/8.2.0/../../../../riscv32-unknown-elf/lib/libc.a(lib_a-wctomb_r.o)
 .data          0x0000000080013a14        0x0 /home/nikhil/Projects/RISCV/Toolchain/RV32IMA/riscv/bin/../lib/gcc/riscv32-unknown-elf/8.2.0/../../../../riscv32-unknown-elf/lib/libc.a(lib_a-writer.o)
 .data          0x0000000080013a14        0x0 /home/nikhil/Projects/RISCV/Toolchain/RV32IMA/riscv/bin/../lib/gcc/riscv32-unknown-elf/8.2.0/../../../../riscv32-unknown-elf/lib/libc.a(lib_a-callocr.o)
 .data          0x0000000080013a14        0x0 /home/nikhil/Projects/RISCV/Toolchain/RV32IMA/riscv/bin/../lib/gcc/riscv32-unknown-elf/8.2.0/../../../../riscv32-unknown-elf/lib/libc.a(lib_a-closer.o)
 .data          0x0000000080013a14        0x0 /home/nikhil/Projects/RISCV/Toolchain/RV32IMA/riscv/bin/../lib/gcc/riscv32-unknown-elf/8.2.0/../../../../riscv32-unknown-elf/lib/libc.a(lib_a-ctype_.o)
 .data          0x0000000080013a14        0x0 /home/nikhil/Projects/RISCV/Toolchain/RV32IMA/riscv/bin/../lib/gcc/riscv32-unknown-elf/8.2.0/../../../../riscv32-unknown-elf/lib/libc.a(lib_a-fclose.o)
 .data          0x0000000080013a14        0x0 /home/nikhil/Projects/RISCV/Toolchain/RV32IMA/riscv/bin/../lib/gcc/riscv32-unknown-elf/8.2.0/../../../../riscv32-unknown-elf/lib/libc.a(lib_a-fputwc.o)
 .data          0x0000000080013a14        0x0 /home/nikhil/Projects/RISCV/Toolchain/RV32IMA/riscv/bin/../lib/gcc/riscv32-unknown-elf/8.2.0/../../../../riscv32-unknown-elf/lib/libc.a(lib_a-fstatr.o)
 .data          0x0000000080013a14        0x0 /home/nikhil/Projects/RISCV/Toolchain/RV32IMA/riscv/bin/../lib/gcc/riscv32-unknown-elf/8.2.0/../../../../riscv32-unknown-elf/lib/libc.a(lib_a-isattyr.o)
 .data          0x0000000080013a14        0x0 /home/nikhil/Projects/RISCV/Toolchain/RV32IMA/riscv/bin/../lib/gcc/riscv32-unknown-elf/8.2.0/../../../../riscv32-unknown-elf/lib/libc.a(lib_a-lseekr.o)
 .data          0x0000000080013a14        0x0 /home/nikhil/Projects/RISCV/Toolchain/RV32IMA/riscv/bin/../lib/gcc/riscv32-unknown-elf/8.2.0/../../../../riscv32-unknown-elf/lib/libc.a(lib_a-readr.o)
 .data          0x0000000080013a14        0x0 /home/nikhil/Projects/RISCV/Toolchain/RV32IMA/riscv/bin/../lib/gcc/riscv32-unknown-elf/8.2.0/../../../../riscv32-unknown-elf/lib/libc.a(lib_a-reent.o)
 .data          0x0000000080013a14        0x0 /home/nikhil/Projects/RISCV/Toolchain/RV32IMA/riscv/bin/../lib/gcc/riscv32-unknown-elf/8.2.0/../../../../riscv32-unknown-elf/lib/libc.a(lib_a-svfiprintf.o)
 .data          0x0000000080013a14        0x0 /home/nikhil/Projects/RISCV/Toolchain/RV32IMA/riscv/bin/../lib/gcc/riscv32-unknown-elf/8.2.0/../../../../riscv32-unknown-elf/lib/libc.a(lib_a-wbuf.o)
 .data          0x0000000080013a14        0x0 /home/nikhil/Projects/RISCV/Toolchain/RV32IMA/riscv/bin/../lib/gcc/riscv32-unknown-elf/8.2.0/../../../../riscv32-unknown-elf/lib/libc.a(lib_a-wcrtomb.o)
 .data          0x0000000080013a14        0x0 /home/nikhil/Projects/RISCV/Toolchain/RV32IMA/riscv/bin/../lib/gcc/riscv32-unknown-elf/8.2.0/../../../../riscv32-unknown-elf/lib/libnosys.a(_exit.o)
 .data          0x0000000080013a14        0x0 /home/nikhil/Projects/RISCV/Toolchain/RV32IMA/riscv/bin/../lib/gcc/riscv32-unknown-elf/8.2.0/libgcc.a(_udivdi3.o)
 .data          0x0000000080013a14        0x0 /home/nikhil/Projects/RISCV/Toolchain/RV32IMA/riscv/bin/../lib/gcc/riscv32-unknown-elf/8.2.0/libgcc.a(_umoddi3.o)
 .data          0x0000000080013a14        0x0 /home/nikhil/Projects/RISCV/Toolchain/RV32IMA/riscv/bin/../lib/gcc/riscv32-unknown-elf/8.2.0/libgcc.a(divdf3.o)
 .data          0x0000000080013a14        0x0 /home/nikhil/Projects/RISCV/Toolchain/RV32IMA/riscv/bin/../lib/gcc/riscv32-unknown-elf/8.2.0/libgcc.a(muldf3.o)
 .data          0x0000000080013a14        0x0 /home/nikhil/Projects/RISCV/Toolchain/RV32IMA/riscv/bin/../lib/gcc/riscv32-unknown-elf/8.2.0/libgcc.a(eqtf2.o)
 .data          0x0000000080013a14        0x0 /home/nikhil/Projects/RISCV/Toolchain/RV32IMA/riscv/bin/../lib/gcc/riscv32-unknown-elf/8.2.0/libgcc.a(getf2.o)
 .data          0x0000000080013a14        0x0 /home/nikhil/Projects/RISCV/Toolchain/RV32IMA/riscv/bin/../lib/gcc/riscv32-unknown-elf/8.2.0/libgcc.a(letf2.o)
 .data          0x0000000080013a14        0x0 /home/nikhil/Projects/RISCV/Toolchain/RV32IMA/riscv/bin/../lib/gcc/riscv32-unknown-elf/8.2.0/libgcc.a(multf3.o)
 .data          0x0000000080013a14        0x0 /home/nikhil/Projects/RISCV/Toolchain/RV32IMA/riscv/bin/../lib/gcc/riscv32-unknown-elf/8.2.0/libgcc.a(subtf3.o)
 .data          0x0000000080013a14        0x0 /home/nikhil/Projects/RISCV/Toolchain/RV32IMA/riscv/bin/../lib/gcc/riscv32-unknown-elf/8.2.0/libgcc.a(fixtfsi.o)
 .data          0x0000000080013a14        0x0 /home/nikhil/Projects/RISCV/Toolchain/RV32IMA/riscv/bin/../lib/gcc/riscv32-unknown-elf/8.2.0/libgcc.a(floatsitf.o)
 .data          0x0000000080013a14        0x0 /home/nikhil/Projects/RISCV/Toolchain/RV32IMA/riscv/bin/../lib/gcc/riscv32-unknown-elf/8.2.0/libgcc.a(extenddftf2.o)
 .data          0x0000000080013a14        0x0 /home/nikhil/Projects/RISCV/Toolchain/RV32IMA/riscv/bin/../lib/gcc/riscv32-unknown-elf/8.2.0/libgcc.a(trunctfdf2.o)
 .data          0x0000000080013a14        0x0 /home/nikhil/Projects/RISCV/Toolchain/RV32IMA/riscv/bin/../lib/gcc/riscv32-unknown-elf/8.2.0/libgcc.a(_clzsi2.o)
 .data          0x0000000080013a14        0x0 /home/nikhil/Projects/RISCV/Toolchain/RV32IMA/riscv/bin/../lib/gcc/riscv32-unknown-elf/8.2.0/crtend.o

.tm_clone_table
                0x0000000080013a14        0x0
 .tm_clone_table
                0x0000000080013a14        0x0 /home/nikhil/Projects/RISCV/Toolchain/RV32IMA/riscv/bin/../lib/gcc/riscv32-unknown-elf/8.2.0/crtbegin.o
 .tm_clone_table
                0x0000000080013a14        0x0 /home/nikhil/Projects/RISCV/Toolchain/RV32IMA/riscv/bin/../lib/gcc/riscv32-unknown-elf/8.2.0/crtend.o

.data1
 *(.data1)

.got
 *(.got.plt)
 *(.igot.plt)
 *(.got)
 *(.igot)

.sdata          0x0000000080013a18       0x38
                0x0000000080013a18                __SDATA_BEGIN__ = .
 *(.srodata.cst16)
 *(.srodata.cst8)
 .srodata.cst8  0x0000000080013a18       0x10 /home/nikhil/Projects/RISCV/Toolchain/RV32IMA/riscv/bin/../lib/gcc/riscv32-unknown-elf/8.2.0/../../../../riscv32-unknown-elf/lib/libc.a(lib_a-mprec.o)
 .srodata.cst8  0x0000000080013a28        0x8 /home/nikhil/Projects/RISCV/Toolchain/RV32IMA/riscv/bin/../lib/gcc/riscv32-unknown-elf/8.2.0/../../../../riscv32-unknown-elf/lib/libc.a(lib_a-s_frexp.o)
 *(.srodata.cst4)
 *(.srodata.cst2)
 *(.srodata .srodata.*)
 .srodata       0x0000000080013a30        0x4 /home/nikhil/Projects/RISCV/Toolchain/RV32IMA/riscv/bin/../lib/gcc/riscv32-unknown-elf/8.2.0/../../../../riscv32-unknown-elf/lib/libc.a(lib_a-impure.o)
                0x0000000080013a30                _global_impure_ptr
 *(.sdata .sdata.* .gnu.linkonce.s.*)
 .sdata         0x0000000080013a34        0x4 /home/nikhil/Projects/RISCV/Toolchain/RV32IMA/riscv/bin/../lib/gcc/riscv32-unknown-elf/8.2.0/crtbegin.o
                0x0000000080013a34                __dso_handle
 .sdata         0x0000000080013a38        0x4 ./lib/ns16550.o
 .sdata         0x0000000080013a3c        0x8 /tmp/ccIGJ0RG.o
                0x0000000080013a3c                accel_0_addr_base
                0x0000000080013a40                n
 .sdata         0x0000000080013a44        0x4 /home/nikhil/Projects/RISCV/Toolchain/RV32IMA/riscv/bin/../lib/gcc/riscv32-unknown-elf/8.2.0/../../../../riscv32-unknown-elf/lib/libc.a(lib_a-impure.o)
                0x0000000080013a44                _impure_ptr
 .sdata         0x0000000080013a48        0x8 /home/nikhil/Projects/RISCV/Toolchain/RV32IMA/riscv/bin/../lib/gcc/riscv32-unknown-elf/8.2.0/../../../../riscv32-unknown-elf/lib/libc.a(lib_a-mallocr.o)
                0x0000000080013a48                __malloc_sbrk_base
                0x0000000080013a4c                __malloc_trim_threshold
                0x0000000080013a50                _edata = .
                [!provide]                        PROVIDE (edata = .)
                0x0000000080013a50                . = .
                0x0000000080013a50                __bss_start = .

.sbss           0x0000000080013a50       0x10
 *(.dynsbss)
 *(.sbss .sbss.* .gnu.linkonce.sb.*)
 .sbss          0x0000000080013a50        0x4 /home/nikhil/Projects/RISCV/Toolchain/RV32IMA/riscv/bin/../lib/gcc/riscv32-unknown-elf/8.2.0/../../../../riscv32-unknown-elf/lib/libc.a(lib_a-locale.o)
                0x0000000080013a50                _PathLocale
 .sbss          0x0000000080013a54        0xc /home/nikhil/Projects/RISCV/Toolchain/RV32IMA/riscv/bin/../lib/gcc/riscv32-unknown-elf/8.2.0/../../../../riscv32-unknown-elf/lib/libc.a(lib_a-mallocr.o)
                0x0000000080013a54                __malloc_max_total_mem
                0x0000000080013a58                __malloc_max_sbrked_mem
                0x0000000080013a5c                __malloc_top_pad
 *(.scommon)

.bss            0x0000000080013a60     0x8048
 *(.dynbss)
 *(.bss .bss.* .gnu.linkonce.b.*)
 .bss           0x0000000080013a60        0x0 /home/nikhil/Projects/RISCV/Toolchain/RV32IMA/riscv/bin/../lib/gcc/riscv32-unknown-elf/8.2.0/../../../../riscv32-unknown-elf/lib/crt0.o
 .bss           0x0000000080013a60       0x1c /home/nikhil/Projects/RISCV/Toolchain/RV32IMA/riscv/bin/../lib/gcc/riscv32-unknown-elf/8.2.0/crtbegin.o
 .bss           0x0000000080013a7c        0x0 ./lib/startup.o
 .bss           0x0000000080013a7c        0x0 ./lib/syscalls.o
 .bss           0x0000000080013a7c        0x0 ./lib/riscv_counters.o
 .bss           0x0000000080013a7c        0x0 ./lib/ns16550.o
 .bss           0x0000000080013a7c        0x0 /tmp/ccIGJ0RG.o
 .bss           0x0000000080013a7c        0x0 /home/nikhil/Projects/RISCV/Toolchain/RV32IMA/riscv/bin/../lib/gcc/riscv32-unknown-elf/8.2.0/libgcc.a(_divdi3.o)
 .bss           0x0000000080013a7c        0x0 /home/nikhil/Projects/RISCV/Toolchain/RV32IMA/riscv/bin/../lib/gcc/riscv32-unknown-elf/8.2.0/libgcc.a(_moddi3.o)
 .bss           0x0000000080013a7c        0x0 /home/nikhil/Projects/RISCV/Toolchain/RV32IMA/riscv/bin/../lib/gcc/riscv32-unknown-elf/8.2.0/libgcc.a(_clz.o)
 .bss           0x0000000080013a7c        0x0 /home/nikhil/Projects/RISCV/Toolchain/RV32IMA/riscv/bin/../lib/gcc/riscv32-unknown-elf/8.2.0/../../../../riscv32-unknown-elf/lib/libc.a(lib_a-atexit.o)
 .bss           0x0000000080013a7c        0x0 /home/nikhil/Projects/RISCV/Toolchain/RV32IMA/riscv/bin/../lib/gcc/riscv32-unknown-elf/8.2.0/../../../../riscv32-unknown-elf/lib/libc.a(lib_a-errno.o)
 .bss           0x0000000080013a7c        0x0 /home/nikhil/Projects/RISCV/Toolchain/RV32IMA/riscv/bin/../lib/gcc/riscv32-unknown-elf/8.2.0/../../../../riscv32-unknown-elf/lib/libc.a(lib_a-exit.o)
 .bss           0x0000000080013a7c        0x0 /home/nikhil/Projects/RISCV/Toolchain/RV32IMA/riscv/bin/../lib/gcc/riscv32-unknown-elf/8.2.0/../../../../riscv32-unknown-elf/lib/libc.a(lib_a-fini.o)
 .bss           0x0000000080013a7c        0x0 /home/nikhil/Projects/RISCV/Toolchain/RV32IMA/riscv/bin/../lib/gcc/riscv32-unknown-elf/8.2.0/../../../../riscv32-unknown-elf/lib/libc.a(lib_a-fprintf.o)
 .bss           0x0000000080013a7c        0x0 /home/nikhil/Projects/RISCV/Toolchain/RV32IMA/riscv/bin/../lib/gcc/riscv32-unknown-elf/8.2.0/../../../../riscv32-unknown-elf/lib/libc.a(lib_a-fwrite.o)
 .bss           0x0000000080013a7c        0x0 /home/nikhil/Projects/RISCV/Toolchain/RV32IMA/riscv/bin/../lib/gcc/riscv32-unknown-elf/8.2.0/../../../../riscv32-unknown-elf/lib/libc.a(lib_a-impure.o)
 .bss           0x0000000080013a7c        0x0 /home/nikhil/Projects/RISCV/Toolchain/RV32IMA/riscv/bin/../lib/gcc/riscv32-unknown-elf/8.2.0/../../../../riscv32-unknown-elf/lib/libc.a(lib_a-init.o)
 .bss           0x0000000080013a7c        0x0 /home/nikhil/Projects/RISCV/Toolchain/RV32IMA/riscv/bin/../lib/gcc/riscv32-unknown-elf/8.2.0/../../../../riscv32-unknown-elf/lib/libc.a(lib_a-memset.o)
 .bss           0x0000000080013a7c        0x0 /home/nikhil/Projects/RISCV/Toolchain/RV32IMA/riscv/bin/../lib/gcc/riscv32-unknown-elf/8.2.0/../../../../riscv32-unknown-elf/lib/libc.a(lib_a-vfprintf.o)
 .bss           0x0000000080013a7c        0x0 /home/nikhil/Projects/RISCV/Toolchain/RV32IMA/riscv/bin/../lib/gcc/riscv32-unknown-elf/8.2.0/../../../../riscv32-unknown-elf/lib/libc.a(lib_a-wsetup.o)
 .bss           0x0000000080013a7c        0x0 /home/nikhil/Projects/RISCV/Toolchain/RV32IMA/riscv/bin/../lib/gcc/riscv32-unknown-elf/8.2.0/../../../../riscv32-unknown-elf/lib/libc.a(lib_a-__atexit.o)
 .bss           0x0000000080013a7c        0x0 /home/nikhil/Projects/RISCV/Toolchain/RV32IMA/riscv/bin/../lib/gcc/riscv32-unknown-elf/8.2.0/../../../../riscv32-unknown-elf/lib/libc.a(lib_a-__call_atexit.o)
 .bss           0x0000000080013a7c        0x0 /home/nikhil/Projects/RISCV/Toolchain/RV32IMA/riscv/bin/../lib/gcc/riscv32-unknown-elf/8.2.0/../../../../riscv32-unknown-elf/lib/libc.a(lib_a-fflush.o)
 .bss           0x0000000080013a7c        0x0 /home/nikhil/Projects/RISCV/Toolchain/RV32IMA/riscv/bin/../lib/gcc/riscv32-unknown-elf/8.2.0/../../../../riscv32-unknown-elf/lib/libc.a(lib_a-findfp.o)
 .bss           0x0000000080013a7c        0x0 /home/nikhil/Projects/RISCV/Toolchain/RV32IMA/riscv/bin/../lib/gcc/riscv32-unknown-elf/8.2.0/../../../../riscv32-unknown-elf/lib/libc.a(lib_a-freer.o)
 .bss           0x0000000080013a7c        0x0 /home/nikhil/Projects/RISCV/Toolchain/RV32IMA/riscv/bin/../lib/gcc/riscv32-unknown-elf/8.2.0/../../../../riscv32-unknown-elf/lib/libc.a(lib_a-fvwrite.o)
 .bss           0x0000000080013a7c        0x0 /home/nikhil/Projects/RISCV/Toolchain/RV32IMA/riscv/bin/../lib/gcc/riscv32-unknown-elf/8.2.0/../../../../riscv32-unknown-elf/lib/libc.a(lib_a-fwalk.o)
 .bss           0x0000000080013a7c        0x0 /home/nikhil/Projects/RISCV/Toolchain/RV32IMA/riscv/bin/../lib/gcc/riscv32-unknown-elf/8.2.0/../../../../riscv32-unknown-elf/lib/libc.a(lib_a-ldtoa.o)
 .bss           0x0000000080013a7c        0x0 /home/nikhil/Projects/RISCV/Toolchain/RV32IMA/riscv/bin/../lib/gcc/riscv32-unknown-elf/8.2.0/../../../../riscv32-unknown-elf/lib/libc.a(lib_a-localeconv.o)
 .bss           0x0000000080013a7c        0x0 /home/nikhil/Projects/RISCV/Toolchain/RV32IMA/riscv/bin/../lib/gcc/riscv32-unknown-elf/8.2.0/../../../../riscv32-unknown-elf/lib/libc.a(lib_a-locale.o)
 .bss           0x0000000080013a7c        0x0 /home/nikhil/Projects/RISCV/Toolchain/RV32IMA/riscv/bin/../lib/gcc/riscv32-unknown-elf/8.2.0/../../../../riscv32-unknown-elf/lib/libc.a(lib_a-makebuf.o)
 .bss           0x0000000080013a7c       0x28 /home/nikhil/Projects/RISCV/Toolchain/RV32IMA/riscv/bin/../lib/gcc/riscv32-unknown-elf/8.2.0/../../../../riscv32-unknown-elf/lib/libc.a(lib_a-mallocr.o)
                0x0000000080013a7c                __malloc_current_mallinfo
 .bss           0x0000000080013aa4        0x0 /home/nikhil/Projects/RISCV/Toolchain/RV32IMA/riscv/bin/../lib/gcc/riscv32-unknown-elf/8.2.0/../../../../riscv32-unknown-elf/lib/libc.a(lib_a-mbtowc_r.o)
 .bss           0x0000000080013aa4        0x0 /home/nikhil/Projects/RISCV/Toolchain/RV32IMA/riscv/bin/../lib/gcc/riscv32-unknown-elf/8.2.0/../../../../riscv32-unknown-elf/lib/libc.a(lib_a-memchr.o)
 .bss           0x0000000080013aa4        0x0 /home/nikhil/Projects/RISCV/Toolchain/RV32IMA/riscv/bin/../lib/gcc/riscv32-unknown-elf/8.2.0/../../../../riscv32-unknown-elf/lib/libc.a(lib_a-memcpy.o)
 .bss           0x0000000080013aa4        0x0 /home/nikhil/Projects/RISCV/Toolchain/RV32IMA/riscv/bin/../lib/gcc/riscv32-unknown-elf/8.2.0/../../../../riscv32-unknown-elf/lib/libc.a(lib_a-memmove.o)
 .bss           0x0000000080013aa4        0x0 /home/nikhil/Projects/RISCV/Toolchain/RV32IMA/riscv/bin/../lib/gcc/riscv32-unknown-elf/8.2.0/../../../../riscv32-unknown-elf/lib/libc.a(lib_a-mlock.o)
 .bss           0x0000000080013aa4        0x0 /home/nikhil/Projects/RISCV/Toolchain/RV32IMA/riscv/bin/../lib/gcc/riscv32-unknown-elf/8.2.0/../../../../riscv32-unknown-elf/lib/libc.a(lib_a-mprec.o)
 .bss           0x0000000080013aa4        0x0 /home/nikhil/Projects/RISCV/Toolchain/RV32IMA/riscv/bin/../lib/gcc/riscv32-unknown-elf/8.2.0/../../../../riscv32-unknown-elf/lib/libc.a(lib_a-reallocr.o)
 .bss           0x0000000080013aa4        0x0 /home/nikhil/Projects/RISCV/Toolchain/RV32IMA/riscv/bin/../lib/gcc/riscv32-unknown-elf/8.2.0/../../../../riscv32-unknown-elf/lib/libc.a(lib_a-sbrkr.o)
 .bss           0x0000000080013aa4        0x0 /home/nikhil/Projects/RISCV/Toolchain/RV32IMA/riscv/bin/../lib/gcc/riscv32-unknown-elf/8.2.0/../../../../riscv32-unknown-elf/lib/libc.a(lib_a-s_frexp.o)
 .bss           0x0000000080013aa4        0x0 /home/nikhil/Projects/RISCV/Toolchain/RV32IMA/riscv/bin/../lib/gcc/riscv32-unknown-elf/8.2.0/../../../../riscv32-unknown-elf/lib/libc.a(lib_a-sprintf.o)
 .bss           0x0000000080013aa4        0x0 /home/nikhil/Projects/RISCV/Toolchain/RV32IMA/riscv/bin/../lib/gcc/riscv32-unknown-elf/8.2.0/../../../../riscv32-unknown-elf/lib/libc.a(lib_a-stdio.o)
 .bss           0x0000000080013aa4        0x0 /home/nikhil/Projects/RISCV/Toolchain/RV32IMA/riscv/bin/../lib/gcc/riscv32-unknown-elf/8.2.0/../../../../riscv32-unknown-elf/lib/libc.a(lib_a-strcmp.o)
 .bss           0x0000000080013aa4        0x0 /home/nikhil/Projects/RISCV/Toolchain/RV32IMA/riscv/bin/../lib/gcc/riscv32-unknown-elf/8.2.0/../../../../riscv32-unknown-elf/lib/libc.a(lib_a-strcpy.o)
 .bss           0x0000000080013aa4        0x0 /home/nikhil/Projects/RISCV/Toolchain/RV32IMA/riscv/bin/../lib/gcc/riscv32-unknown-elf/8.2.0/../../../../riscv32-unknown-elf/lib/libc.a(lib_a-strlen.o)
 .bss           0x0000000080013aa4        0x0 /home/nikhil/Projects/RISCV/Toolchain/RV32IMA/riscv/bin/../lib/gcc/riscv32-unknown-elf/8.2.0/../../../../riscv32-unknown-elf/lib/libc.a(lib_a-strncpy.o)
 .bss           0x0000000080013aa4        0x0 /home/nikhil/Projects/RISCV/Toolchain/RV32IMA/riscv/bin/../lib/gcc/riscv32-unknown-elf/8.2.0/../../../../riscv32-unknown-elf/lib/libc.a(lib_a-svfprintf.o)
 .bss           0x0000000080013aa4        0x0 /home/nikhil/Projects/RISCV/Toolchain/RV32IMA/riscv/bin/../lib/gcc/riscv32-unknown-elf/8.2.0/../../../../riscv32-unknown-elf/lib/libc.a(lib_a-vfiprintf.o)
 .bss           0x0000000080013aa4        0x0 /home/nikhil/Projects/RISCV/Toolchain/RV32IMA/riscv/bin/../lib/gcc/riscv32-unknown-elf/8.2.0/../../../../riscv32-unknown-elf/lib/libc.a(lib_a-wctomb_r.o)
 .bss           0x0000000080013aa4        0x0 /home/nikhil/Projects/RISCV/Toolchain/RV32IMA/riscv/bin/../lib/gcc/riscv32-unknown-elf/8.2.0/../../../../riscv32-unknown-elf/lib/libc.a(lib_a-writer.o)
 .bss           0x0000000080013aa4        0x0 /home/nikhil/Projects/RISCV/Toolchain/RV32IMA/riscv/bin/../lib/gcc/riscv32-unknown-elf/8.2.0/../../../../riscv32-unknown-elf/lib/libc.a(lib_a-callocr.o)
 .bss           0x0000000080013aa4        0x0 /home/nikhil/Projects/RISCV/Toolchain/RV32IMA/riscv/bin/../lib/gcc/riscv32-unknown-elf/8.2.0/../../../../riscv32-unknown-elf/lib/libc.a(lib_a-closer.o)
 .bss           0x0000000080013aa4        0x0 /home/nikhil/Projects/RISCV/Toolchain/RV32IMA/riscv/bin/../lib/gcc/riscv32-unknown-elf/8.2.0/../../../../riscv32-unknown-elf/lib/libc.a(lib_a-ctype_.o)
 .bss           0x0000000080013aa4        0x0 /home/nikhil/Projects/RISCV/Toolchain/RV32IMA/riscv/bin/../lib/gcc/riscv32-unknown-elf/8.2.0/../../../../riscv32-unknown-elf/lib/libc.a(lib_a-fclose.o)
 .bss           0x0000000080013aa4        0x0 /home/nikhil/Projects/RISCV/Toolchain/RV32IMA/riscv/bin/../lib/gcc/riscv32-unknown-elf/8.2.0/../../../../riscv32-unknown-elf/lib/libc.a(lib_a-fputwc.o)
 .bss           0x0000000080013aa4        0x0 /home/nikhil/Projects/RISCV/Toolchain/RV32IMA/riscv/bin/../lib/gcc/riscv32-unknown-elf/8.2.0/../../../../riscv32-unknown-elf/lib/libc.a(lib_a-fstatr.o)
 .bss           0x0000000080013aa4        0x0 /home/nikhil/Projects/RISCV/Toolchain/RV32IMA/riscv/bin/../lib/gcc/riscv32-unknown-elf/8.2.0/../../../../riscv32-unknown-elf/lib/libc.a(lib_a-isattyr.o)
 .bss           0x0000000080013aa4        0x0 /home/nikhil/Projects/RISCV/Toolchain/RV32IMA/riscv/bin/../lib/gcc/riscv32-unknown-elf/8.2.0/../../../../riscv32-unknown-elf/lib/libc.a(lib_a-lseekr.o)
 .bss           0x0000000080013aa4        0x0 /home/nikhil/Projects/RISCV/Toolchain/RV32IMA/riscv/bin/../lib/gcc/riscv32-unknown-elf/8.2.0/../../../../riscv32-unknown-elf/lib/libc.a(lib_a-readr.o)
 .bss           0x0000000080013aa4        0x0 /home/nikhil/Projects/RISCV/Toolchain/RV32IMA/riscv/bin/../lib/gcc/riscv32-unknown-elf/8.2.0/../../../../riscv32-unknown-elf/lib/libc.a(lib_a-reent.o)
 .bss           0x0000000080013aa4        0x0 /home/nikhil/Projects/RISCV/Toolchain/RV32IMA/riscv/bin/../lib/gcc/riscv32-unknown-elf/8.2.0/../../../../riscv32-unknown-elf/lib/libc.a(lib_a-svfiprintf.o)
 .bss           0x0000000080013aa4        0x0 /home/nikhil/Projects/RISCV/Toolchain/RV32IMA/riscv/bin/../lib/gcc/riscv32-unknown-elf/8.2.0/../../../../riscv32-unknown-elf/lib/libc.a(lib_a-wbuf.o)
 .bss           0x0000000080013aa4        0x0 /home/nikhil/Projects/RISCV/Toolchain/RV32IMA/riscv/bin/../lib/gcc/riscv32-unknown-elf/8.2.0/../../../../riscv32-unknown-elf/lib/libc.a(lib_a-wcrtomb.o)
 .bss           0x0000000080013aa4        0x0 /home/nikhil/Projects/RISCV/Toolchain/RV32IMA/riscv/bin/../lib/gcc/riscv32-unknown-elf/8.2.0/../../../../riscv32-unknown-elf/lib/libnosys.a(_exit.o)
 .bss           0x0000000080013aa4        0x0 /home/nikhil/Projects/RISCV/Toolchain/RV32IMA/riscv/bin/../lib/gcc/riscv32-unknown-elf/8.2.0/libgcc.a(_udivdi3.o)
 .bss           0x0000000080013aa4        0x0 /home/nikhil/Projects/RISCV/Toolchain/RV32IMA/riscv/bin/../lib/gcc/riscv32-unknown-elf/8.2.0/libgcc.a(_umoddi3.o)
 .bss           0x0000000080013aa4        0x0 /home/nikhil/Projects/RISCV/Toolchain/RV32IMA/riscv/bin/../lib/gcc/riscv32-unknown-elf/8.2.0/libgcc.a(divdf3.o)
 .bss           0x0000000080013aa4        0x0 /home/nikhil/Projects/RISCV/Toolchain/RV32IMA/riscv/bin/../lib/gcc/riscv32-unknown-elf/8.2.0/libgcc.a(muldf3.o)
 .bss           0x0000000080013aa4        0x0 /home/nikhil/Projects/RISCV/Toolchain/RV32IMA/riscv/bin/../lib/gcc/riscv32-unknown-elf/8.2.0/libgcc.a(eqtf2.o)
 .bss           0x0000000080013aa4        0x0 /home/nikhil/Projects/RISCV/Toolchain/RV32IMA/riscv/bin/../lib/gcc/riscv32-unknown-elf/8.2.0/libgcc.a(getf2.o)
 .bss           0x0000000080013aa4        0x0 /home/nikhil/Projects/RISCV/Toolchain/RV32IMA/riscv/bin/../lib/gcc/riscv32-unknown-elf/8.2.0/libgcc.a(letf2.o)
 .bss           0x0000000080013aa4        0x0 /home/nikhil/Projects/RISCV/Toolchain/RV32IMA/riscv/bin/../lib/gcc/riscv32-unknown-elf/8.2.0/libgcc.a(multf3.o)
 .bss           0x0000000080013aa4        0x0 /home/nikhil/Projects/RISCV/Toolchain/RV32IMA/riscv/bin/../lib/gcc/riscv32-unknown-elf/8.2.0/libgcc.a(subtf3.o)
 .bss           0x0000000080013aa4        0x0 /home/nikhil/Projects/RISCV/Toolchain/RV32IMA/riscv/bin/../lib/gcc/riscv32-unknown-elf/8.2.0/libgcc.a(fixtfsi.o)
 .bss           0x0000000080013aa4        0x0 /home/nikhil/Projects/RISCV/Toolchain/RV32IMA/riscv/bin/../lib/gcc/riscv32-unknown-elf/8.2.0/libgcc.a(floatsitf.o)
 .bss           0x0000000080013aa4        0x0 /home/nikhil/Projects/RISCV/Toolchain/RV32IMA/riscv/bin/../lib/gcc/riscv32-unknown-elf/8.2.0/libgcc.a(extenddftf2.o)
 .bss           0x0000000080013aa4        0x0 /home/nikhil/Projects/RISCV/Toolchain/RV32IMA/riscv/bin/../lib/gcc/riscv32-unknown-elf/8.2.0/libgcc.a(trunctfdf2.o)
 .bss           0x0000000080013aa4        0x0 /home/nikhil/Projects/RISCV/Toolchain/RV32IMA/riscv/bin/../lib/gcc/riscv32-unknown-elf/8.2.0/libgcc.a(_clzsi2.o)
 .bss           0x0000000080013aa4        0x0 /home/nikhil/Projects/RISCV/Toolchain/RV32IMA/riscv/bin/../lib/gcc/riscv32-unknown-elf/8.2.0/crtend.o
 *(COMMON)
 COMMON         0x0000000080013aa4     0x8000 /tmp/ccIGJ0RG.o
                0x0000000080013aa4                A
                0x0000000080017aa4                B
 COMMON         0x000000008001baa4        0x4 /home/nikhil/Projects/RISCV/Toolchain/RV32IMA/riscv/bin/../lib/gcc/riscv32-unknown-elf/8.2.0/../../../../riscv32-unknown-elf/lib/libc.a(lib_a-reent.o)
                0x000000008001baa4                errno
                0x000000008001baa8                . = ALIGN ((. != 0x0)?0x4:0x1)
LOAD /home/nikhil/Projects/RISCV/Toolchain/RV32IMA/riscv/bin/../lib/gcc/riscv32-unknown-elf/8.2.0/../../../../riscv32-unknown-elf/lib/crt0.o
LOAD /home/nikhil/Projects/RISCV/Toolchain/RV32IMA/riscv/bin/../lib/gcc/riscv32-unknown-elf/8.2.0/crtbegin.o

.startup        0x0000000080000000       0x28
 startup.o(.text)
 .text          0x0000000080000000       0x28 ./lib/startup.o
                0x0000000080000000                _reset
                0x0000000080000028                . = ALIGN (0x4)
                0x0000000080000028                . = SEGMENT_START ("ldata-segment", .)
                0x0000000080000028                . = ALIGN (0x4)
                0x0000000080000028                __BSS_END__ = .
                0x0000000080013878                __global_pointer$ = MIN ((__SDATA_BEGIN__ + 0x800), MAX ((__DATA_BEGIN__ + 0x800), (__BSS_END__ - 0x800)))
                0x0000000080000028                _end = .
                [!provide]                        PROVIDE (end = .)
                0x0000000080000028                . = DATA_SEGMENT_END (.)

.stab
 *(.stab)

.stabstr
 *(.stabstr)

.stab.excl
 *(.stab.excl)

.stab.exclstr
 *(.stab.exclstr)

.stab.index
 *(.stab.index)

.stab.indexstr
 *(.stab.indexstr)

.comment        0x0000000000000000       0x11
 *(.comment)
 .comment       0x0000000000000000       0x11 /home/nikhil/Projects/RISCV/Toolchain/RV32IMA/riscv/bin/../lib/gcc/riscv32-unknown-elf/8.2.0/crtbegin.o
                                         0x12 (size before relaxing)
 .comment       0x0000000000000011       0x12 ./lib/syscalls.o
 .comment       0x0000000000000011       0x12 ./lib/riscv_counters.o
 .comment       0x0000000000000011       0x12 ./lib/ns16550.o
 .comment       0x0000000000000011       0x12 /tmp/ccIGJ0RG.o
 .comment       0x0000000000000011       0x12 /home/nikhil/Projects/RISCV/Toolchain/RV32IMA/riscv/bin/../lib/gcc/riscv32-unknown-elf/8.2.0/libgcc.a(_divdi3.o)
 .comment       0x0000000000000011       0x12 /home/nikhil/Projects/RISCV/Toolchain/RV32IMA/riscv/bin/../lib/gcc/riscv32-unknown-elf/8.2.0/libgcc.a(_moddi3.o)
 .comment       0x0000000000000011       0x12 /home/nikhil/Projects/RISCV/Toolchain/RV32IMA/riscv/bin/../lib/gcc/riscv32-unknown-elf/8.2.0/libgcc.a(_clz.o)
 .comment       0x0000000000000011       0x12 /home/nikhil/Projects/RISCV/Toolchain/RV32IMA/riscv/bin/../lib/gcc/riscv32-unknown-elf/8.2.0/../../../../riscv32-unknown-elf/lib/libc.a(lib_a-atexit.o)
 .comment       0x0000000000000011       0x12 /home/nikhil/Projects/RISCV/Toolchain/RV32IMA/riscv/bin/../lib/gcc/riscv32-unknown-elf/8.2.0/../../../../riscv32-unknown-elf/lib/libc.a(lib_a-errno.o)
 .comment       0x0000000000000011       0x12 /home/nikhil/Projects/RISCV/Toolchain/RV32IMA/riscv/bin/../lib/gcc/riscv32-unknown-elf/8.2.0/../../../../riscv32-unknown-elf/lib/libc.a(lib_a-exit.o)
 .comment       0x0000000000000011       0x12 /home/nikhil/Projects/RISCV/Toolchain/RV32IMA/riscv/bin/../lib/gcc/riscv32-unknown-elf/8.2.0/../../../../riscv32-unknown-elf/lib/libc.a(lib_a-fini.o)
 .comment       0x0000000000000011       0x12 /home/nikhil/Projects/RISCV/Toolchain/RV32IMA/riscv/bin/../lib/gcc/riscv32-unknown-elf/8.2.0/../../../../riscv32-unknown-elf/lib/libc.a(lib_a-fprintf.o)
 .comment       0x0000000000000011       0x12 /home/nikhil/Projects/RISCV/Toolchain/RV32IMA/riscv/bin/../lib/gcc/riscv32-unknown-elf/8.2.0/../../../../riscv32-unknown-elf/lib/libc.a(lib_a-fwrite.o)
 .comment       0x0000000000000011       0x12 /home/nikhil/Projects/RISCV/Toolchain/RV32IMA/riscv/bin/../lib/gcc/riscv32-unknown-elf/8.2.0/../../../../riscv32-unknown-elf/lib/libc.a(lib_a-impure.o)
 .comment       0x0000000000000011       0x12 /home/nikhil/Projects/RISCV/Toolchain/RV32IMA/riscv/bin/../lib/gcc/riscv32-unknown-elf/8.2.0/../../../../riscv32-unknown-elf/lib/libc.a(lib_a-init.o)
 .comment       0x0000000000000011       0x12 /home/nikhil/Projects/RISCV/Toolchain/RV32IMA/riscv/bin/../lib/gcc/riscv32-unknown-elf/8.2.0/../../../../riscv32-unknown-elf/lib/libc.a(lib_a-vfprintf.o)
 .comment       0x0000000000000011       0x12 /home/nikhil/Projects/RISCV/Toolchain/RV32IMA/riscv/bin/../lib/gcc/riscv32-unknown-elf/8.2.0/../../../../riscv32-unknown-elf/lib/libc.a(lib_a-wsetup.o)
 .comment       0x0000000000000011       0x12 /home/nikhil/Projects/RISCV/Toolchain/RV32IMA/riscv/bin/../lib/gcc/riscv32-unknown-elf/8.2.0/../../../../riscv32-unknown-elf/lib/libc.a(lib_a-__atexit.o)
 .comment       0x0000000000000011       0x12 /home/nikhil/Projects/RISCV/Toolchain/RV32IMA/riscv/bin/../lib/gcc/riscv32-unknown-elf/8.2.0/../../../../riscv32-unknown-elf/lib/libc.a(lib_a-__call_atexit.o)
 .comment       0x0000000000000011       0x12 /home/nikhil/Projects/RISCV/Toolchain/RV32IMA/riscv/bin/../lib/gcc/riscv32-unknown-elf/8.2.0/../../../../riscv32-unknown-elf/lib/libc.a(lib_a-fflush.o)
 .comment       0x0000000000000011       0x12 /home/nikhil/Projects/RISCV/Toolchain/RV32IMA/riscv/bin/../lib/gcc/riscv32-unknown-elf/8.2.0/../../../../riscv32-unknown-elf/lib/libc.a(lib_a-findfp.o)
 .comment       0x0000000000000011       0x12 /home/nikhil/Projects/RISCV/Toolchain/RV32IMA/riscv/bin/../lib/gcc/riscv32-unknown-elf/8.2.0/../../../../riscv32-unknown-elf/lib/libc.a(lib_a-freer.o)
 .comment       0x0000000000000011       0x12 /home/nikhil/Projects/RISCV/Toolchain/RV32IMA/riscv/bin/../lib/gcc/riscv32-unknown-elf/8.2.0/../../../../riscv32-unknown-elf/lib/libc.a(lib_a-fvwrite.o)
 .comment       0x0000000000000011       0x12 /home/nikhil/Projects/RISCV/Toolchain/RV32IMA/riscv/bin/../lib/gcc/riscv32-unknown-elf/8.2.0/../../../../riscv32-unknown-elf/lib/libc.a(lib_a-fwalk.o)
 .comment       0x0000000000000011       0x12 /home/nikhil/Projects/RISCV/Toolchain/RV32IMA/riscv/bin/../lib/gcc/riscv32-unknown-elf/8.2.0/../../../../riscv32-unknown-elf/lib/libc.a(lib_a-ldtoa.o)
 .comment       0x0000000000000011       0x12 /home/nikhil/Projects/RISCV/Toolchain/RV32IMA/riscv/bin/../lib/gcc/riscv32-unknown-elf/8.2.0/../../../../riscv32-unknown-elf/lib/libc.a(lib_a-localeconv.o)
 .comment       0x0000000000000011       0x12 /home/nikhil/Projects/RISCV/Toolchain/RV32IMA/riscv/bin/../lib/gcc/riscv32-unknown-elf/8.2.0/../../../../riscv32-unknown-elf/lib/libc.a(lib_a-locale.o)
 .comment       0x0000000000000011       0x12 /home/nikhil/Projects/RISCV/Toolchain/RV32IMA/riscv/bin/../lib/gcc/riscv32-unknown-elf/8.2.0/../../../../riscv32-unknown-elf/lib/libc.a(lib_a-makebuf.o)
 .comment       0x0000000000000011       0x12 /home/nikhil/Projects/RISCV/Toolchain/RV32IMA/riscv/bin/../lib/gcc/riscv32-unknown-elf/8.2.0/../../../../riscv32-unknown-elf/lib/libc.a(lib_a-mallocr.o)
 .comment       0x0000000000000011       0x12 /home/nikhil/Projects/RISCV/Toolchain/RV32IMA/riscv/bin/../lib/gcc/riscv32-unknown-elf/8.2.0/../../../../riscv32-unknown-elf/lib/libc.a(lib_a-mbtowc_r.o)
 .comment       0x0000000000000011       0x12 /home/nikhil/Projects/RISCV/Toolchain/RV32IMA/riscv/bin/../lib/gcc/riscv32-unknown-elf/8.2.0/../../../../riscv32-unknown-elf/lib/libc.a(lib_a-memchr.o)
 .comment       0x0000000000000011       0x12 /home/nikhil/Projects/RISCV/Toolchain/RV32IMA/riscv/bin/../lib/gcc/riscv32-unknown-elf/8.2.0/../../../../riscv32-unknown-elf/lib/libc.a(lib_a-memcpy.o)
 .comment       0x0000000000000011       0x12 /home/nikhil/Projects/RISCV/Toolchain/RV32IMA/riscv/bin/../lib/gcc/riscv32-unknown-elf/8.2.0/../../../../riscv32-unknown-elf/lib/libc.a(lib_a-memmove.o)
 .comment       0x0000000000000011       0x12 /home/nikhil/Projects/RISCV/Toolchain/RV32IMA/riscv/bin/../lib/gcc/riscv32-unknown-elf/8.2.0/../../../../riscv32-unknown-elf/lib/libc.a(lib_a-mlock.o)
 .comment       0x0000000000000011       0x12 /home/nikhil/Projects/RISCV/Toolchain/RV32IMA/riscv/bin/../lib/gcc/riscv32-unknown-elf/8.2.0/../../../../riscv32-unknown-elf/lib/libc.a(lib_a-mprec.o)
 .comment       0x0000000000000011       0x12 /home/nikhil/Projects/RISCV/Toolchain/RV32IMA/riscv/bin/../lib/gcc/riscv32-unknown-elf/8.2.0/../../../../riscv32-unknown-elf/lib/libc.a(lib_a-reallocr.o)
 .comment       0x0000000000000011       0x12 /home/nikhil/Projects/RISCV/Toolchain/RV32IMA/riscv/bin/../lib/gcc/riscv32-unknown-elf/8.2.0/../../../../riscv32-unknown-elf/lib/libc.a(lib_a-sbrkr.o)
 .comment       0x0000000000000011       0x12 /home/nikhil/Projects/RISCV/Toolchain/RV32IMA/riscv/bin/../lib/gcc/riscv32-unknown-elf/8.2.0/../../../../riscv32-unknown-elf/lib/libc.a(lib_a-s_frexp.o)
 .comment       0x0000000000000011       0x12 /home/nikhil/Projects/RISCV/Toolchain/RV32IMA/riscv/bin/../lib/gcc/riscv32-unknown-elf/8.2.0/../../../../riscv32-unknown-elf/lib/libc.a(lib_a-sprintf.o)
 .comment       0x0000000000000011       0x12 /home/nikhil/Projects/RISCV/Toolchain/RV32IMA/riscv/bin/../lib/gcc/riscv32-unknown-elf/8.2.0/../../../../riscv32-unknown-elf/lib/libc.a(lib_a-stdio.o)
 .comment       0x0000000000000011       0x12 /home/nikhil/Projects/RISCV/Toolchain/RV32IMA/riscv/bin/../lib/gcc/riscv32-unknown-elf/8.2.0/../../../../riscv32-unknown-elf/lib/libc.a(lib_a-strcpy.o)
 .comment       0x0000000000000011       0x12 /home/nikhil/Projects/RISCV/Toolchain/RV32IMA/riscv/bin/../lib/gcc/riscv32-unknown-elf/8.2.0/../../../../riscv32-unknown-elf/lib/libc.a(lib_a-strlen.o)
 .comment       0x0000000000000011       0x12 /home/nikhil/Projects/RISCV/Toolchain/RV32IMA/riscv/bin/../lib/gcc/riscv32-unknown-elf/8.2.0/../../../../riscv32-unknown-elf/lib/libc.a(lib_a-strncpy.o)
 .comment       0x0000000000000011       0x12 /home/nikhil/Projects/RISCV/Toolchain/RV32IMA/riscv/bin/../lib/gcc/riscv32-unknown-elf/8.2.0/../../../../riscv32-unknown-elf/lib/libc.a(lib_a-svfprintf.o)
 .comment       0x0000000000000011       0x12 /home/nikhil/Projects/RISCV/Toolchain/RV32IMA/riscv/bin/../lib/gcc/riscv32-unknown-elf/8.2.0/../../../../riscv32-unknown-elf/lib/libc.a(lib_a-vfiprintf.o)
 .comment       0x0000000000000011       0x12 /home/nikhil/Projects/RISCV/Toolchain/RV32IMA/riscv/bin/../lib/gcc/riscv32-unknown-elf/8.2.0/../../../../riscv32-unknown-elf/lib/libc.a(lib_a-wctomb_r.o)
 .comment       0x0000000000000011       0x12 /home/nikhil/Projects/RISCV/Toolchain/RV32IMA/riscv/bin/../lib/gcc/riscv32-unknown-elf/8.2.0/../../../../riscv32-unknown-elf/lib/libc.a(lib_a-writer.o)
 .comment       0x0000000000000011       0x12 /home/nikhil/Projects/RISCV/Toolchain/RV32IMA/riscv/bin/../lib/gcc/riscv32-unknown-elf/8.2.0/../../../../riscv32-unknown-elf/lib/libc.a(lib_a-callocr.o)
 .comment       0x0000000000000011       0x12 /home/nikhil/Projects/RISCV/Toolchain/RV32IMA/riscv/bin/../lib/gcc/riscv32-unknown-elf/8.2.0/../../../../riscv32-unknown-elf/lib/libc.a(lib_a-closer.o)
 .comment       0x0000000000000011       0x12 /home/nikhil/Projects/RISCV/Toolchain/RV32IMA/riscv/bin/../lib/gcc/riscv32-unknown-elf/8.2.0/../../../../riscv32-unknown-elf/lib/libc.a(lib_a-ctype_.o)
 .comment       0x0000000000000011       0x12 /home/nikhil/Projects/RISCV/Toolchain/RV32IMA/riscv/bin/../lib/gcc/riscv32-unknown-elf/8.2.0/../../../../riscv32-unknown-elf/lib/libc.a(lib_a-fclose.o)
 .comment       0x0000000000000011       0x12 /home/nikhil/Projects/RISCV/Toolchain/RV32IMA/riscv/bin/../lib/gcc/riscv32-unknown-elf/8.2.0/../../../../riscv32-unknown-elf/lib/libc.a(lib_a-fputwc.o)
 .comment       0x0000000000000011       0x12 /home/nikhil/Projects/RISCV/Toolchain/RV32IMA/riscv/bin/../lib/gcc/riscv32-unknown-elf/8.2.0/../../../../riscv32-unknown-elf/lib/libc.a(lib_a-fstatr.o)
 .comment       0x0000000000000011       0x12 /home/nikhil/Projects/RISCV/Toolchain/RV32IMA/riscv/bin/../lib/gcc/riscv32-unknown-elf/8.2.0/../../../../riscv32-unknown-elf/lib/libc.a(lib_a-isattyr.o)
 .comment       0x0000000000000011       0x12 /home/nikhil/Projects/RISCV/Toolchain/RV32IMA/riscv/bin/../lib/gcc/riscv32-unknown-elf/8.2.0/../../../../riscv32-unknown-elf/lib/libc.a(lib_a-lseekr.o)
 .comment       0x0000000000000011       0x12 /home/nikhil/Projects/RISCV/Toolchain/RV32IMA/riscv/bin/../lib/gcc/riscv32-unknown-elf/8.2.0/../../../../riscv32-unknown-elf/lib/libc.a(lib_a-readr.o)
 .comment       0x0000000000000011       0x12 /home/nikhil/Projects/RISCV/Toolchain/RV32IMA/riscv/bin/../lib/gcc/riscv32-unknown-elf/8.2.0/../../../../riscv32-unknown-elf/lib/libc.a(lib_a-reent.o)
 .comment       0x0000000000000011       0x12 /home/nikhil/Projects/RISCV/Toolchain/RV32IMA/riscv/bin/../lib/gcc/riscv32-unknown-elf/8.2.0/../../../../riscv32-unknown-elf/lib/libc.a(lib_a-svfiprintf.o)
 .comment       0x0000000000000011       0x12 /home/nikhil/Projects/RISCV/Toolchain/RV32IMA/riscv/bin/../lib/gcc/riscv32-unknown-elf/8.2.0/../../../../riscv32-unknown-elf/lib/libc.a(lib_a-wbuf.o)
 .comment       0x0000000000000011       0x12 /home/nikhil/Projects/RISCV/Toolchain/RV32IMA/riscv/bin/../lib/gcc/riscv32-unknown-elf/8.2.0/../../../../riscv32-unknown-elf/lib/libc.a(lib_a-wcrtomb.o)
 .comment       0x0000000000000011       0x12 /home/nikhil/Projects/RISCV/Toolchain/RV32IMA/riscv/bin/../lib/gcc/riscv32-unknown-elf/8.2.0/../../../../riscv32-unknown-elf/lib/libnosys.a(_exit.o)
 .comment       0x0000000000000011       0x12 /home/nikhil/Projects/RISCV/Toolchain/RV32IMA/riscv/bin/../lib/gcc/riscv32-unknown-elf/8.2.0/libgcc.a(_udivdi3.o)
 .comment       0x0000000000000011       0x12 /home/nikhil/Projects/RISCV/Toolchain/RV32IMA/riscv/bin/../lib/gcc/riscv32-unknown-elf/8.2.0/libgcc.a(_umoddi3.o)
 .comment       0x0000000000000011       0x12 /home/nikhil/Projects/RISCV/Toolchain/RV32IMA/riscv/bin/../lib/gcc/riscv32-unknown-elf/8.2.0/libgcc.a(divdf3.o)
 .comment       0x0000000000000011       0x12 /home/nikhil/Projects/RISCV/Toolchain/RV32IMA/riscv/bin/../lib/gcc/riscv32-unknown-elf/8.2.0/libgcc.a(muldf3.o)
 .comment       0x0000000000000011       0x12 /home/nikhil/Projects/RISCV/Toolchain/RV32IMA/riscv/bin/../lib/gcc/riscv32-unknown-elf/8.2.0/libgcc.a(eqtf2.o)
 .comment       0x0000000000000011       0x12 /home/nikhil/Projects/RISCV/Toolchain/RV32IMA/riscv/bin/../lib/gcc/riscv32-unknown-elf/8.2.0/libgcc.a(getf2.o)
 .comment       0x0000000000000011       0x12 /home/nikhil/Projects/RISCV/Toolchain/RV32IMA/riscv/bin/../lib/gcc/riscv32-unknown-elf/8.2.0/libgcc.a(letf2.o)
 .comment       0x0000000000000011       0x12 /home/nikhil/Projects/RISCV/Toolchain/RV32IMA/riscv/bin/../lib/gcc/riscv32-unknown-elf/8.2.0/libgcc.a(multf3.o)
 .comment       0x0000000000000011       0x12 /home/nikhil/Projects/RISCV/Toolchain/RV32IMA/riscv/bin/../lib/gcc/riscv32-unknown-elf/8.2.0/libgcc.a(subtf3.o)
 .comment       0x0000000000000011       0x12 /home/nikhil/Projects/RISCV/Toolchain/RV32IMA/riscv/bin/../lib/gcc/riscv32-unknown-elf/8.2.0/libgcc.a(fixtfsi.o)
 .comment       0x0000000000000011       0x12 /home/nikhil/Projects/RISCV/Toolchain/RV32IMA/riscv/bin/../lib/gcc/riscv32-unknown-elf/8.2.0/libgcc.a(floatsitf.o)
 .comment       0x0000000000000011       0x12 /home/nikhil/Projects/RISCV/Toolchain/RV32IMA/riscv/bin/../lib/gcc/riscv32-unknown-elf/8.2.0/libgcc.a(extenddftf2.o)
 .comment       0x0000000000000011       0x12 /home/nikhil/Projects/RISCV/Toolchain/RV32IMA/riscv/bin/../lib/gcc/riscv32-unknown-elf/8.2.0/libgcc.a(trunctfdf2.o)
 .comment       0x0000000000000011       0x12 /home/nikhil/Projects/RISCV/Toolchain/RV32IMA/riscv/bin/../lib/gcc/riscv32-unknown-elf/8.2.0/libgcc.a(_clzsi2.o)
 .comment       0x0000000000000011       0x12 /home/nikhil/Projects/RISCV/Toolchain/RV32IMA/riscv/bin/../lib/gcc/riscv32-unknown-elf/8.2.0/crtend.o

.debug
 *(.debug)

.line
 *(.line)

.debug_srcinfo
 *(.debug_srcinfo)

.debug_sfnames
 *(.debug_sfnames)

.debug_aranges  0x0000000000000000      0x2b8
 *(.debug_aranges)
 .debug_aranges
                0x0000000000000000       0x20 ./lib/startup.o
 .debug_aranges
                0x0000000000000020       0x20 ./lib/syscalls.o
 .debug_aranges
                0x0000000000000040       0x20 ./lib/riscv_counters.o
 .debug_aranges
                0x0000000000000060       0x20 ./lib/ns16550.o
 .debug_aranges
                0x0000000000000080       0x20 /tmp/ccIGJ0RG.o
 .debug_aranges
                0x00000000000000a0       0x20 /home/nikhil/Projects/RISCV/Toolchain/RV32IMA/riscv/bin/../lib/gcc/riscv32-unknown-elf/8.2.0/libgcc.a(_divdi3.o)
 .debug_aranges
                0x00000000000000c0       0x20 /home/nikhil/Projects/RISCV/Toolchain/RV32IMA/riscv/bin/../lib/gcc/riscv32-unknown-elf/8.2.0/libgcc.a(_moddi3.o)
 .debug_aranges
                0x00000000000000e0       0x18 /home/nikhil/Projects/RISCV/Toolchain/RV32IMA/riscv/bin/../lib/gcc/riscv32-unknown-elf/8.2.0/libgcc.a(_clz.o)
 .debug_aranges
                0x00000000000000f8       0x20 /home/nikhil/Projects/RISCV/Toolchain/RV32IMA/riscv/bin/../lib/gcc/riscv32-unknown-elf/8.2.0/libgcc.a(_udivdi3.o)
 .debug_aranges
                0x0000000000000118       0x20 /home/nikhil/Projects/RISCV/Toolchain/RV32IMA/riscv/bin/../lib/gcc/riscv32-unknown-elf/8.2.0/libgcc.a(_umoddi3.o)
 .debug_aranges
                0x0000000000000138       0x20 /home/nikhil/Projects/RISCV/Toolchain/RV32IMA/riscv/bin/../lib/gcc/riscv32-unknown-elf/8.2.0/libgcc.a(divdf3.o)
 .debug_aranges
                0x0000000000000158       0x20 /home/nikhil/Projects/RISCV/Toolchain/RV32IMA/riscv/bin/../lib/gcc/riscv32-unknown-elf/8.2.0/libgcc.a(muldf3.o)
 .debug_aranges
                0x0000000000000178       0x20 /home/nikhil/Projects/RISCV/Toolchain/RV32IMA/riscv/bin/../lib/gcc/riscv32-unknown-elf/8.2.0/libgcc.a(eqtf2.o)
 .debug_aranges
                0x0000000000000198       0x20 /home/nikhil/Projects/RISCV/Toolchain/RV32IMA/riscv/bin/../lib/gcc/riscv32-unknown-elf/8.2.0/libgcc.a(getf2.o)
 .debug_aranges
                0x00000000000001b8       0x20 /home/nikhil/Projects/RISCV/Toolchain/RV32IMA/riscv/bin/../lib/gcc/riscv32-unknown-elf/8.2.0/libgcc.a(letf2.o)
 .debug_aranges
                0x00000000000001d8       0x20 /home/nikhil/Projects/RISCV/Toolchain/RV32IMA/riscv/bin/../lib/gcc/riscv32-unknown-elf/8.2.0/libgcc.a(multf3.o)
 .debug_aranges
                0x00000000000001f8       0x20 /home/nikhil/Projects/RISCV/Toolchain/RV32IMA/riscv/bin/../lib/gcc/riscv32-unknown-elf/8.2.0/libgcc.a(subtf3.o)
 .debug_aranges
                0x0000000000000218       0x20 /home/nikhil/Projects/RISCV/Toolchain/RV32IMA/riscv/bin/../lib/gcc/riscv32-unknown-elf/8.2.0/libgcc.a(fixtfsi.o)
 .debug_aranges
                0x0000000000000238       0x20 /home/nikhil/Projects/RISCV/Toolchain/RV32IMA/riscv/bin/../lib/gcc/riscv32-unknown-elf/8.2.0/libgcc.a(floatsitf.o)
 .debug_aranges
                0x0000000000000258       0x20 /home/nikhil/Projects/RISCV/Toolchain/RV32IMA/riscv/bin/../lib/gcc/riscv32-unknown-elf/8.2.0/libgcc.a(extenddftf2.o)
 .debug_aranges
                0x0000000000000278       0x20 /home/nikhil/Projects/RISCV/Toolchain/RV32IMA/riscv/bin/../lib/gcc/riscv32-unknown-elf/8.2.0/libgcc.a(trunctfdf2.o)
 .debug_aranges
                0x0000000000000298       0x20 /home/nikhil/Projects/RISCV/Toolchain/RV32IMA/riscv/bin/../lib/gcc/riscv32-unknown-elf/8.2.0/libgcc.a(_clzsi2.o)

.debug_pubnames
 *(.debug_pubnames)

.debug_info     0x0000000000000000     0xcdd2
 *(.debug_info .gnu.linkonce.wi.*)
 .debug_info    0x0000000000000000       0x26 ./lib/startup.o
 .debug_info    0x0000000000000026      0xd2c ./lib/syscalls.o
 .debug_info    0x0000000000000d52      0x9a8 ./lib/riscv_counters.o
 .debug_info    0x00000000000016fa      0x3e4 ./lib/ns16550.o
 .debug_info    0x0000000000001ade      0xc86 /tmp/ccIGJ0RG.o
 .debug_info    0x0000000000002764     0x1250 /home/nikhil/Projects/RISCV/Toolchain/RV32IMA/riscv/bin/../lib/gcc/riscv32-unknown-elf/8.2.0/libgcc.a(_divdi3.o)
 .debug_info    0x00000000000039b4     0x12a5 /home/nikhil/Projects/RISCV/Toolchain/RV32IMA/riscv/bin/../lib/gcc/riscv32-unknown-elf/8.2.0/libgcc.a(_moddi3.o)
 .debug_info    0x0000000000004c59      0xb3f /home/nikhil/Projects/RISCV/Toolchain/RV32IMA/riscv/bin/../lib/gcc/riscv32-unknown-elf/8.2.0/libgcc.a(_clz.o)
 .debug_info    0x0000000000005798     0x121a /home/nikhil/Projects/RISCV/Toolchain/RV32IMA/riscv/bin/../lib/gcc/riscv32-unknown-elf/8.2.0/libgcc.a(_udivdi3.o)
 .debug_info    0x00000000000069b2     0x1278 /home/nikhil/Projects/RISCV/Toolchain/RV32IMA/riscv/bin/../lib/gcc/riscv32-unknown-elf/8.2.0/libgcc.a(_umoddi3.o)
 .debug_info    0x0000000000007c2a      0x730 /home/nikhil/Projects/RISCV/Toolchain/RV32IMA/riscv/bin/../lib/gcc/riscv32-unknown-elf/8.2.0/libgcc.a(divdf3.o)
 .debug_info    0x000000000000835a      0x768 /home/nikhil/Projects/RISCV/Toolchain/RV32IMA/riscv/bin/../lib/gcc/riscv32-unknown-elf/8.2.0/libgcc.a(muldf3.o)
 .debug_info    0x0000000000008ac2      0x298 /home/nikhil/Projects/RISCV/Toolchain/RV32IMA/riscv/bin/../lib/gcc/riscv32-unknown-elf/8.2.0/libgcc.a(eqtf2.o)
 .debug_info    0x0000000000008d5a      0x294 /home/nikhil/Projects/RISCV/Toolchain/RV32IMA/riscv/bin/../lib/gcc/riscv32-unknown-elf/8.2.0/libgcc.a(getf2.o)
 .debug_info    0x0000000000008fee      0x294 /home/nikhil/Projects/RISCV/Toolchain/RV32IMA/riscv/bin/../lib/gcc/riscv32-unknown-elf/8.2.0/libgcc.a(letf2.o)
 .debug_info    0x0000000000009282     0x126c /home/nikhil/Projects/RISCV/Toolchain/RV32IMA/riscv/bin/../lib/gcc/riscv32-unknown-elf/8.2.0/libgcc.a(multf3.o)
 .debug_info    0x000000000000a4ee      0xd83 /home/nikhil/Projects/RISCV/Toolchain/RV32IMA/riscv/bin/../lib/gcc/riscv32-unknown-elf/8.2.0/libgcc.a(subtf3.o)
 .debug_info    0x000000000000b271      0x2c5 /home/nikhil/Projects/RISCV/Toolchain/RV32IMA/riscv/bin/../lib/gcc/riscv32-unknown-elf/8.2.0/libgcc.a(fixtfsi.o)
 .debug_info    0x000000000000b536      0x3c6 /home/nikhil/Projects/RISCV/Toolchain/RV32IMA/riscv/bin/../lib/gcc/riscv32-unknown-elf/8.2.0/libgcc.a(floatsitf.o)
 .debug_info    0x000000000000b8fc      0x3ef /home/nikhil/Projects/RISCV/Toolchain/RV32IMA/riscv/bin/../lib/gcc/riscv32-unknown-elf/8.2.0/libgcc.a(extenddftf2.o)
 .debug_info    0x000000000000bceb      0x53b /home/nikhil/Projects/RISCV/Toolchain/RV32IMA/riscv/bin/../lib/gcc/riscv32-unknown-elf/8.2.0/libgcc.a(trunctfdf2.o)
 .debug_info    0x000000000000c226      0xbac /home/nikhil/Projects/RISCV/Toolchain/RV32IMA/riscv/bin/../lib/gcc/riscv32-unknown-elf/8.2.0/libgcc.a(_clzsi2.o)

.debug_abbrev   0x0000000000000000     0x2a5c
 *(.debug_abbrev)
 .debug_abbrev  0x0000000000000000       0x14 ./lib/startup.o
 .debug_abbrev  0x0000000000000014      0x27d ./lib/syscalls.o
 .debug_abbrev  0x0000000000000291      0x1ed ./lib/riscv_counters.o
 .debug_abbrev  0x000000000000047e      0x15e ./lib/ns16550.o
 .debug_abbrev  0x00000000000005dc      0x2cb /tmp/ccIGJ0RG.o
 .debug_abbrev  0x00000000000008a7      0x2e4 /home/nikhil/Projects/RISCV/Toolchain/RV32IMA/riscv/bin/../lib/gcc/riscv32-unknown-elf/8.2.0/libgcc.a(_divdi3.o)
 .debug_abbrev  0x0000000000000b8b      0x2ef /home/nikhil/Projects/RISCV/Toolchain/RV32IMA/riscv/bin/../lib/gcc/riscv32-unknown-elf/8.2.0/libgcc.a(_moddi3.o)
 .debug_abbrev  0x0000000000000e7a      0x1e8 /home/nikhil/Projects/RISCV/Toolchain/RV32IMA/riscv/bin/../lib/gcc/riscv32-unknown-elf/8.2.0/libgcc.a(_clz.o)
 .debug_abbrev  0x0000000000001062      0x2cc /home/nikhil/Projects/RISCV/Toolchain/RV32IMA/riscv/bin/../lib/gcc/riscv32-unknown-elf/8.2.0/libgcc.a(_udivdi3.o)
 .debug_abbrev  0x000000000000132e      0x2e8 /home/nikhil/Projects/RISCV/Toolchain/RV32IMA/riscv/bin/../lib/gcc/riscv32-unknown-elf/8.2.0/libgcc.a(_umoddi3.o)
 .debug_abbrev  0x0000000000001616      0x187 /home/nikhil/Projects/RISCV/Toolchain/RV32IMA/riscv/bin/../lib/gcc/riscv32-unknown-elf/8.2.0/libgcc.a(divdf3.o)
 .debug_abbrev  0x000000000000179d      0x18e /home/nikhil/Projects/RISCV/Toolchain/RV32IMA/riscv/bin/../lib/gcc/riscv32-unknown-elf/8.2.0/libgcc.a(muldf3.o)
 .debug_abbrev  0x000000000000192b      0x18b /home/nikhil/Projects/RISCV/Toolchain/RV32IMA/riscv/bin/../lib/gcc/riscv32-unknown-elf/8.2.0/libgcc.a(eqtf2.o)
 .debug_abbrev  0x0000000000001ab6      0x19e /home/nikhil/Projects/RISCV/Toolchain/RV32IMA/riscv/bin/../lib/gcc/riscv32-unknown-elf/8.2.0/libgcc.a(getf2.o)
 .debug_abbrev  0x0000000000001c54      0x19e /home/nikhil/Projects/RISCV/Toolchain/RV32IMA/riscv/bin/../lib/gcc/riscv32-unknown-elf/8.2.0/libgcc.a(letf2.o)
 .debug_abbrev  0x0000000000001df2      0x1a8 /home/nikhil/Projects/RISCV/Toolchain/RV32IMA/riscv/bin/../lib/gcc/riscv32-unknown-elf/8.2.0/libgcc.a(multf3.o)
 .debug_abbrev  0x0000000000001f9a      0x1bd /home/nikhil/Projects/RISCV/Toolchain/RV32IMA/riscv/bin/../lib/gcc/riscv32-unknown-elf/8.2.0/libgcc.a(subtf3.o)
 .debug_abbrev  0x0000000000002157      0x1ac /home/nikhil/Projects/RISCV/Toolchain/RV32IMA/riscv/bin/../lib/gcc/riscv32-unknown-elf/8.2.0/libgcc.a(fixtfsi.o)
 .debug_abbrev  0x0000000000002303      0x1b5 /home/nikhil/Projects/RISCV/Toolchain/RV32IMA/riscv/bin/../lib/gcc/riscv32-unknown-elf/8.2.0/libgcc.a(floatsitf.o)
 .debug_abbrev  0x00000000000024b8      0x1ab /home/nikhil/Projects/RISCV/Toolchain/RV32IMA/riscv/bin/../lib/gcc/riscv32-unknown-elf/8.2.0/libgcc.a(extenddftf2.o)
 .debug_abbrev  0x0000000000002663      0x1b7 /home/nikhil/Projects/RISCV/Toolchain/RV32IMA/riscv/bin/../lib/gcc/riscv32-unknown-elf/8.2.0/libgcc.a(trunctfdf2.o)
 .debug_abbrev  0x000000000000281a      0x242 /home/nikhil/Projects/RISCV/Toolchain/RV32IMA/riscv/bin/../lib/gcc/riscv32-unknown-elf/8.2.0/libgcc.a(_clzsi2.o)

.debug_line     0x0000000000000000     0xae09
 *(.debug_line .debug_line.* .debug_line_end)
 .debug_line    0x0000000000000000       0x6c ./lib/startup.o
 .debug_line    0x000000000000006c      0x51f ./lib/syscalls.o
 .debug_line    0x000000000000058b      0x1f3 ./lib/riscv_counters.o
 .debug_line    0x000000000000077e      0x29c ./lib/ns16550.o
 .debug_line    0x0000000000000a1a      0x6c6 /tmp/ccIGJ0RG.o