Archive member included to satisfy reference by file (symbol)

/home/nikhil/Projects/RISCV/Toolchain/RV32IMA/riscv/bin/../lib/gcc/riscv32-unknown-elf/8.2.0/libgcc.a(_divdi3.o)
                              ./lib/syscalls.o (__divdi3)
/home/nikhil/Projects/RISCV/Toolchain/RV32IMA/riscv/bin/../lib/gcc/riscv32-unknown-elf/8.2.0/libgcc.a(_moddi3.o)
                              ./lib/syscalls.o (__moddi3)
/home/nikhil/Projects/RISCV/Toolchain/RV32IMA/riscv/bin/../lib/gcc/riscv32-unknown-elf/8.2.0/libgcc.a(_clz.o)
                              /home/nikhil/Projects/RISCV/Toolchain/RV32IMA/riscv/bin/../lib/gcc/riscv32-unknown-elf/8.2.0/libgcc.a(_divdi3.o) (__clz_tab)
/home/nikhil/Projects/RISCV/Toolchain/RV32IMA/riscv/bin/../lib/gcc/riscv32-unknown-elf/8.2.0/../../../../riscv32-unknown-elf/lib/libc.a(lib_a-atexit.o)
                              /home/nikhil/Projects/RISCV/Toolchain/RV32IMA/riscv/bin/../lib/gcc/riscv32-unknown-elf/8.2.0/../../../../riscv32-unknown-elf/lib/crt0.o (atexit)
/home/nikhil/Projects/RISCV/Toolchain/RV32IMA/riscv/bin/../lib/gcc/riscv32-unknown-elf/8.2.0/../../../../riscv32-unknown-elf/lib/libc.a(lib_a-errno.o)
                              ./lib/syscalls.o (__errno)
/home/nikhil/Projects/RISCV/Toolchain/RV32IMA/riscv/bin/../lib/gcc/riscv32-unknown-elf/8.2.0/../../../../riscv32-unknown-elf/lib/libc.a(lib_a-exit.o)
                              /home/nikhil/Projects/RISCV/Toolchain/RV32IMA/riscv/bin/../lib/gcc/riscv32-unknown-elf/8.2.0/../../../../riscv32-unknown-elf/lib/crt0.o (exit)
/home/nikhil/Projects/RISCV/Toolchain/RV32IMA/riscv/bin/../lib/gcc/riscv32-unknown-elf/8.2.0/../../../../riscv32-unknown-elf/lib/libc.a(lib_a-fini.o)
                              /home/nikhil/Projects/RISCV/Toolchain/RV32IMA/riscv/bin/../lib/gcc/riscv32-unknown-elf/8.2.0/../../../../riscv32-unknown-elf/lib/crt0.o (__libc_fini_array)
/home/nikhil/Projects/RISCV/Toolchain/RV32IMA/riscv/bin/../lib/gcc/riscv32-unknown-elf/8.2.0/../../../../riscv32-unknown-elf/lib/libc.a(lib_a-fprintf.o)
                              /tmp/ccm8EaTV.o (fprintf)
/home/nikhil/Projects/RISCV/Toolchain/RV32IMA/riscv/bin/../lib/gcc/riscv32-unknown-elf/8.2.0/../../../../riscv32-unknown-elf/lib/libc.a(lib_a-fwrite.o)
                              /tmp/ccm8EaTV.o (fwrite)
/home/nikhil/Projects/RISCV/Toolchain/RV32IMA/riscv/bin/../lib/gcc/riscv32-unknown-elf/8.2.0/../../../../riscv32-unknown-elf/lib/libc.a(lib_a-impure.o)
                              /home/nikhil/Projects/RISCV/Toolchain/RV32IMA/riscv/bin/../lib/gcc/riscv32-unknown-elf/8.2.0/../../../../riscv32-unknown-elf/lib/libc.a(lib_a-exit.o) (_global_impure_ptr)
/home/nikhil/Projects/RISCV/Toolchain/RV32IMA/riscv/bin/../lib/gcc/riscv32-unknown-elf/8.2.0/../../../../riscv32-unknown-elf/lib/libc.a(lib_a-init.o)
                              /home/nikhil/Projects/RISCV/Toolchain/RV32IMA/riscv/bin/../lib/gcc/riscv32-unknown-elf/8.2.0/../../../../riscv32-unknown-elf/lib/crt0.o (__libc_init_array)
/home/nikhil/Projects/RISCV/Toolchain/RV32IMA/riscv/bin/../lib/gcc/riscv32-unknown-elf/8.2.0/../../../../riscv32-unknown-elf/lib/libc.a(lib_a-memset.o)
                              /home/nikhil/Projects/RISCV/Toolchain/RV32IMA/riscv/bin/../lib/gcc/riscv32-unknown-elf/8.2.0/../../../../riscv32-unknown-elf/lib/crt0.o (memset)
/home/nikhil/Projects/RISCV/Toolchain/RV32IMA/riscv/bin/../lib/gcc/riscv32-unknown-elf/8.2.0/../../../../riscv32-unknown-elf/lib/libc.a(lib_a-vfprintf.o)
                              /home/nikhil/Projects/RISCV/Toolchain/RV32IMA/riscv/bin/../lib/gcc/riscv32-unknown-elf/8.2.0/../../../../riscv32-unknown-elf/lib/libc.a(lib_a-fprintf.o) (_vfprintf_r)
/home/nikhil/Projects/RISCV/Toolchain/RV32IMA/riscv/bin/../lib/gcc/riscv32-unknown-elf/8.2.0/../../../../riscv32-unknown-elf/lib/libc.a(lib_a-wsetup.o)
                              /home/nikhil/Projects/RISCV/Toolchain/RV32IMA/riscv/bin/../lib/gcc/riscv32-unknown-elf/8.2.0/../../../../riscv32-unknown-elf/lib/libc.a(lib_a-vfprintf.o) (__swsetup_r)
/home/nikhil/Projects/RISCV/Toolchain/RV32IMA/riscv/bin/../lib/gcc/riscv32-unknown-elf/8.2.0/../../../../riscv32-unknown-elf/lib/libc.a(lib_a-__atexit.o)
                              /home/nikhil/Projects/RISCV/Toolchain/RV32IMA/riscv/bin/../lib/gcc/riscv32-unknown-elf/8.2.0/../../../../riscv32-unknown-elf/lib/libc.a(lib_a-atexit.o) (__register_exitproc)
/home/nikhil/Projects/RISCV/Toolchain/RV32IMA/riscv/bin/../lib/gcc/riscv32-unknown-elf/8.2.0/../../../../riscv32-unknown-elf/lib/libc.a(lib_a-__call_atexit.o)
                              /home/nikhil/Projects/RISCV/Toolchain/RV32IMA/riscv/bin/../lib/gcc/riscv32-unknown-elf/8.2.0/../../../../riscv32-unknown-elf/lib/libc.a(lib_a-exit.o) (__call_exitprocs)
/home/nikhil/Projects/RISCV/Toolchain/RV32IMA/riscv/bin/../lib/gcc/riscv32-unknown-elf/8.2.0/../../../../riscv32-unknown-elf/lib/libc.a(lib_a-fflush.o)
[...]
Memory Configuration

Name             Origin             Length             Attributes
*default*        0x0000000000000000 0xffffffffffffffff

Linker script and memory map

LOAD ./lib/syscalls.o
LOAD ./lib/riscv_counters.o
LOAD ./lib/ns16550.o
Address of section .text-segment set to 0x80000000
LOAD /tmp/ccm8EaTV.o
LOAD /home/nikhil/Projects/RISCV/Toolchain/RV32IMA/riscv/bin/../lib/gcc/riscv32-unknown-elf/8.2.0/../../../../riscv32-unknown-elf/lib/libm.a
LOAD /home/nikhil/Projects/RISCV/Toolchain/RV32IMA/riscv/bin/../lib/gcc/riscv32-unknown-elf/8.2.0/libgcc.a
LOAD /home/nikhil/Projects/RISCV/Toolchain/RV32IMA/riscv/bin/../lib/gcc/riscv32-unknown-elf/8.2.0/../../../../riscv32-unknown-elf/lib/libnosys.a
LOAD /home/nikhil/Projects/RISCV/Toolchain/RV32IMA/riscv/bin/../lib/gcc/riscv32-unknown-elf/8.2.0/libgcc.a
START GROUP
LOAD /home/nikhil/Projects/RISCV/Toolchain/RV32IMA/riscv/bin/../lib/gcc/riscv32-unknown-elf/8.2.0/libgcc.a
LOAD /home/nikhil/Projects/RISCV/Toolchain/RV32IMA/riscv/bin/../lib/gcc/riscv32-unknown-elf/8.2.0/../../../../riscv32-unknown-elf/lib/libc.a
LOAD /home/nikhil/Projects/RISCV/Toolchain/RV32IMA/riscv/bin/../lib/gcc/riscv32-unknown-elf/8.2.0/../../../../riscv32-unknown-elf/lib/libnosys.a
END GROUP
LOAD /home/nikhil/Projects/RISCV/Toolchain/RV32IMA/riscv/bin/../lib/gcc/riscv32-unknown-elf/8.2.0/crtend.o
                [!provide]                        PROVIDE (__executable_start = SEGMENT_START ("text-segment", 0x10000))
                0x0000000080000074                . = (SEGMENT_START ("text-segment", 0x10000) + SIZEOF_HEADERS)

.interp
 *(.interp)

.note.gnu.build-id
 *(.note.gnu.build-id)

.hash
 *(.hash)

.gnu.hash
 *(.gnu.hash)

.dynsym
 *(.dynsym)

.dynstr
 *(.dynstr)

.gnu.version
 *(.gnu.version)

.gnu.version_d
 *(.gnu.version_d)

.gnu.version_r
 *(.gnu.version_r)

.rela.dyn       0x0000000080000074        0x0
 *(.rela.init)
 *(.rela.text .rela.text.* .rela.gnu.linkonce.t.*)
 .rela.text     0x0000000080000074        0x0 /home/nikhil/Projects/RISCV/Toolchain/RV32IMA/riscv/bin/../lib/gcc/riscv32-unknown-elf/8.2.0/../../../../riscv32-unknown-elf/lib/crt0.o
 *(.rela.fini)
 *(.rela.rodata .rela.rodata.* .rela.gnu.linkonce.r.*)
 *(.rela.data .rela.data.* .rela.gnu.linkonce.d.*)
 *(.rela.tdata .rela.tdata.* .rela.gnu.linkonce.td.*)
 *(.rela.tbss .rela.tbss.* .rela.gnu.linkonce.tb.*)
 *(.rela.ctors)
 *(.rela.dtors)
 *(.rela.got)
 *(.rela.sdata .rela.sdata.* .rela.gnu.linkonce.s.*)
 *(.rela.sbss .rela.sbss.* .rela.gnu.linkonce.sb.*)
 *(.rela.sdata2 .rela.sdata2.* .rela.gnu.linkonce.s2.*)
 *(.rela.sbss2 .rela.sbss2.* .rela.gnu.linkonce.sb2.*)
 *(.rela.bss .rela.bss.* .rela.gnu.linkonce.b.*)
                [!provide]                        PROVIDE (__rela_iplt_start = .)
 *(.rela.iplt)
                [!provide]                        PROVIDE (__rela_iplt_end = .)

.rela.plt
 *(.rela.plt)

.init
 *(SORT_NONE(.init))

.plt
 *(.plt)

.iplt
 *(.iplt)

.text           0x0000000080000074    0x11b58
 *(.text.unlikely .text.*_unlikely .text.unlikely.*)
 *(.text.exit .text.exit.*)
 *(.text.startup .text.startup.*)
 *(.text.hot .text.hot.*)
 *(.text .stub .text.* .gnu.linkonce.t.*)
 .text          0x0000000080000074       0x48 /home/nikhil/Projects/RISCV/Toolchain/RV32IMA/riscv/bin/../lib/gcc/riscv32-unknown-elf/8.2.0/../../../../riscv32-unknown-elf/lib/crt0.o
                0x0000000080000074                _start
                0x00000000800000b8                _init
                0x00000000800000b8                _fini
 .text          0x00000000800000bc       0xcc /home/nikhil/Projects/RISCV/Toolchain/RV32IMA/riscv/bin/../lib/gcc/riscv32-unknown-elf/8.2.0/crtbegin.o
 .text          0x0000000080000188      0x4ec ./lib/syscalls.o
                0x0000000080000188                read
                0x0000000080000214                write
                0x0000000080000280                gettimeofday
                0x000000008000037c                sleep
                0x0000000080000428                _sbrk
                0x0000000080000464                _write
                0x00000000800004d0                _close
                0x000000008000050c                _lseek
                0x0000000080000550                _read
                0x0000000080000594                _fstat
                0x00000000800005d4                _isatty
                0x0000000080000610                _kill
                0x0000000080000650                _getpid
 .text          0x0000000080000674       0x9c ./lib/riscv_counters.o
                0x0000000080000674                read_cycle
                0x00000000800006a8                read_time
                0x00000000800006dc                read_instret
 .text          0x0000000080000710      0x1e4 ./lib/ns16550.o
                0x00000000800007e8                ns16550_rxready
                0x0000000080000820                ns16550_rxchar
                0x0000000080000868                ns16550_txchar
                0x00000000800008bc                ns16550_flush
 .text          0x00000000800008f4      0x7a0 /tmp/ccm8EaTV.o
                0x00000000800008f4                merge_engine
                0x0000000080000abc                mergesort
                0x0000000080000bbc                mergesort_accelerated
                0x0000000080000c60                dump_array
                0x0000000080000d04                run
                0x0000000080000f64                main
 .text          0x0000000080001094      0x480 /home/nikhil/Projects/RISCV/Toolchain/RV32IMA/riscv/bin/../lib/gcc/riscv32-unknown-elf/8.2.0/libgcc.a(_divdi3.o)
                0x0000000080001094                __divdi3
 .text          0x0000000080001514      0x458 /home/nikhil/Projects/RISCV/Toolchain/RV32IMA/riscv/bin/../lib/gcc/riscv32-unknown-elf/8.2.0/libgcc.a(_moddi3.o)
                0x0000000080001514                __moddi3
 .text          0x000000008000196c        0x0 /home/nikhil/Projects/RISCV/Toolchain/RV32IMA/riscv/bin/../lib/gcc/riscv32-unknown-elf/8.2.0/libgcc.a(_clz.o)
 .text          0x000000008000196c       0x14 /home/nikhil/Projects/RISCV/Toolchain/RV32IMA/riscv/bin/../lib/gcc/riscv32-unknown-elf/8.2.0/../../../../riscv32-unknown-elf/lib/libc.a(lib_a-atexit.o)
                0x000000008000196c                atexit
 .text          0x0000000080001980        0xc /home/nikhil/Projects/RISCV/Toolchain/RV32IMA/riscv/bin/../lib/gcc/riscv32-unknown-elf/8.2.0/../../../../riscv32-unknown-elf/lib/libc.a(lib_a-errno.o)
                0x0000000080001980                __errno
 .text          0x000000008000198c       0x34 /home/nikhil/Projects/RISCV/Toolchain/RV32IMA/riscv/bin/../lib/gcc/riscv32-unknown-elf/8.2.0/../../../../riscv32-unknown-elf/lib/libc.a(lib_a-exit.o)
                0x000000008000198c                exit
 .text          0x00000000800019c0       0x5c /home/nikhil/Projects/RISCV/Toolchain/RV32IMA/riscv/bin/../lib/gcc/riscv32-unknown-elf/8.2.0/../../../../riscv32-unknown-elf/lib/libc.a(lib_a-fini.o)
                0x00000000800019c0                __libc_fini_array
 .text          0x0000000080001a1c       0x7c /home/nikhil/Projects/RISCV/Toolchain/RV32IMA/riscv/bin/../lib/gcc/riscv32-unknown-elf/8.2.0/../../../../riscv32-unknown-elf/lib/libc.a(lib_a-fprintf.o)
                0x0000000080001a1c                _fprintf_r
                0x0000000080001a50                fprintf
 .text          0x0000000080001a98       0xe4 /home/nikhil/Projects/RISCV/Toolchain/RV32IMA/riscv/bin/../lib/gcc/riscv32-unknown-elf/8.2.0/../../../../riscv32-unknown-elf/lib/libc.a(lib_a-fwrite.o)
                0x0000000080001a98                _fwrite_r
                0x0000000080001b60                fwrite
 .text          0x0000000080001b7c        0x0 /home/nikhil/Projects/RISCV/Toolchain/RV32IMA/riscv/bin/../lib/gcc/riscv32-unknown-elf/8.2.0/../../../../riscv32-unknown-elf/lib/libc.a(lib_a-impure.o)
 .text          0x0000000080001b7c       0xa8 /home/nikhil/Projects/RISCV/Toolchain/RV32IMA/riscv/bin/../lib/gcc/riscv32-unknown-elf/8.2.0/../../../../riscv32-unknown-elf/lib/libc.a(lib_a-init.o)
                0x0000000080001b7c                __libc_init_array
 .text          0x0000000080001c24       0xdc /home/nikhil/Projects/RISCV/Toolchain/RV32IMA/riscv/bin/../lib/gcc/riscv32-unknown-elf/8.2.0/../../../../riscv32-unknown-elf/lib/libc.a(lib_a-memset.o)
                0x0000000080001c24                memset
 .text          0x0000000080001d00     0x2080 /home/nikhil/Projects/RISCV/Toolchain/RV32IMA/riscv/bin/../lib/gcc/riscv32-unknown-elf/8.2.0/../../../../riscv32-unknown-elf/lib/libc.a(lib_a-vfprintf.o)
                0x0000000080001d00                _vfprintf_r
                0x0000000080003cac                vfprintf
 .text          0x0000000080003d80      0x138 /home/nikhil/Projects/RISCV/Toolchain/RV32IMA/riscv/bin/../lib/gcc/riscv32-unknown-elf/8.2.0/../../../../riscv32-unknown-elf/lib/libc.a(lib_a-wsetup.o)
                0x0000000080003d80                __swsetup_r
 .text          0x0000000080003eb8       0x80 /home/nikhil/Projects/RISCV/Toolchain/RV32IMA/riscv/bin/../lib/gcc/riscv32-unknown-elf/8.2.0/../../../../riscv32-unknown-elf/lib/libc.a(lib_a-__atexit.o)
                0x0000000080003eb8                __register_exitproc
 .text          0x0000000080003f38      0x110 /home/nikhil/Projects/RISCV/Toolchain/RV32IMA/riscv/bin/../lib/gcc/riscv32-unknown-elf/8.2.0/../../../../riscv32-unknown-elf/lib/libc.a(lib_a-__call_atexit.o)
                0x0000000080003f38                __call_exitprocs
 .text          0x0000000080004048      0x288 /home/nikhil/Projects/RISCV/Toolchain/RV32IMA/riscv/bin/../lib/gcc/riscv32-unknown-elf/8.2.0/../../../../riscv32-unknown-elf/lib/libc.a(lib_a-fflush.o)
                0x0000000080004048                __sflush_r
                0x0000000080004250                _fflush_r
                0x00000000800042a8                fflush
 .text          0x00000000800042d0      0x2c4 /home/nikhil/Projects/RISCV/Toolchain/RV32IMA/riscv/bin/../lib/gcc/riscv32-unknown-elf/8.2.0/../../../../riscv32-unknown-elf/lib/libc.a(lib_a-findfp.o)
                0x0000000080004360                _cleanup_r
                0x0000000080004374                __sfmoreglue
                0x00000000800043e0                _cleanup
                0x00000000800043ec                __sinit
                0x0000000080004470                __sfp
                0x000000008000455c                __sfp_lock_acquire
                0x0000000080004560                __sfp_lock_release
                0x0000000080004564                __sinit_lock_acquire
                0x0000000080004568                __sinit_lock_release
                0x000000008000456c                __fp_lock_all
                0x0000000080004580                __fp_unlock_all
 .text          0x0000000080004594      0x364 /home/nikhil/Projects/RISCV/Toolchain/RV32IMA/riscv/bin/../lib/gcc/riscv32-unknown-elf/8.2.0/../../../../riscv32-unknown-elf/lib/libc.a(lib_a-freer.o)
                0x0000000080004594                _malloc_trim_r
                0x00000000800046a4                _free_r
 .text          0x00000000800048f8      0x460 /home/nikhil/Projects/RISCV/Toolchain/RV32IMA/riscv/bin/../lib/gcc/riscv32-unknown-elf/8.2.0/../../../../riscv32-unknown-elf/lib/libc.a(lib_a-fvwrite.o)
                0x00000000800048f8                __sfvwrite_r
 .text          0x0000000080004d58      0x154 /home/nikhil/Projects/RISCV/Toolchain/RV32IMA/riscv/bin/../lib/gcc/riscv32-unknown-elf/8.2.0/../../../../riscv32-unknown-elf/lib/libc.a(lib_a-fwalk.o)
                0x0000000080004d58                _fwalk
                0x0000000080004df8                _fwalk_reent
 .text          0x0000000080004eac     0x1f80 /home/nikhil/Projects/RISCV/Toolchain/RV32IMA/riscv/bin/../lib/gcc/riscv32-unknown-elf/8.2.0/../../../../riscv32-unknown-elf/lib/libc.a(lib_a-ldtoa.o)
                0x00000000800061d0                _ldtoa_r
                0x0000000080006dc8                _ldcheck
 .text          0x0000000080006e2c       0x40 /home/nikhil/Projects/RISCV/Toolchain/RV32IMA/riscv/bin/../lib/gcc/riscv32-unknown-elf/8.2.0/../../../../riscv32-unknown-elf/lib/libc.a(lib_a-localeconv.o)
                0x0000000080006e2c                __localeconv_l
                0x0000000080006e34                _localeconv_r
                0x0000000080006e50                localeconv
 .text          0x0000000080006e6c       0xd0 /home/nikhil/Projects/RISCV/Toolchain/RV32IMA/riscv/bin/../lib/gcc/riscv32-unknown-elf/8.2.0/../../../../riscv32-unknown-elf/lib/libc.a(lib_a-locale.o)
                0x0000000080006e6c                _setlocale_r
                0x0000000080006ee8                __locale_mb_cur_max
                0x0000000080006f04                __locale_ctype_ptr_l
                0x0000000080006f0c                __locale_ctype_ptr
                0x0000000080006f28                setlocale
 .text          0x0000000080006f3c      0x18c /home/nikhil/Projects/RISCV/Toolchain/RV32IMA/riscv/bin/../lib/gcc/riscv32-unknown-elf/8.2.0/../../../../riscv32-unknown-elf/lib/libc.a(lib_a-makebuf.o)
                0x0000000080006f3c                __swhatbuf_r
                0x0000000080006fd8                __smakebuf_r
 .text          0x00000000800070c8      0x664 /home/nikhil/Projects/RISCV/Toolchain/RV32IMA/riscv/bin/../lib/gcc/riscv32-unknown-elf/8.2.0/../../../../riscv32-unknown-elf/lib/libc.a(lib_a-mallocr.o)
                0x00000000800070c8                _malloc_r
 .text          0x000000008000772c       0x78 /home/nikhil/Projects/RISCV/Toolchain/RV32IMA/riscv/bin/../lib/gcc/riscv32-unknown-elf/8.2.0/../../../../riscv32-unknown-elf/lib/libc.a(lib_a-mbtowc_r.o)
                0x000000008000772c                _mbtowc_r
                0x0000000080007748                __ascii_mbtowc
 .text          0x00000000800077a4       0x24 /home/nikhil/Projects/RISCV/Toolchain/RV32IMA/riscv/bin/../lib/gcc/riscv32-unknown-elf/8.2.0/../../../../riscv32-unknown-elf/lib/libc.a(lib_a-memchr.o)
                0x00000000800077a4                memchr
 .text          0x00000000800077c8       0xd8 /home/nikhil/Projects/RISCV/Toolchain/RV32IMA/riscv/bin/../lib/gcc/riscv32-unknown-elf/8.2.0/../../../../riscv32-unknown-elf/lib/libc.a(lib_a-memcpy.o)
                0x00000000800077c8                memcpy
 .text          0x00000000800078a0       0x5c /home/nikhil/Projects/RISCV/Toolchain/RV32IMA/riscv/bin/../lib/gcc/riscv32-unknown-elf/8.2.0/../../../../riscv32-unknown-elf/lib/libc.a(lib_a-memmove.o)
                0x00000000800078a0                memmove
 .text          0x00000000800078fc        0x8 /home/nikhil/Projects/RISCV/Toolchain/RV32IMA/riscv/bin/../lib/gcc/riscv32-unknown-elf/8.2.0/../../../../riscv32-unknown-elf/lib/libc.a(lib_a-mlock.o)
                0x00000000800078fc                __malloc_lock
                0x0000000080007900                __malloc_unlock
 .text          0x0000000080007904      0xe7c /home/nikhil/Projects/RISCV/Toolchain/RV32IMA/riscv/bin/../lib/gcc/riscv32-unknown-elf/8.2.0/../../../../riscv32-unknown-elf/lib/libc.a(lib_a-mprec.o)
                0x0000000080007904                _Balloc
                0x00000000800079ac                _Bfree
                0x00000000800079d0                __multadd
                0x0000000080007acc                __s2b
                0x0000000080007bd8                __hi0bits
                0x0000000080007c48                __lo0bits
                0x0000000080007cf8                __i2b
                0x0000000080007d2c                __multiply
                0x0000000080007eec                __pow5mult
                0x0000000080007fe8                __lshift
                0x0000000080008124                __mcmp
                0x0000000080008178                __mdiff
                0x00000000800082e8                __ulp
                0x0000000080008344                __b2d
                0x0000000080008448                __d2b
                0x0000000080008584                __ratio
                0x0000000080008640                _mprec_log10
                0x00000000800086c8                __copybits
                0x0000000080008718                __any_on
 .text          0x0000000080008780      0x544 /home/nikhil/Projects/RISCV/Toolchain/RV32IMA/riscv/bin/../lib/gcc/riscv32-unknown-elf/8.2.0/../../../../riscv32-unknown-elf/lib/libc.a(lib_a-reallocr.o)
                0x0000000080008780                _realloc_r
 .text          0x0000000080008cc4       0x4c /home/nikhil/Projects/RISCV/Toolchain/RV32IMA/riscv/bin/../lib/gcc/riscv32-unknown-elf/8.2.0/../../../../riscv32-unknown-elf/lib/libc.a(lib_a-sbrkr.o)
                0x0000000080008cc4                _sbrk_r
 .text          0x0000000080008d10       0xb4 /home/nikhil/Projects/RISCV/Toolchain/RV32IMA/riscv/bin/../lib/gcc/riscv32-unknown-elf/8.2.0/../../../../riscv32-unknown-elf/lib/libc.a(lib_a-s_frexp.o)
                0x0000000080008d10                frexp
 .text          0x0000000080008dc4       0xd8 /home/nikhil/Projects/RISCV/Toolchain/RV32IMA/riscv/bin/../lib/gcc/riscv32-unknown-elf/8.2.0/../../../../riscv32-unknown-elf/lib/libc.a(lib_a-sprintf.o)
                0x0000000080008dc4                _sprintf_r
                0x0000000080008e28                sprintf
 .text          0x0000000080008e9c      0x13c /home/nikhil/Projects/RISCV/Toolchain/RV32IMA/riscv/bin/../lib/gcc/riscv32-unknown-elf/8.2.0/../../../../riscv32-unknown-elf/lib/libc.a(lib_a-stdio.o)
                0x0000000080008e9c                __sread
                0x0000000080008eec                __seofread
                0x0000000080008ef4                __swrite
                0x0000000080008f78                __sseek
                0x0000000080008fd0                __sclose
 .text          0x0000000080008fd8      0x17c /home/nikhil/Projects/RISCV/Toolchain/RV32IMA/riscv/bin/../lib/gcc/riscv32-unknown-elf/8.2.0/../../../../riscv32-unknown-elf/lib/libc.a(lib_a-strcmp.o)
                0x0000000080008fd8                strcmp
 .text          0x0000000080009154       0x1c /home/nikhil/Projects/RISCV/Toolchain/RV32IMA/riscv/bin/../lib/gcc/riscv32-unknown-elf/8.2.0/../../../../riscv32-unknown-elf/lib/libc.a(lib_a-strcpy.o)
                0x0000000080009154                strcpy
 .text          0x0000000080009170       0x1c /home/nikhil/Projects/RISCV/Toolchain/RV32IMA/riscv/bin/../lib/gcc/riscv32-unknown-elf/8.2.0/../../../../riscv32-unknown-elf/lib/libc.a(lib_a-strlen.o)
                0x0000000080009170                strlen
 .text          0x000000008000918c       0x38 /home/nikhil/Projects/RISCV/Toolchain/RV32IMA/riscv/bin/../lib/gcc/riscv32-unknown-elf/8.2.0/../../../../riscv32-unknown-elf/lib/libc.a(lib_a-strncpy.o)
                0x000000008000918c                strncpy
 .text          0x00000000800091c4     0x1f50 /home/nikhil/Projects/RISCV/Toolchain/RV32IMA/riscv/bin/../lib/gcc/riscv32-unknown-elf/8.2.0/../../../../riscv32-unknown-elf/lib/libc.a(lib_a-svfprintf.o)
                0x00000000800091c4                _svfprintf_r
 .text          0x000000008000b114      0xe68 /home/nikhil/Projects/RISCV/Toolchain/RV32IMA/riscv/bin/../lib/gcc/riscv32-unknown-elf/8.2.0/../../../../riscv32-unknown-elf/lib/libc.a(lib_a-vfiprintf.o)
                0x000000008000b114                __sprint_r
                0x000000008000b210                _vfiprintf_r
                0x000000008000bea8                vfiprintf
 .text          0x000000008000bf7c       0x4c /home/nikhil/Projects/RISCV/Toolchain/RV32IMA/riscv/bin/../lib/gcc/riscv32-unknown-elf/8.2.0/../../../../riscv32-unknown-elf/lib/libc.a(lib_a-wctomb_r.o)
                0x000000008000bf7c                _wctomb_r
                0x000000008000bf98                __ascii_wctomb
 .text          0x000000008000bfc8       0x54 /home/nikhil/Projects/RISCV/Toolchain/RV32IMA/riscv/bin/../lib/gcc/riscv32-unknown-elf/8.2.0/../../../../riscv32-unknown-elf/lib/libc.a(lib_a-writer.o)
                0x000000008000bfc8                _write_r
 .text          0x000000008000c01c       0x9c /home/nikhil/Projects/RISCV/Toolchain/RV32IMA/riscv/bin/../lib/gcc/riscv32-unknown-elf/8.2.0/../../../../riscv32-unknown-elf/lib/libc.a(lib_a-callocr.o)
                0x000000008000c01c                _calloc_r
 .text          0x000000008000c0b8       0x4c /home/nikhil/Projects/RISCV/Toolchain/RV32IMA/riscv/bin/../lib/gcc/riscv32-unknown-elf/8.2.0/../../../../riscv32-unknown-elf/lib/libc.a(lib_a-closer.o)
                0x000000008000c0b8                _close_r
 .text          0x000000008000c104        0x0 /home/nikhil/Projects/RISCV/Toolchain/RV32IMA/riscv/bin/../lib/gcc/riscv32-unknown-elf/8.2.0/../../../../riscv32-unknown-elf/lib/libc.a(lib_a-ctype_.o)
 .text          0x000000008000c104       0xec /home/nikhil/Projects/RISCV/Toolchain/RV32IMA/riscv/bin/../lib/gcc/riscv32-unknown-elf/8.2.0/../../../../riscv32-unknown-elf/lib/libc.a(lib_a-fclose.o)
                0x000000008000c104                _fclose_r
                0x000000008000c1e0                fclose
 .text          0x000000008000c1f0      0x198 /home/nikhil/Projects/RISCV/Toolchain/RV32IMA/riscv/bin/../lib/gcc/riscv32-unknown-elf/8.2.0/../../../../riscv32-unknown-elf/lib/libc.a(lib_a-fputwc.o)
                0x000000008000c1f0                __fputwc
                0x000000008000c304                _fputwc_r
                0x000000008000c330                fputwc
 .text          0x000000008000c388       0x50 /home/nikhil/Projects/RISCV/Toolchain/RV32IMA/riscv/bin/../lib/gcc/riscv32-unknown-elf/8.2.0/../../../../riscv32-unknown-elf/lib/libc.a(lib_a-fstatr.o)
                0x000000008000c388                _fstat_r
 .text          0x000000008000c3d8       0x4c /home/nikhil/Projects/RISCV/Toolchain/RV32IMA/riscv/bin/../lib/gcc/riscv32-unknown-elf/8.2.0/../../../../riscv32-unknown-elf/lib/libc.a(lib_a-isattyr.o)
                0x000000008000c3d8                _isatty_r
 .text          0x000000008000c424       0x54 /home/nikhil/Projects/RISCV/Toolchain/RV32IMA/riscv/bin/../lib/gcc/riscv32-unknown-elf/8.2.0/../../../../riscv32-unknown-elf/lib/libc.a(lib_a-lseekr.o)
                0x000000008000c424                _lseek_r
 .text          0x000000008000c478       0x54 /home/nikhil/Projects/RISCV/Toolchain/RV32IMA/riscv/bin/../lib/gcc/riscv32-unknown-elf/8.2.0/../../../../riscv32-unknown-elf/lib/libc.a(lib_a-readr.o)
                0x000000008000c478                _read_r
 .text          0x000000008000c4cc      0x154 /home/nikhil/Projects/RISCV/Toolchain/RV32IMA/riscv/bin/../lib/gcc/riscv32-unknown-elf/8.2.0/../../../../riscv32-unknown-elf/lib/libc.a(lib_a-reent.o)
                0x000000008000c4cc                cleanup_glue
                0x000000008000c50c                _reclaim_reent
 .text          0x000000008000c620      0xe04 /home/nikhil/Projects/RISCV/Toolchain/RV32IMA/riscv/bin/../lib/gcc/riscv32-unknown-elf/8.2.0/../../../../riscv32-unknown-elf/lib/libc.a(lib_a-svfiprintf.o)
                0x000000008000c620                __ssprint_r
                0x000000008000c7e8                _svfiprintf_r
 .text          0x000000008000d424      0x144 /home/nikhil/Projects/RISCV/Toolchain/RV32IMA/riscv/bin/../lib/gcc/riscv32-unknown-elf/8.2.0/../../../../riscv32-unknown-elf/lib/libc.a(lib_a-wbuf.o)
                0x000000008000d424                __swbuf_r
                0x000000008000d554                __swbuf
 .text          0x000000008000d568       0x9c /home/nikhil/Projects/RISCV/Toolchain/RV32IMA/riscv/bin/../lib/gcc/riscv32-unknown-elf/8.2.0/../../../../riscv32-unknown-elf/lib/libc.a(lib_a-wcrtomb.o)
                0x000000008000d568                _wcrtomb_r
                0x000000008000d5ec                wcrtomb
 .text          0x000000008000d604        0x4 /home/nikhil/Projects/RISCV/Toolchain/RV32IMA/riscv/bin/../lib/gcc/riscv32-unknown-elf/8.2.0/../../../../riscv32-unknown-elf/lib/libnosys.a(_exit.o)
                0x000000008000d604                _exit
 .text          0x000000008000d608      0x434 /home/nikhil/Projects/RISCV/Toolchain/RV32IMA/riscv/bin/../lib/gcc/riscv32-unknown-elf/8.2.0/libgcc.a(_udivdi3.o)
                0x000000008000d608                __udivdi3
 .text          0x000000008000da3c      0x410 /home/nikhil/Projects/RISCV/Toolchain/RV32IMA/riscv/bin/../lib/gcc/riscv32-unknown-elf/8.2.0/libgcc.a(_umoddi3.o)
                0x000000008000da3c                __umoddi3
 .text          0x000000008000de4c      0x6d4 /home/nikhil/Projects/RISCV/Toolchain/RV32IMA/riscv/bin/../lib/gcc/riscv32-unknown-elf/8.2.0/libgcc.a(divdf3.o)
                0x000000008000de4c                __divdf3
 .text          0x000000008000e520      0x5c4 /home/nikhil/Projects/RISCV/Toolchain/RV32IMA/riscv/bin/../lib/gcc/riscv32-unknown-elf/8.2.0/libgcc.a(muldf3.o)
                0x000000008000e520                __muldf3
 .text          0x000000008000eae4       0xcc /home/nikhil/Projects/RISCV/Toolchain/RV32IMA/riscv/bin/../lib/gcc/riscv32-unknown-elf/8.2.0/libgcc.a(eqtf2.o)
                0x000000008000eae4                __eqtf2
                0x000000008000eae4                __netf2
 .text          0x000000008000ebb0      0x148 /home/nikhil/Projects/RISCV/Toolchain/RV32IMA/riscv/bin/../lib/gcc/riscv32-unknown-elf/8.2.0/libgcc.a(getf2.o)
                0x000000008000ebb0                __getf2
                0x000000008000ebb0                __gttf2
 .text          0x000000008000ecf8      0x148 /home/nikhil/Projects/RISCV/Toolchain/RV32IMA/riscv/bin/../lib/gcc/riscv32-unknown-elf/8.2.0/libgcc.a(letf2.o)
                0x000000008000ecf8                __letf2
                0x000000008000ecf8                __lttf2
 .text          0x000000008000ee40     0x100c /home/nikhil/Projects/RISCV/Toolchain/RV32IMA/riscv/bin/../lib/gcc/riscv32-unknown-elf/8.2.0/libgcc.a(multf3.o)
                0x000000008000ee40                __multf3
 .text          0x000000008000fe4c     0x1518 /home/nikhil/Projects/RISCV/Toolchain/RV32IMA/riscv/bin/../lib/gcc/riscv32-unknown-elf/8.2.0/libgcc.a(subtf3.o)
                0x000000008000fe4c                __subtf3
 .text          0x0000000080011364      0x150 /home/nikhil/Projects/RISCV/Toolchain/RV32IMA/riscv/bin/../lib/gcc/riscv32-unknown-elf/8.2.0/libgcc.a(fixtfsi.o)
                0x0000000080011364                __fixtfsi
 .text          0x00000000800114b4      0x18c /home/nikhil/Projects/RISCV/Toolchain/RV32IMA/riscv/bin/../lib/gcc/riscv32-unknown-elf/8.2.0/libgcc.a(floatsitf.o)
                0x00000000800114b4                __floatsitf
 .text          0x0000000080011640      0x20c /home/nikhil/Projects/RISCV/Toolchain/RV32IMA/riscv/bin/../lib/gcc/riscv32-unknown-elf/8.2.0/libgcc.a(extenddftf2.o)
                0x0000000080011640                __extenddftf2
 .text          0x000000008001184c      0x334 /home/nikhil/Projects/RISCV/Toolchain/RV32IMA/riscv/bin/../lib/gcc/riscv32-unknown-elf/8.2.0/libgcc.a(trunctfdf2.o)
                0x000000008001184c                __trunctfdf2
 .text          0x0000000080011b80       0x4c /home/nikhil/Projects/RISCV/Toolchain/RV32IMA/riscv/bin/../lib/gcc/riscv32-unknown-elf/8.2.0/libgcc.a(_clzsi2.o)
                0x0000000080011b80                __clzsi2
 .text          0x0000000080011bcc        0x0 /home/nikhil/Projects/RISCV/Toolchain/RV32IMA/riscv/bin/../lib/gcc/riscv32-unknown-elf/8.2.0/crtend.o
 *(.gnu.warning)

.fini
 *(SORT_NONE(.fini))
                [!provide]                        PROVIDE (__etext = .)
                [!provide]                        PROVIDE (_etext = .)
                [!provide]                        PROVIDE (etext = .)

.rodata         0x0000000080011bd0      0xdd4
 *(.rodata .rodata.* .gnu.linkonce.r.*)
 .rodata        0x0000000080011bd0       0xf8 /tmp/ccm8EaTV.o
 .rodata        0x0000000080011cc8      0x100 /home/nikhil/Projects/RISCV/Toolchain/RV32IMA/riscv/bin/../lib/gcc/riscv32-unknown-elf/8.2.0/libgcc.a(_clz.o)
                0x0000000080011cc8                __clz_tab
 .rodata        0x0000000080011dc8      0x18c /home/nikhil/Projects/RISCV/Toolchain/RV32IMA/riscv/bin/../lib/gcc/riscv32-unknown-elf/8.2.0/../../../../riscv32-unknown-elf/lib/libc.a(lib_a-vfprintf.o)
 .rodata.str1.4
                0x0000000080011f54       0x3a /home/nikhil/Projects/RISCV/Toolchain/RV32IMA/riscv/bin/../lib/gcc/riscv32-unknown-elf/8.2.0/../../../../riscv32-unknown-elf/lib/libc.a(lib_a-vfprintf.o)
 *fill*         0x0000000080011f8e        0x2 
 .rodata        0x0000000080011f90      0x254 /home/nikhil/Projects/RISCV/Toolchain/RV32IMA/riscv/bin/../lib/gcc/riscv32-unknown-elf/8.2.0/../../../../riscv32-unknown-elf/lib/libc.a(lib_a-ldtoa.o)
 .rodata.str1.4
                0x00000000800121e4       0x28 /home/nikhil/Projects/RISCV/Toolchain/RV32IMA/riscv/bin/../lib/gcc/riscv32-unknown-elf/8.2.0/../../../../riscv32-unknown-elf/lib/libc.a(lib_a-ldtoa.o)
 .rodata.str1.4
                0x000000008001220c       0x10 /home/nikhil/Projects/RISCV/Toolchain/RV32IMA/riscv/bin/../lib/gcc/riscv32-unknown-elf/8.2.0/../../../../riscv32-unknown-elf/lib/libc.a(lib_a-locale.o)
                                         0x12 (size before relaxing)
 *fill*         0x000000008001221c        0x4 
 .rodata        0x0000000080012220      0x128 /home/nikhil/Projects/RISCV/Toolchain/RV32IMA/riscv/bin/../lib/gcc/riscv32-unknown-elf/8.2.0/../../../../riscv32-unknown-elf/lib/libc.a(lib_a-mprec.o)
                0x0000000080012230                __mprec_tens
                0x00000000800122f8                __mprec_tinytens
                0x0000000080012320                __mprec_bigtens
 .rodata        0x0000000080012348      0x18c /home/nikhil/Projects/RISCV/Toolchain/RV32IMA/riscv/bin/../lib/gcc/riscv32-unknown-elf/8.2.0/../../../../riscv32-unknown-elf/lib/libc.a(lib_a-svfprintf.o)
 .rodata.str1.4
                0x00000000800124d4       0x3a /home/nikhil/Projects/RISCV/Toolchain/RV32IMA/riscv/bin/../lib/gcc/riscv32-unknown-elf/8.2.0/../../../../riscv32-unknown-elf/lib/libc.a(lib_a-svfprintf.o)
 .rodata        0x00000000800124d4      0x18c /home/nikhil/Projects/RISCV/Toolchain/RV32IMA/riscv/bin/../lib/gcc/riscv32-unknown-elf/8.2.0/../../../../riscv32-unknown-elf/lib/libc.a(lib_a-vfiprintf.o)
 .rodata.str1.4
                0x0000000080012660       0x25 /home/nikhil/Projects/RISCV/Toolchain/RV32IMA/riscv/bin/../lib/gcc/riscv32-unknown-elf/8.2.0/../../../../riscv32-unknown-elf/lib/libc.a(lib_a-vfiprintf.o)
 .rodata        0x0000000080012660      0x101 /home/nikhil/Projects/RISCV/Toolchain/RV32IMA/riscv/bin/../lib/gcc/riscv32-unknown-elf/8.2.0/../../../../riscv32-unknown-elf/lib/libc.a(lib_a-ctype_.o)
                0x0000000080012660                _ctype_
 *fill*         0x0000000080012761        0x3 
 .rodata        0x0000000080012764      0x18c /home/nikhil/Projects/RISCV/Toolchain/RV32IMA/riscv/bin/../lib/gcc/riscv32-unknown-elf/8.2.0/../../../../riscv32-unknown-elf/lib/libc.a(lib_a-svfiprintf.o)
 .rodata.str1.4
                0x00000000800128f0       0x25 /home/nikhil/Projects/RISCV/Toolchain/RV32IMA/riscv/bin/../lib/gcc/riscv32-unknown-elf/8.2.0/../../../../riscv32-unknown-elf/lib/libc.a(lib_a-svfiprintf.o)
 .rodata        0x00000000800128f0       0x3c /home/nikhil/Projects/RISCV/Toolchain/RV32IMA/riscv/bin/../lib/gcc/riscv32-unknown-elf/8.2.0/libgcc.a(divdf3.o)
 .rodata        0x000000008001292c       0x3c /home/nikhil/Projects/RISCV/Toolchain/RV32IMA/riscv/bin/../lib/gcc/riscv32-unknown-elf/8.2.0/libgcc.a(muldf3.o)
 .rodata        0x0000000080012968       0x3c /home/nikhil/Projects/RISCV/Toolchain/RV32IMA/riscv/bin/../lib/gcc/riscv32-unknown-elf/8.2.0/libgcc.a(multf3.o)

.rodata1
 *(.rodata1)

.sdata2
 *(.sdata2 .sdata2.* .gnu.linkonce.s2.*)

.sbss2
 *(.sbss2 .sbss2.* .gnu.linkonce.sb2.*)

.eh_frame_hdr
 *(.eh_frame_hdr)
 *(.eh_frame_entry .eh_frame_entry.*)

.eh_frame
 *(.eh_frame)
 *(.eh_frame.*)

.gcc_except_table
 *(.gcc_except_table .gcc_except_table.*)

.gnu_extab
 *(.gnu_extab*)

.exception_ranges
 *(.exception_ranges .exception_ranges*)
                0x0000000080013000                . = DATA_SEGMENT_ALIGN (CONSTANT (MAXPAGESIZE), CONSTANT (COMMONPAGESIZE))

.eh_frame       0x0000000080013000       0x68
 *(.eh_frame)
 .eh_frame      0x0000000080013000        0x0 /home/nikhil/Projects/RISCV/Toolchain/RV32IMA/riscv/bin/../lib/gcc/riscv32-unknown-elf/8.2.0/crtbegin.o
 .eh_frame      0x0000000080013000       0x28 /home/nikhil/Projects/RISCV/Toolchain/RV32IMA/riscv/bin/../lib/gcc/riscv32-unknown-elf/8.2.0/libgcc.a(_divdi3.o)
 .eh_frame      0x0000000080013028       0x14 /home/nikhil/Projects/RISCV/Toolchain/RV32IMA/riscv/bin/../lib/gcc/riscv32-unknown-elf/8.2.0/libgcc.a(_moddi3.o)
                                         0x28 (size before relaxing)
 .eh_frame      0x000000008001303c       0x14 /home/nikhil/Projects/RISCV/Toolchain/RV32IMA/riscv/bin/../lib/gcc/riscv32-unknown-elf/8.2.0/libgcc.a(_udivdi3.o)
                                         0x28 (size before relaxing)
 .eh_frame      0x0000000080013050       0x14 /home/nikhil/Projects/RISCV/Toolchain/RV32IMA/riscv/bin/../lib/gcc/riscv32-unknown-elf/8.2.0/libgcc.a(_umoddi3.o)
                                         0x28 (size before relaxing)
 .eh_frame      0x0000000080013064        0x4 /home/nikhil/Projects/RISCV/Toolchain/RV32IMA/riscv/bin/../lib/gcc/riscv32-unknown-elf/8.2.0/crtend.o
 *(.eh_frame.*)

.gnu_extab
 *(.gnu_extab)

.gcc_except_table
 *(.gcc_except_table .gcc_except_table.*)

.exception_ranges
 *(.exception_ranges .exception_ranges*)

.tdata          0x0000000080013068        0x0
                [!provide]                        PROVIDE (__tdata_start = .)
 *(.tdata .tdata.* .gnu.linkonce.td.*)

.tbss
 *(.tbss .tbss.* .gnu.linkonce.tb.*)
 *(.tcommon)

.preinit_array  0x0000000080013068        0x0
                0x0000000080013068                PROVIDE (__preinit_array_start = .)
 *(.preinit_array)
                0x0000000080013068                PROVIDE (__preinit_array_end = .)

.init_array     0x0000000080013068        0x8
                0x0000000080013068                PROVIDE (__init_array_start = .)
 *(SORT_BY_INIT_PRIORITY(.init_array.*) SORT_BY_INIT_PRIORITY(.ctors.*))
 *(.init_array EXCLUDE_FILE(*crtend?.o *crtend.o *crtbegin?.o *crtbegin.o) .ctors)
 .init_array    0x0000000080013068        0x4 /home/nikhil/Projects/RISCV/Toolchain/RV32IMA/riscv/bin/../lib/gcc/riscv32-unknown-elf/8.2.0/crtbegin.o
 .init_array    0x000000008001306c        0x4 ./lib/ns16550.o
                0x0000000080013070                PROVIDE (__init_array_end = .)

.fini_array     0x0000000080013070        0x4
                0x0000000080013070                PROVIDE (__fini_array_start = .)
 *(SORT_BY_INIT_PRIORITY(.fini_array.*) SORT_BY_INIT_PRIORITY(.dtors.*))
 *(.fini_array EXCLUDE_FILE(*crtend?.o *crtend.o *crtbegin?.o *crtbegin.o) .dtors)
 .fini_array    0x0000000080013070        0x4 /home/nikhil/Projects/RISCV/Toolchain/RV32IMA/riscv/bin/../lib/gcc/riscv32-unknown-elf/8.2.0/crtbegin.o
                0x0000000080013074                PROVIDE (__fini_array_end = .)

.ctors
 *crtbegin.o(.ctors)
 *crtbegin?.o(.ctors)
 *(EXCLUDE_FILE(*crtend?.o *crtend.o) .ctors)
 *(SORT_BY_NAME(.ctors.*))
 *(.ctors)

.dtors
 *crtbegin.o(.dtors)
 *crtbegin?.o(.dtors)
 *(EXCLUDE_FILE(*crtend?.o *crtend.o) .dtors)
 *(SORT_BY_NAME(.dtors.*))
 *(.dtors)

.jcr
 *(.jcr)

.data.rel.ro
 *(.data.rel.ro.local* .gnu.linkonce.d.rel.ro.local.*)
 *(.data.rel.ro .data.rel.ro.* .gnu.linkonce.d.rel.ro.*)

.dynamic
 *(.dynamic)
                0x0000000080013074                . = DATA_SEGMENT_RELRO_END (., 0x0)

.data           0x0000000080013078      0x99c
                0x0000000080013078                __DATA_BEGIN__ = .
 *(.data .data.* .gnu.linkonce.d.*)
 .data          0x0000000080013078        0x0 /home/nikhil/Projects/RISCV/Toolchain/RV32IMA/riscv/bin/../lib/gcc/riscv32-unknown-elf/8.2.0/../../../../riscv32-unknown-elf/lib/crt0.o
 .data          0x0000000080013078        0x0 /home/nikhil/Projects/RISCV/Toolchain/RV32IMA/riscv/bin/../lib/gcc/riscv32-unknown-elf/8.2.0/crtbegin.o
 .data          0x0000000080013078        0x0 ./lib/startup.o
 .data          0x0000000080013078        0x0 ./lib/syscalls.o
 .data          0x0000000080013078        0x0 ./lib/riscv_counters.o
 .data          0x0000000080013078        0x0 ./lib/ns16550.o
 .data          0x0000000080013078        0x0 /tmp/ccm8EaTV.o
 .data          0x0000000080013078        0x0 /home/nikhil/Projects/RISCV/Toolchain/RV32IMA/riscv/bin/../lib/gcc/riscv32-unknown-elf/8.2.0/libgcc.a(_divdi3.o)
 .data          0x0000000080013078        0x0 /home/nikhil/Projects/RISCV/Toolchain/RV32IMA/riscv/bin/../lib/gcc/riscv32-unknown-elf/8.2.0/libgcc.a(_moddi3.o)
 .data          0x0000000080013078        0x0 /home/nikhil/Projects/RISCV/Toolchain/RV32IMA/riscv/bin/../lib/gcc/riscv32-unknown-elf/8.2.0/libgcc.a(_clz.o)
 .data          0x0000000080013078        0x0 /home/nikhil/Projects/RISCV/Toolchain/RV32IMA/riscv/bin/../lib/gcc/riscv32-unknown-elf/8.2.0/../../../../riscv32-unknown-elf/lib/libc.a(lib_a-atexit.o)
 .data          0x0000000080013078        0x0 /home/nikhil/Projects/RISCV/Toolchain/RV32IMA/riscv/bin/../lib/gcc/riscv32-unknown-elf/8.2.0/../../../../riscv32-unknown-elf/lib/libc.a(lib_a-errno.o)
 .data          0x0000000080013078        0x0 /home/nikhil/Projects/RISCV/Toolchain/RV32IMA/riscv/bin/../lib/gcc/riscv32-unknown-elf/8.2.0/../../../../riscv32-unknown-elf/lib/libc.a(lib_a-exit.o)
 .data          0x0000000080013078        0x0 /home/nikhil/Projects/RISCV/Toolchain/RV32IMA/riscv/bin/../lib/gcc/riscv32-unknown-elf/8.2.0/../../../../riscv32-unknown-elf/lib/libc.a(lib_a-fini.o)
 .data          0x0000000080013078        0x0 /home/nikhil/Projects/RISCV/Toolchain/RV32IMA/riscv/bin/../lib/gcc/riscv32-unknown-elf/8.2.0/../../../../riscv32-unknown-elf/lib/libc.a(lib_a-fprintf.o)
 .data          0x0000000080013078        0x0 /home/nikhil/Projects/RISCV/Toolchain/RV32IMA/riscv/bin/../lib/gcc/riscv32-unknown-elf/8.2.0/../../../../riscv32-unknown-elf/lib/libc.a(lib_a-fwrite.o)
 .data          0x0000000080013078      0x428 /home/nikhil/Projects/RISCV/Toolchain/RV32IMA/riscv/bin/../lib/gcc/riscv32-unknown-elf/8.2.0/../../../../riscv32-unknown-elf/lib/libc.a(lib_a-impure.o)
 .data          0x00000000800134a0        0x0 /home/nikhil/Projects/RISCV/Toolchain/RV32IMA/riscv/bin/../lib/gcc/riscv32-unknown-elf/8.2.0/../../../../riscv32-unknown-elf/lib/libc.a(lib_a-init.o)
 .data          0x00000000800134a0        0x0 /home/nikhil/Projects/RISCV/Toolchain/RV32IMA/riscv/bin/../lib/gcc/riscv32-unknown-elf/8.2.0/../../../../riscv32-unknown-elf/lib/libc.a(lib_a-memset.o)
 .data          0x00000000800134a0        0x0 /home/nikhil/Projects/RISCV/Toolchain/RV32IMA/riscv/bin/../lib/gcc/riscv32-unknown-elf/8.2.0/../../../../riscv32-unknown-elf/lib/libc.a(lib_a-vfprintf.o)
 .data          0x00000000800134a0        0x0 /home/nikhil/Projects/RISCV/Toolchain/RV32IMA/riscv/bin/../lib/gcc/riscv32-unknown-elf/8.2.0/../../../../riscv32-unknown-elf/lib/libc.a(lib_a-wsetup.o)
 .data          0x00000000800134a0        0x0 /home/nikhil/Projects/RISCV/Toolchain/RV32IMA/riscv/bin/../lib/gcc/riscv32-unknown-elf/8.2.0/../../../../riscv32-unknown-elf/lib/libc.a(lib_a-__atexit.o)
 .data          0x00000000800134a0        0x0 /home/nikhil/Projects/RISCV/Toolchain/RV32IMA/riscv/bin/../lib/gcc/riscv32-unknown-elf/8.2.0/../../../../riscv32-unknown-elf/lib/libc.a(lib_a-__call_atexit.o)
 .data          0x00000000800134a0        0x0 /home/nikhil/Projects/RISCV/Toolchain/RV32IMA/riscv/bin/../lib/gcc/riscv32-unknown-elf/8.2.0/../../../../riscv32-unknown-elf/lib/libc.a(lib_a-fflush.o)
 .data          0x00000000800134a0        0x0 /home/nikhil/Projects/RISCV/Toolchain/RV32IMA/riscv/bin/../lib/gcc/riscv32-unknown-elf/8.2.0/../../../../riscv32-unknown-elf/lib/libc.a(lib_a-findfp.o)
 .data          0x00000000800134a0        0x0 /home/nikhil/Projects/RISCV/Toolchain/RV32IMA/riscv/bin/../lib/gcc/riscv32-unknown-elf/8.2.0/../../../../riscv32-unknown-elf/lib/libc.a(lib_a-freer.o)
 .data          0x00000000800134a0        0x0 /home/nikhil/Projects/RISCV/Toolchain/RV32IMA/riscv/bin/../lib/gcc/riscv32-unknown-elf/8.2.0/../../../../riscv32-unknown-elf/lib/libc.a(lib_a-fvwrite.o)
 .data          0x00000000800134a0        0x0 /home/nikhil/Projects/RISCV/Toolchain/RV32IMA/riscv/bin/../lib/gcc/riscv32-unknown-elf/8.2.0/../../../../riscv32-unknown-elf/lib/libc.a(lib_a-fwalk.o)
 .data          0x00000000800134a0        0x0 /home/nikhil/Projects/RISCV/Toolchain/RV32IMA/riscv/bin/../lib/gcc/riscv32-unknown-elf/8.2.0/../../../../riscv32-unknown-elf/lib/libc.a(lib_a-ldtoa.o)
 .data          0x00000000800134a0        0x0 /home/nikhil/Projects/RISCV/Toolchain/RV32IMA/riscv/bin/../lib/gcc/riscv32-unknown-elf/8.2.0/../../../../riscv32-unknown-elf/lib/libc.a(lib_a-localeconv.o)
 .data          0x00000000800134a0      0x16c /home/nikhil/Projects/RISCV/Toolchain/RV32IMA/riscv/bin/../lib/gcc/riscv32-unknown-elf/8.2.0/../../../../riscv32-unknown-elf/lib/libc.a(lib_a-locale.o)
                0x00000000800134a0                __global_locale
 .data          0x000000008001360c        0x0 /home/nikhil/Projects/RISCV/Toolchain/RV32IMA/riscv/bin/../lib/gcc/riscv32-unknown-elf/8.2.0/../../../../riscv32-unknown-elf/lib/libc.a(lib_a-makebuf.o)
 .data          0x000000008001360c      0x408 /home/nikhil/Projects/RISCV/Toolchain/RV32IMA/riscv/bin/../lib/gcc/riscv32-unknown-elf/8.2.0/../../../../riscv32-unknown-elf/lib/libc.a(lib_a-mallocr.o)
                0x000000008001360c                __malloc_av_
 .data          0x0000000080013a14        0x0 /home/nikhil/Projects/RISCV/Toolchain/RV32IMA/riscv/bin/../lib/gcc/riscv32-unknown-elf/8.2.0/../../../../riscv32-unknown-elf/lib/libc.a(lib_a-mbtowc_r.o)
 .data          0x0000000080013a14        0x0 /home/nikhil/Projects/RISCV/Toolchain/RV32IMA/riscv/bin/../lib/gcc/riscv32-unknown-elf/8.2.0/../../../../riscv32-unknown-elf/lib/libc.a(lib_a-memchr.o)
 .data          0x0000000080013a14        0x0 /home/nikhil/Projects/RISCV/Toolchain/RV32IMA/riscv/bin/../lib/gcc/riscv32-unknown-elf/8.2.0/../../../../riscv32-unknown-elf/lib/libc.a(lib_a-memcpy.o)
 .data          0x0000000080013a14        0x0 /home/nikhil/Projects/RISCV/Toolchain/RV32IMA/riscv/bin/../lib/gcc/riscv32-unknown-elf/8.2.0/../../../../riscv32-unknown-elf/lib/libc.a(lib_a-memmove.o)
 .data          0x0000000080013a14        0x0 /home/nikhil/Projects/RISCV/Toolchain/RV32IMA/riscv/bin/../lib/gcc/riscv32-unknown-elf/8.2.0/../../../../riscv32-unknown-elf/lib/libc.a(lib_a-mlock.o)
 .data          0x0000000080013a14        0x0 /home/nikhil/Projects/RISCV/Toolchain/RV32IMA/riscv/bin/../lib/gcc/riscv32-unknown-elf/8.2.0/../../../../riscv32-unknown-elf/lib/libc.a(lib_a-mprec.o)
 .data          0x0000000080013a14        0x0 /home/nikhil/Projects/RISCV/Toolchain/RV32IMA/riscv/bin/../lib/gcc/riscv32-unknown-elf/8.2.0/../../../../riscv32-unknown-elf/lib/libc.a(lib_a-reallocr.o)
 .data          0x0000000080013a14        0x0 /home/nikhil/Projects/RISCV/Toolchain/RV32IMA/riscv/bin/../lib/gcc/riscv32-unknown-elf/8.2.0/../../../../riscv32-unknown-elf/lib/libc.a(lib_a-sbrkr.o)
 .data          0x0000000080013a14        0x0 /home/nikhil/Projects/RISCV/Toolchain/RV32IMA/riscv/bin/../lib/gcc/riscv32-unknown-elf/8.2.0/../../../../riscv32-unknown-elf/lib/libc.a(lib_a-s_frexp.o)
 .data          0x0000000080013a14        0x0 /home/nikhil/Projects/RISCV/Toolchain/RV32IMA/riscv/bin/../lib/gcc/riscv32-unknown-elf/8.2.0/../../../../riscv32-unknown-elf/lib/libc.a(lib_a-sprintf.o)
 .data          0x0000000080013a14        0x0 /home/nikhil/Projects/RISCV/Toolchain/RV32IMA/riscv/bin/../lib/gcc/riscv32-unknown-elf/8.2.0/../../../../riscv32-unknown-elf/lib/libc.a(lib_a-stdio.o)
 .data          0x0000000080013a14        0x0 /home/nikhil/Projects/RISCV/Toolchain/RV32IMA/riscv/bin/../lib/gcc/riscv32-unknown-elf/8.2.0/../../../../riscv32-unknown-elf/lib/libc.a(lib_a-strcmp.o)
 .data          0x0000000080013a14        0x0 /home/nikhil/Projects/RISCV/Toolchain/RV32IMA/riscv/bin/../lib/gcc/riscv32-unknown-elf/8.2.0/../../../../riscv32-unknown-elf/lib/libc.a(lib_a-strcpy.o)
 .data          0x0000000080013a14        0x0 /home/nikhil/Projects/RISCV/Toolchain/RV32IMA/riscv/bin/../lib/gcc/riscv32-unknown-elf/8.2.0/../../../../riscv32-unknown-elf/lib/libc.a(lib_a-strlen.o)
 .data          0x0000000080013a14        0x0 /home/nikhil/Projects/RISCV/Toolchain/RV32IMA/riscv/bin/../lib/gcc/riscv32-unknown-elf/8.2.0/../../../../riscv32-unknown-elf/lib/libc.a(lib_a-strncpy.o)
 .data          0x0000000080013a14        0x0 /home/nikhil/Projects/RISCV/Toolchain/RV32IMA/riscv/bin/../lib/gcc/riscv32-unknown-elf/8.2.0/../../../../riscv32-unknown-elf/lib/libc.a(lib_a-svfprintf.o)
 .data          0x0000000080013a14        0x0 /home/nikhil/Projects/RISCV/Toolchain/RV32IMA/riscv/bin/../lib/gcc/riscv32-unknown-elf/8.2.0/../../../../riscv32-unknown-elf/lib/libc.a(lib_a-vfiprintf.o)
 .data          0x0000000080013a14        0x0 /home/nikhil/Projects/RISCV/Toolchain/RV32IMA/riscv/bin/../lib/gcc/riscv32-unknown-elf/8.2.0/../../../../riscv32-unknown-elf/lib/libc.a(lib_a-wctomb_r.o)
 .data          0x0000000080013a14        0x0 /home/nikhil/Projects/RISCV/Toolchain/RV32IMA/riscv/bin/../lib/gcc/riscv32-unknown-elf/8.2.0/../../../../riscv32-unknown-elf/lib/libc.a(lib_a-writer.o)
 .data          0x0000000080013a14        0x0 /home/nikhil/Projects/RISCV/Toolchain/RV32IMA/riscv/bin/../lib/gcc/riscv32-unknown-elf/8.2.0/../../../../riscv32-unknown-elf/lib/libc.a(lib_a-callocr.o)
 .data          0x0000000080013a14        0x0 /home/nikhil/Projects/RISCV/Toolchain/RV32IMA/riscv/bin/../lib/gcc/riscv32-unknown-elf/8.2.0/../../../../riscv32-unknown-elf/lib/libc.a(lib_a-closer.o)
 .data          0x0000000080013a14        0x0 /home/nikhil/Projects/RISCV/Toolchain/RV32IMA/riscv/bin/../lib/gcc/riscv32-unknown-elf/8.2.0/../../../../riscv32-unknown-elf/lib/libc.a(lib_a-ctype_.o)
 .data          0x0000000080013a14        0x0 /home/nikhil/Projects/RISCV/Toolchain/RV32IMA/riscv/bin/../lib/gcc/riscv32-unknown-elf/8.2.0/../../../../riscv32-unknown-elf/lib/libc.a(lib_a-fclose.o)
 .data          0x0000000080013a14        0x0 /home/nikhil/Projects/RISCV/Toolchain/RV32IMA/riscv/bin/../lib/gcc/riscv32-unknown-elf/8.2.0/../../../../riscv32-unknown-elf/lib/libc.a(lib_a-fputwc.o)
 .data          0x0000000080013a14        0x0 /home/nikhil/Projects/RISCV/Toolchain/RV32IMA/riscv/bin/../lib/gcc/riscv32-unknown-elf/8.2.0/../../../../riscv32-unknown-elf/lib/libc.a(lib_a-fstatr.o)
 .data          0x0000000080013a14        0x0 /home/nikhil/Projects/RISCV/Toolchain/RV32IMA/riscv/bin/../lib/gcc/riscv32-unknown-elf/8.2.0/../../../../riscv32-unknown-elf/lib/libc.a(lib_a-isattyr.o)
 .data          0x0000000080013a14        0x0 /home/nikhil/Projects/RISCV/Toolchain/RV32IMA/riscv/bin/../lib/gcc/riscv32-unknown-elf/8.2.0/../../../../riscv32-unknown-elf/lib/libc.a(lib_a-lseekr.o)
 .data          0x0000000080013a14        0x0 /home/nikhil/Projects/RISCV/Toolchain/RV32IMA/riscv/bin/../lib/gcc/riscv32-unknown-elf/8.2.0/../../../../riscv32-unknown-elf/lib/libc.a(lib_a-readr.o)
 .data          0x0000000080013a14        0x0 /home/nikhil/Projects/RISCV/Toolchain/RV32IMA/riscv/bin/../lib/gcc/riscv32-unknown-elf/8.2.0/../../../../riscv32-unknown-elf/lib/libc.a(lib_a-reent.o)
 .data          0x0000000080013a14        0x0 /home/nikhil/Projects/RISCV/Toolchain/RV32IMA/riscv/bin/../lib/gcc/riscv32-unknown-elf/8.2.0/../../../../riscv32-unknown-elf/lib/libc.a(lib_a-svfiprintf.o)
 .data          0x0000000080013a14        0x0 /home/nikhil/Projects/RISCV/Toolchain/RV32IMA/riscv/bin/../lib/gcc/riscv32-unknown-elf/8.2.0/../../../../riscv32-unknown-elf/lib/libc.a(lib_a-wbuf.o)
 .data          0x0000000080013a14        0x0 /home/nikhil/Projects/RISCV/Toolchain/RV32IMA/riscv/bin/../lib/gcc/riscv32-unknown-elf/8.2.0/../../../../riscv32-unknown-elf/lib/libc.a(lib_a-wcrtomb.o)
 .data          0x0000000080013a14        0x0 /home/nikhil/Projects/RISCV/Toolchain/RV32IMA/riscv/bin/../lib/gcc/riscv32-unknown-elf/8.2.0/../../../../riscv32-unknown-elf/lib/libnosys.a(_exit.o)
 .data          0x0000000080013a14        0x0 /home/nikhil/Projects/RISCV/Toolchain/RV32IMA/riscv/bin/../lib/gcc/riscv32-unknown-elf/8.2.0/libgcc.a(_udivdi3.o)
 .data          0x0000000080013a14        0x0 /home/nikhil/Projects/RISCV/Toolchain/RV32IMA/riscv/bin/../lib/gcc/riscv32-unknown-elf/8.2.0/libgcc.a(_umoddi3.o)
 .data          0x0000000080013a14        0x0 /home/nikhil/Projects/RISCV/Toolchain/RV32IMA/riscv/bin/../lib/gcc/riscv32-unknown-elf/8.2.0/libgcc.a(divdf3.o)
 .data          0x0000000080013a14        0x0 /home/nikhil/Projects/RISCV/Toolchain/RV32IMA/riscv/bin/../lib/gcc/riscv32-unknown-elf/8.2.0/libgcc.a(muldf3.o)
 .data          0x0000000080013a14        0x0 /home/nikhil/Projects/RISCV/Toolchain/RV32IMA/riscv/bin/../lib/gcc/riscv32-unknown-elf/8.2.0/libgcc.a(eqtf2.o)
 .data          0x0000000080013a14        0x0 /home/nikhil/Projects/RISCV/Toolchain/RV32IMA/riscv/bin/../lib/gcc/riscv32-unknown-elf/8.2.0/libgcc.a(getf2.o)
 .data          0x0000000080013a14        0x0 /home/nikhil/Projects/RISCV/Toolchain/RV32IMA/riscv/bin/../lib/gcc/riscv32-unknown-elf/8.2.0/libgcc.a(letf2.o)
 .data          0x0000000080013a14        0x0 /home/nikhil/Projects/RISCV/Toolchain/RV32IMA/riscv/bin/../lib/gcc/riscv32-unknown-elf/8.2.0/libgcc.a(multf3.o)
 .data          0x0000000080013a14        0x0 /home/nikhil/Projects/RISCV/Toolchain/RV32IMA/riscv/bin/../lib/gcc/riscv32-unknown-elf/8.2.0/libgcc.a(subtf3.o)
 .data          0x0000000080013a14        0x0 /home/nikhil/Projects/RISCV/Toolchain/RV32IMA/riscv/bin/../lib/gcc/riscv32-unknown-elf/8.2.0/libgcc.a(fixtfsi.o)
 .data          0x0000000080013a14        0x0 /home/nikhil/Projects/RISCV/Toolchain/RV32IMA/riscv/bin/../lib/gcc/riscv32-unknown-elf/8.2.0/libgcc.a(floatsitf.o)
 .data          0x0000000080013a14        0x0 /home/nikhil/Projects/RISCV/Toolchain/RV32IMA/riscv/bin/../lib/gcc/riscv32-unknown-elf/8.2.0/libgcc.a(extenddftf2.o)
 .data          0x0000000080013a14        0x0 /home/nikhil/Projects/RISCV/Toolchain/RV32IMA/riscv/bin/../lib/gcc/riscv32-unknown-elf/8.2.0/libgcc.a(trunctfdf2.o)
 .data          0x0000000080013a14        0x0 /home/nikhil/Projects/RISCV/Toolchain/RV32IMA/riscv/bin/../lib/gcc/riscv32-unknown-elf/8.2.0/libgcc.a(_clzsi2.o)
 .data          0x0000000080013a14        0x0 /home/nikhil/Projects/RISCV/Toolchain/RV32IMA/riscv/bin/../lib/gcc/riscv32-unknown-elf/8.2.0/crtend.o

.tm_clone_table
                0x0000000080013a14        0x0
 .tm_clone_table
                0x0000000080013a14        0x0 /home/nikhil/Projects/RISCV/Toolchain/RV32IMA/riscv/bin/../lib/gcc/riscv32-unknown-elf/8.2.0/crtbegin.o
 .tm_clone_table
                0x0000000080013a14        0x0 /home/nikhil/Projects/RISCV/Toolchain/RV32IMA/riscv/bin/../lib/gcc/riscv32-unknown-elf/8.2.0/crtend.o

.data1
 *(.data1)

.got
 *(.got.plt)
 *(.igot.plt)
 *(.got)
 *(.igot)

.sdata          0x0000000080013a18       0x38
                0x0000000080013a18                __SDATA_BEGIN__ = .
 *(.srodata.cst16)
 *(.srodata.cst8)
 .srodata.cst8  0x0000000080013a18       0x10 /home/nikhil/Projects/RISCV/Toolchain/RV32IMA/riscv/bin/../lib/gcc/riscv32-unknown-elf/8.2.0/../../../../riscv32-unknown-elf/lib/libc.a(lib_a-mprec.o)
 .srodata.cst8  0x0000000080013a28        0x8 /home/nikhil/Projects/RISCV/Toolchain/RV32IMA/riscv/bin/../lib/gcc/riscv32-unknown-elf/8.2.0/../../../../riscv32-unknown-elf/lib/libc.a(lib_a-s_frexp.o)
 *(.srodata.cst4)
 *(.srodata.cst2)
 *(.srodata .srodata.*)
 .srodata       0x0000000080013a30        0x4 /home/nikhil/Projects/RISCV/Toolchain/RV32IMA/riscv/bin/../lib/gcc/riscv32-unknown-elf/8.2.0/../../../../riscv32-unknown-elf/lib/libc.a(lib_a-impure.o)
                0x0000000080013a30                _global_impure_ptr
 *(.sdata .sdata.* .gnu.linkonce.s.*)
 .sdata         0x0000000080013a34        0x4 /home/nikhil/Projects/RISCV/Toolchain/RV32IMA/riscv/bin/../lib/gcc/riscv32-unknown-elf/8.2.0/crtbegin.o
                0x0000000080013a34                __dso_handle
 .sdata         0x0000000080013a38        0x4 ./lib/ns16550.o
 .sdata         0x0000000080013a3c        0x8 /tmp/ccm8EaTV.o
                0x0000000080013a3c                accel_0_addr_base
                0x0000000080013a40                n
 .sdata         0x0000000080013a44        0x4 /home/nikhil/Projects/RISCV/Toolchain/RV32IMA/riscv/bin/../lib/gcc/riscv32-unknown-elf/8.2.0/../../../../riscv32-unknown-elf/lib/libc.a(lib_a-impure.o)
                0x0000000080013a44                _impure_ptr
 .sdata         0x0000000080013a48        0x8 /home/nikhil/Projects/RISCV/Toolchain/RV32IMA/riscv/bin/../lib/gcc/riscv32-unknown-elf/8.2.0/../../../../riscv32-unknown-elf/lib/libc.a(lib_a-mallocr.o)
                0x0000000080013a48                __malloc_sbrk_base
                0x0000000080013a4c                __malloc_trim_threshold
                0x0000000080013a50                _edata = .
                [!provide]                        PROVIDE (edata = .)
                0x0000000080013a50                . = .
                0x0000000080013a50                __bss_start = .

.sbss           0x0000000080013a50       0x10
 *(.dynsbss)
 *(.sbss .sbss.* .gnu.linkonce.sb.*)
 .sbss          0x0000000080013a50        0x4 /home/nikhil/Projects/RISCV/Toolchain/RV32IMA/riscv/bin/../lib/gcc/riscv32-unknown-elf/8.2.0/../../../../riscv32-unknown-elf/lib/libc.a(lib_a-locale.o)
                0x0000000080013a50                _PathLocale
 .sbss          0x0000000080013a54        0xc /home/nikhil/Projects/RISCV/Toolchain/RV32IMA/riscv/bin/../lib/gcc/riscv32-unknown-elf/8.2.0/../../../../riscv32-unknown-elf/lib/libc.a(lib_a-mallocr.o)
                0x0000000080013a54                __malloc_max_total_mem
                0x0000000080013a58                __malloc_max_sbrked_mem
                0x0000000080013a5c                __malloc_top_pad
 *(.scommon)

.bss            0x0000000080013a60     0x8048
 *(.dynbss)
 *(.bss .bss.* .gnu.linkonce.b.*)
 .bss           0x0000000080013a60        0x0 /home/nikhil/Projects/RISCV/Toolchain/RV32IMA/riscv/bin/../lib/gcc/riscv32-unknown-elf/8.2.0/../../../../riscv32-unknown-elf/lib/crt0.o
 .bss           0x0000000080013a60       0x1c /home/nikhil/Projects/RISCV/Toolchain/RV32IMA/riscv/bin/../lib/gcc/riscv32-unknown-elf/8.2.0/crtbegin.o
 .bss           0x0000000080013a7c        0x0 ./lib/startup.o
 .bss           0x0000000080013a7c        0x0 ./lib/syscalls.o
 .bss           0x0000000080013a7c        0x0 ./lib/riscv_counters.o
 .bss           0x0000000080013a7c        0x0 ./lib/ns16550.o
 .bss           0x0000000080013a7c        0x0 /tmp/ccm8EaTV.o
 .bss           0x0000000080013a7c        0x0 /home/nikhil/Projects/RISCV/Toolchain/RV32IMA/riscv/bin/../lib/gcc/riscv32-unknown-elf/8.2.0/libgcc.a(_divdi3.o)
 .bss           0x0000000080013a7c        0x0 /home/nikhil/Projects/RISCV/Toolchain/RV32IMA/riscv/bin/../lib/gcc/riscv32-unknown-elf/8.2.0/libgcc.a(_moddi3.o)
 .bss           0x0000000080013a7c        0x0 /home/nikhil/Projects/RISCV/Toolchain/RV32IMA/riscv/bin/../lib/gcc/riscv32-unknown-elf/8.2.0/libgcc.a(_clz.o)
 .bss           0x0000000080013a7c        0x0 /home/nikhil/Projects/RISCV/Toolchain/RV32IMA/riscv/bin/../lib/gcc/riscv32-unknown-elf/8.2.0/../../../../riscv32-unknown-elf/lib/libc.a(lib_a-atexit.o)
 .bss           0x0000000080013a7c        0x0 /home/nikhil/Projects/RISCV/Toolchain/RV32IMA/riscv/bin/../lib/gcc/riscv32-unknown-elf/8.2.0/../../../../riscv32-unknown-elf/lib/libc.a(lib_a-errno.o)
 .bss           0x0000000080013a7c        0x0 /home/nikhil/Projects/RISCV/Toolchain/RV32IMA/riscv/bin/../lib/gcc/riscv32-unknown-elf/8.2.0/../../../../riscv32-unknown-elf/lib/libc.a(lib_a-exit.o)
 .bss           0x0000000080013a7c        0x0 /home/nikhil/Projects/RISCV/Toolchain/RV32IMA/riscv/bin/../lib/gcc/riscv32-unknown-elf/8.2.0/../../../../riscv32-unknown-elf/lib/libc.a(lib_a-fini.o)
 .bss           0x0000000080013a7c        0x0 /home/nikhil/Projects/RISCV/Toolchain/RV32IMA/riscv/bin/../lib/gcc/riscv32-unknown-elf/8.2.0/../../../../riscv32-unknown-elf/lib/libc.a(lib_a-fprintf.o)
 .bss           0x0000000080013a7c        0x0 /home/nikhil/Projects/RISCV/Toolchain/RV32IMA/riscv/bin/../lib/gcc/riscv32-unknown-elf/8.2.0/../../../../riscv32-unknown-elf/lib/libc.a(lib_a-fwrite.o)
 .bss           0x0000000080013a7c        0x0 /home/nikhil/Projects/RISCV/Toolchain/RV32IMA/riscv/bin/../lib/gcc/riscv32-unknown-elf/8.2.0/../../../../riscv32-unknown-elf/lib/libc.a(lib_a-impure.o)
 .bss           0x0000000080013a7c        0x0 /home/nikhil/Projects/RISCV/Toolchain/RV32IMA/riscv/bin/../lib/gcc/riscv32-unknown-elf/8.2.0/../../../../riscv32-unknown-elf/lib/libc.a(lib_a-init.o)
 .bss           0x0000000080013a7c        0x0 /home/nikhil/Projects/RISCV/Toolchain/RV32IMA/riscv/bin/../lib/gcc/riscv32-unknown-elf/8.2.0/../../../../riscv32-unknown-elf/lib/libc.a(lib_a-memset.o)
 .bss           0x0000000080013a7c        0x0 /home/nikhil/Projects/RISCV/Toolchain/RV32IMA/riscv/bin/../lib/gcc/riscv32-unknown-elf/8.2.0/../../../../riscv32-unknown-elf/lib/libc.a(lib_a-vfprintf.o)
 .bss           0x0000000080013a7c        0x0 /home/nikhil/Projects/RISCV/Toolchain/RV32IMA/riscv/bin/../lib/gcc/riscv32-unknown-elf/8.2.0/../../../../riscv32-unknown-elf/lib/libc.a(lib_a-wsetup.o)
 .bss           0x0000000080013a7c        0x0 /home/nikhil/Projects/RISCV/Toolchain/RV32IMA/riscv/bin/../lib/gcc/riscv32-unknown-elf/8.2.0/../../../../riscv32-unknown-elf/lib/libc.a(lib_a-__atexit.o)
 .bss           0x0000000080013a7c        0x0 /home/nikhil/Projects/RISCV/Toolchain/RV32IMA/riscv/bin/../lib/gcc/riscv32-unknown-elf/8.2.0/../../../../riscv32-unknown-elf/lib/libc.a(lib_a-__call_atexit.o)
 .bss           0x0000000080013a7c        0x0 /home/nikhil/Projects/RISCV/Toolchain/RV32IMA/riscv/bin/../lib/gcc/riscv32-unknown-elf/8.2.0/../../../../riscv32-unknown-elf/lib/libc.a(lib_a-fflush.o)
 .bss           0x0000000080013a7c        0x0 /home/nikhil/Projects/RISCV/Toolchain/RV32IMA/riscv/bin/../lib/gcc/riscv32-unknown-elf/8.2.0/../../../../riscv32-unknown-elf/lib/libc.a(lib_a-findfp.o)
 .bss           0x0000000080013a7c        0x0 /home/nikhil/Projects/RISCV/Toolchain/RV32IMA/riscv/bin/../lib/gcc/riscv32-unknown-elf/8.2.0/../../../../riscv32-unknown-elf/lib/libc.a(lib_a-freer.o)
 .bss           0x0000000080013a7c        0x0 /home/nikhil/Projects/RISCV/Toolchain/RV32IMA/riscv/bin/../lib/gcc/riscv32-unknown-elf/8.2.0/../../../../riscv32-unknown-elf/lib/libc.a(lib_a-fvwrite.o)
 .bss           0x0000000080013a7c        0x0 /home/nikhil/Projects/RISCV/Toolchain/RV32IMA/riscv/bin/../lib/gcc/riscv32-unknown-elf/8.2.0/../../../../riscv32-unknown-elf/lib/libc.a(lib_a-fwalk.o)
 .bss           0x0000000080013a7c        0x0 /home/nikhil/Projects/RISCV/Toolchain/RV32IMA/riscv/bin/../lib/gcc/riscv32-unknown-elf/8.2.0/../../../../riscv32-unknown-elf/lib/libc.a(lib_a-ldtoa.o)
 .bss           0x0000000080013a7c        0x0 /home/nikhil/Projects/RISCV/Toolchain/RV32IMA/riscv/bin/../lib/gcc/riscv32-unknown-elf/8.2.0/../../../../riscv32-unknown-elf/lib/libc.a(lib_a-localeconv.o)
 .bss           0x0000000080013a7c        0x0 /home/nikhil/Projects/RISCV/Toolchain/RV32IMA/riscv/bin/../lib/gcc/riscv32-unknown-elf/8.2.0/../../../../riscv32-unknown-elf/lib/libc.a(lib_a-locale.o)
 .bss           0x0000000080013a7c        0x0 /home/nikhil/Projects/RISCV/Toolchain/RV32IMA/riscv/bin/../lib/gcc/riscv32-unknown-elf/8.2.0/../../../../riscv32-unknown-elf/lib/libc.a(lib_a-makebuf.o)
 .bss           0x0000000080013a7c       0x28 /home/nikhil/Projects/RISCV/Toolchain/RV32IMA/riscv/bin/../lib/gcc/riscv32-unknown-elf/8.2.0/../../../../riscv32-unknown-elf/lib/libc.a(lib_a-mallocr.o)
                0x0000000080013a7c                __malloc_current_mallinfo
 .bss           0x0000000080013aa4        0x0 /home/nikhil/Projects/RISCV/Toolchain/RV32IMA/riscv/bin/../lib/gcc/riscv32-unknown-elf/8.2.0/../../../../riscv32-unknown-elf/lib/libc.a(lib_a-mbtowc_r.o)
 .bss           0x0000000080013aa4        0x0 /home/nikhil/Projects/RISCV/Toolchain/RV32IMA/riscv/bin/../lib/gcc/riscv32-unknown-elf/8.2.0/../../../../riscv32-unknown-elf/lib/libc.a(lib_a-memchr.o)
 .bss           0x0000000080013aa4        0x0 /home/nikhil/Projects/RISCV/Toolchain/RV32IMA/riscv/bin/../lib/gcc/riscv32-unknown-elf/8.2.0/../../../../riscv32-unknown-elf/lib/libc.a(lib_a-memcpy.o)
 .bss           0x0000000080013aa4        0x0 /home/nikhil/Projects/RISCV/Toolchain/RV32IMA/riscv/bin/../lib/gcc/riscv32-unknown-elf/8.2.0/../../../../riscv32-unknown-elf/lib/libc.a(lib_a-memmove.o)
 .bss           0x0000000080013aa4        0x0 /home/nikhil/Projects/RISCV/Toolchain/RV32IMA/riscv/bin/../lib/gcc/riscv32-unknown-elf/8.2.0/../../../../riscv32-unknown-elf/lib/libc.a(lib_a-mlock.o)
 .bss           0x0000000080013aa4        0x0 /home/nikhil/Projects/RISCV/Toolchain/RV32IMA/riscv/bin/../lib/gcc/riscv32-unknown-elf/8.2.0/../../../../riscv32-unknown-elf/lib/libc.a(lib_a-mprec.o)
 .bss           0x0000000080013aa4        0x0 /home/nikhil/Projects/RISCV/Toolchain/RV32IMA/riscv/bin/../lib/gcc/riscv32-unknown-elf/8.2.0/../../../../riscv32-unknown-elf/lib/libc.a(lib_a-reallocr.o)
 .bss           0x0000000080013aa4        0x0 /home/nikhil/Projects/RISCV/Toolchain/RV32IMA/riscv/bin/../lib/gcc/riscv32-unknown-elf/8.2.0/../../../../riscv32-unknown-elf/lib/libc.a(lib_a-sbrkr.o)
 .bss           0x0000000080013aa4        0x0 /home/nikhil/Projects/RISCV/Toolchain/RV32IMA/riscv/bin/../lib/gcc/riscv32-unknown-elf/8.2.0/../../../../riscv32-unknown-elf/lib/libc.a(lib_a-s_frexp.o)
 .bss           0x0000000080013aa4        0x0 /home/nikhil/Projects/RISCV/Toolchain/RV32IMA/riscv/bin/../lib/gcc/riscv32-unknown-elf/8.2.0/../../../../riscv32-unknown-elf/lib/libc.a(lib_a-sprintf.o)
 .bss           0x0000000080013aa4        0x0 /home/nikhil/Projects/RISCV/Toolchain/RV32IMA/riscv/bin/../lib/gcc/riscv32-unknown-elf/8.2.0/../../../../riscv32-unknown-elf/lib/libc.a(lib_a-stdio.o)
 .bss           0x0000000080013aa4        0x0 /home/nikhil/Projects/RISCV/Toolchain/RV32IMA/riscv/bin/../lib/gcc/riscv32-unknown-elf/8.2.0/../../../../riscv32-unknown-elf/lib/libc.a(lib_a-strcmp.o)
 .bss           0x0000000080013aa4        0x0 /home/nikhil/Projects/RISCV/Toolchain/RV32IMA/riscv/bin/../lib/gcc/riscv32-unknown-elf/8.2.0/../../../../riscv32-unknown-elf/lib/libc.a(lib_a-strcpy.o)
 .bss           0x0000000080013aa4        0x0 /home/nikhil/Projects/RISCV/Toolchain/RV32IMA/riscv/bin/../lib/gcc/riscv32-unknown-elf/8.2.0/../../../../riscv32-unknown-elf/lib/libc.a(lib_a-strlen.o)
 .bss           0x0000000080013aa4        0x0 /home/nikhil/Projects/RISCV/Toolchain/RV32IMA/riscv/bin/../lib/gcc/riscv32-unknown-elf/8.2.0/../../../../riscv32-unknown-elf/lib/libc.a(lib_a-strncpy.o)
 .bss           0x0000000080013aa4        0x0 /home/nikhil/Projects/RISCV/Toolchain/RV32IMA/riscv/bin/../lib/gcc/riscv32-unknown-elf/8.2.0/../../../../riscv32-unknown-elf/lib/libc.a(lib_a-svfprintf.o)
 .bss           0x0000000080013aa4        0x0 /home/nikhil/Projects/RISCV/Toolchain/RV32IMA/riscv/bin/../lib/gcc/riscv32-unknown-elf/8.2.0/../../../../riscv32-unknown-elf/lib/libc.a(lib_a-vfiprintf.o)
 .bss           0x0000000080013aa4        0x0 /home/nikhil/Projects/RISCV/Toolchain/RV32IMA/riscv/bin/../lib/gcc/riscv32-unknown-elf/8.2.0/../../../../riscv32-unknown-elf/lib/libc.a(lib_a-wctomb_r.o)
 .bss           0x0000000080013aa4        0x0 /home/nikhil/Projects/RISCV/Toolchain/RV32IMA/riscv/bin/../lib/gcc/riscv32-unknown-elf/8.2.0/../../../../riscv32-unknown-elf/lib/libc.a(lib_a-writer.o)
 .bss           0x0000000080013aa4        0x0 /home/nikhil/Projects/RISCV/Toolchain/RV32IMA/riscv/bin/../lib/gcc/riscv32-unknown-elf/8.2.0/../../../../riscv32-unknown-elf/lib/libc.a(lib_a-callocr.o)
 .bss           0x0000000080013aa4        0x0 /home/nikhil/Projects/RISCV/Toolchain/RV32IMA/riscv/bin/../lib/gcc/riscv32-unknown-elf/8.2.0/../../../../riscv32-unknown-elf/lib/libc.a(lib_a-closer.o)
 .bss           0x0000000080013aa4        0x0 /home/nikhil/Projects/RISCV/Toolchain/RV32IMA/riscv/bin/../lib/gcc/riscv32-unknown-elf/8.2.0/../../../../riscv32-unknown-elf/lib/libc.a(lib_a-ctype_.o)
 .bss           0x0000000080013aa4        0x0 /home/nikhil/Projects/RISCV/Toolchain/RV32IMA/riscv/bin/../lib/gcc/riscv32-unknown-elf/8.2.0/../../../../riscv32-unknown-elf/lib/libc.a(lib_a-fclose.o)
 .bss           0x0000000080013aa4        0x0 /home/nikhil/Projects/RISCV/Toolchain/RV32IMA/riscv/bin/../lib/gcc/riscv32-unknown-elf/8.2.0/../../../../riscv32-unknown-elf/lib/libc.a(lib_a-fputwc.o)
 .bss           0x0000000080013aa4        0x0 /home/nikhil/Projects/RISCV/Toolchain/RV32IMA/riscv/bin/../lib/gcc/riscv32-unknown-elf/8.2.0/../../../../riscv32-unknown-elf/lib/libc.a(lib_a-fstatr.o)
 .bss           0x0000000080013aa4        0x0 /home/nikhil/Projects/RISCV/Toolchain/RV32IMA/riscv/bin/../lib/gcc/riscv32-unknown-elf/8.2.0/../../../../riscv32-unknown-elf/lib/libc.a(lib_a-isattyr.o)
 .bss           0x0000000080013aa4        0x0 /home/nikhil/Projects/RISCV/Toolchain/RV32IMA/riscv/bin/../lib/gcc/riscv32-unknown-elf/8.2.0/../../../../riscv32-unknown-elf/lib/libc.a(lib_a-lseekr.o)
 .bss           0x0000000080013aa4        0x0 /home/nikhil/Projects/RISCV/Toolchain/RV32IMA/riscv/bin/../lib/gcc/riscv32-unknown-elf/8.2.0/../../../../riscv32-unknown-elf/lib/libc.a(lib_a-readr.o)
 .bss           0x0000000080013aa4        0x0 /home/nikhil/Projects/RISCV/Toolchain/RV32IMA/riscv/bin/../lib/gcc/riscv32-unknown-elf/8.2.0/../../../../riscv32-unknown-elf/lib/libc.a(lib_a-reent.o)
 .bss           0x0000000080013aa4        0x0 /home/nikhil/Projects/RISCV/Toolchain/RV32IMA/riscv/bin/../lib/gcc/riscv32-unknown-elf/8.2.0/../../../../riscv32-unknown-elf/lib/libc.a(lib_a-svfiprintf.o)
 .bss           0x0000000080013aa4        0x0 /home/nikhil/Projects/RISCV/Toolchain/RV32IMA/riscv/bin/../lib/gcc/riscv32-unknown-elf/8.2.0/../../../../riscv32-unknown-elf/lib/libc.a(lib_a-wbuf.o)
 .bss           0x0000000080013aa4        0x0 /home/nikhil/Projects/RISCV/Toolchain/RV32IMA/riscv/bin/../lib/gcc/riscv32-unknown-elf/8.2.0/../../../../riscv32-unknown-elf/lib/libc.a(lib_a-wcrtomb.o)
 .bss           0x0000000080013aa4        0x0 /home/nikhil/Projects/RISCV/Toolchain/RV32IMA/riscv/bin/../lib/gcc/riscv32-unknown-elf/8.2.0/../../../../riscv32-unknown-elf/lib/libnosys.a(_exit.o)
 .bss           0x0000000080013aa4        0x0 /home/nikhil/Projects/RISCV/Toolchain/RV32IMA/riscv/bin/../lib/gcc/riscv32-unknown-elf/8.2.0/libgcc.a(_udivdi3.o)
 .bss           0x0000000080013aa4        0x0 /home/nikhil/Projects/RISCV/Toolchain/RV32IMA/riscv/bin/../lib/gcc/riscv32-unknown-elf/8.2.0/libgcc.a(_umoddi3.o)
 .bss           0x0000000080013aa4        0x0 /home/nikhil/Projects/RISCV/Toolchain/RV32IMA/riscv/bin/../lib/gcc/riscv32-unknown-elf/8.2.0/libgcc.a(divdf3.o)
 .bss           0x0000000080013aa4        0x0 /home/nikhil/Projects/RISCV/Toolchain/RV32IMA/riscv/bin/../lib/gcc/riscv32-unknown-elf/8.2.0/libgcc.a(muldf3.o)
 .bss           0x0000000080013aa4        0x0 /home/nikhil/Projects/RISCV/Toolchain/RV32IMA/riscv/bin/../lib/gcc/riscv32-unknown-elf/8.2.0/libgcc.a(eqtf2.o)
 .bss           0x0000000080013aa4        0x0 /home/nikhil/Projects/RISCV/Toolchain/RV32IMA/riscv/bin/../lib/gcc/riscv32-unknown-elf/8.2.0/libgcc.a(getf2.o)
 .bss           0x0000000080013aa4        0x0 /home/nikhil/Projects/RISCV/Toolchain/RV32IMA/riscv/bin/../lib/gcc/riscv32-unknown-elf/8.2.0/libgcc.a(letf2.o)
 .bss           0x0000000080013aa4        0x0 /home/nikhil/Projects/RISCV/Toolchain/RV32IMA/riscv/bin/../lib/gcc/riscv32-unknown-elf/8.2.0/libgcc.a(multf3.o)
 .bss           0x0000000080013aa4        0x0 /home/nikhil/Projects/RISCV/Toolchain/RV32IMA/riscv/bin/../lib/gcc/riscv32-unknown-elf/8.2.0/libgcc.a(subtf3.o)
 .bss           0x0000000080013aa4        0x0 /home/nikhil/Projects/RISCV/Toolchain/RV32IMA/riscv/bin/../lib/gcc/riscv32-unknown-elf/8.2.0/libgcc.a(fixtfsi.o)
 .bss           0x0000000080013aa4        0x0 /home/nikhil/Projects/RISCV/Toolchain/RV32IMA/riscv/bin/../lib/gcc/riscv32-unknown-elf/8.2.0/libgcc.a(floatsitf.o)
 .bss           0x0000000080013aa4        0x0 /home/nikhil/Projects/RISCV/Toolchain/RV32IMA/riscv/bin/../lib/gcc/riscv32-unknown-elf/8.2.0/libgcc.a(extenddftf2.o)
 .bss           0x0000000080013aa4        0x0 /home/nikhil/Projects/RISCV/Toolchain/RV32IMA/riscv/bin/../lib/gcc/riscv32-unknown-elf/8.2.0/libgcc.a(trunctfdf2.o)
 .bss           0x0000000080013aa4        0x0 /home/nikhil/Projects/RISCV/Toolchain/RV32IMA/riscv/bin/../lib/gcc/riscv32-unknown-elf/8.2.0/libgcc.a(_clzsi2.o)
 .bss           0x0000000080013aa4        0x0 /home/nikhil/Projects/RISCV/Toolchain/RV32IMA/riscv/bin/../lib/gcc/riscv32-unknown-elf/8.2.0/crtend.o
 *(COMMON)
 COMMON         0x0000000080013aa4     0x8000 /tmp/ccm8EaTV.o
                0x0000000080013aa4                A
                0x0000000080017aa4                B
 COMMON         0x000000008001baa4        0x4 /home/nikhil/Projects/RISCV/Toolchain/RV32IMA/riscv/bin/../lib/gcc/riscv32-unknown-elf/8.2.0/../../../../riscv32-unknown-elf/lib/libc.a(lib_a-reent.o)
                0x000000008001baa4                errno
                0x000000008001baa8                . = ALIGN ((. != 0x0)?0x4:0x1)
LOAD /home/nikhil/Projects/RISCV/Toolchain/RV32IMA/riscv/bin/../lib/gcc/riscv32-unknown-elf/8.2.0/../../../../riscv32-unknown-elf/lib/crt0.o
LOAD /home/nikhil/Projects/RISCV/Toolchain/RV32IMA/riscv/bin/../lib/gcc/riscv32-unknown-elf/8.2.0/crtbegin.o

.startup        0x0000000080000000       0x28
 startup.o(.text)
 .text          0x0000000080000000       0x28 ./lib/startup.o
                0x0000000080000000                _reset
                0x0000000080000028                . = ALIGN (0x4)
                0x0000000080000028                . = SEGMENT_START ("ldata-segment", .)
                0x0000000080000028                . = ALIGN (0x4)
                0x0000000080000028                __BSS_END__ = .
                0x0000000080013878                __global_pointer$ = MIN ((__SDATA_BEGIN__ + 0x800), MAX ((__DATA_BEGIN__ + 0x800), (__BSS_END__ - 0x800)))
                0x0000000080000028                _end = .
                [!provide]                        PROVIDE (end = .)
                0x0000000080000028                . = DATA_SEGMENT_END (.)

.stab
 *(.stab)

.stabstr
 *(.stabstr)

.stab.excl
 *(.stab.excl)

.stab.exclstr
 *(.stab.exclstr)

.stab.index
 *(.stab.index)

.stab.indexstr
 *(.stab.indexstr)

.comment        0x0000000000000000       0x11
 *(.comment)
 .comment       0x0000000000000000       0x11 /home/nikhil/Projects/RISCV/Toolchain/RV32IMA/riscv/bin/../lib/gcc/riscv32-unknown-elf/8.2.0/crtbegin.o
                                         0x12 (size before relaxing)
 .comment       0x0000000000000011       0x12 ./lib/syscalls.o
 .comment       0x0000000000000011       0x12 ./lib/riscv_counters.o
 .comment       0x0000000000000011       0x12 ./lib/ns16550.o
 .comment       0x0000000000000011       0x12 /tmp/ccm8EaTV.o
 .comment       0x0000000000000011       0x12 /home/nikhil/Projects/RISCV/Toolchain/RV32IMA/riscv/bin/../lib/gcc/riscv32-unknown-elf/8.2.0/libgcc.a(_divdi3.o)
 .comment       0x0000000000000011       0x12 /home/nikhil/Projects/RISCV/Toolchain/RV32IMA/riscv/bin/../lib/gcc/riscv32-unknown-elf/8.2.0/libgcc.a(_moddi3.o)
 .comment       0x0000000000000011       0x12 /home/nikhil/Projects/RISCV/Toolchain/RV32IMA/riscv/bin/../lib/gcc/riscv32-unknown-elf/8.2.0/libgcc.a(_clz.o)
 .comment       0x0000000000000011       0x12 /home/nikhil/Projects/RISCV/Toolchain/RV32IMA/riscv/bin/../lib/gcc/riscv32-unknown-elf/8.2.0/../../../../riscv32-unknown-elf/lib/libc.a(lib_a-atexit.o)
 .comment       0x0000000000000011       0x12 /home/nikhil/Projects/RISCV/Toolchain/RV32IMA/riscv/bin/../lib/gcc/riscv32-unknown-elf/8.2.0/../../../../riscv32-unknown-elf/lib/libc.a(lib_a-errno.o)
 .comment       0x0000000000000011       0x12 /home/nikhil/Projects/RISCV/Toolchain/RV32IMA/riscv/bin/../lib/gcc/riscv32-unknown-elf/8.2.0/../../../../riscv32-unknown-elf/lib/libc.a(lib_a-exit.o)
 .comment       0x0000000000000011       0x12 /home/nikhil/Projects/RISCV/Toolchain/RV32IMA/riscv/bin/../lib/gcc/riscv32-unknown-elf/8.2.0/../../../../riscv32-unknown-elf/lib/libc.a(lib_a-fini.o)
 .comment       0x0000000000000011       0x12 /home/nikhil/Projects/RISCV/Toolchain/RV32IMA/riscv/bin/../lib/gcc/riscv32-unknown-elf/8.2.0/../../../../riscv32-unknown-elf/lib/libc.a(lib_a-fprintf.o)
 .comment       0x0000000000000011       0x12 /home/nikhil/Projects/RISCV/Toolchain/RV32IMA/riscv/bin/../lib/gcc/riscv32-unknown-elf/8.2.0/../../../../riscv32-unknown-elf/lib/libc.a(lib_a-fwrite.o)
 .comment       0x0000000000000011       0x12 /home/nikhil/Projects/RISCV/Toolchain/RV32IMA/riscv/bin/../lib/gcc/riscv32-unknown-elf/8.2.0/../../../../riscv32-unknown-elf/lib/libc.a(lib_a-impure.o)
 .comment       0x0000000000000011       0x12 /home/nikhil/Projects/RISCV/Toolchain/RV32IMA/riscv/bin/../lib/gcc/riscv32-unknown-elf/8.2.0/../../../../riscv32-unknown-elf/lib/libc.a(lib_a-init.o)
 .comment       0x0000000000000011       0x12 /home/nikhil/Projects/RISCV/Toolchain/RV32IMA/riscv/bin/../lib/gcc/riscv32-unknown-elf/8.2.0/../../../../riscv32-unknown-elf/lib/libc.a(lib_a-vfprintf.o)
 .comment       0x0000000000000011       0x12 /home/nikhil/Projects/RISCV/Toolchain/RV32IMA/riscv/bin/../lib/gcc/riscv32-unknown-elf/8.2.0/../../../../riscv32-unknown-elf/lib/libc.a(lib_a-wsetup.o)
 .comment       0x0000000000000011       0x12 /home/nikhil/Projects/RISCV/Toolchain/RV32IMA/riscv/bin/../lib/gcc/riscv32-unknown-elf/8.2.0/../../../../riscv32-unknown-elf/lib/libc.a(lib_a-__atexit.o)
 .comment       0x0000000000000011       0x12 /home/nikhil/Projects/RISCV/Toolchain/RV32IMA/riscv/bin/../lib/gcc/riscv32-unknown-elf/8.2.0/../../../../riscv32-unknown-elf/lib/libc.a(lib_a-__call_atexit.o)
 .comment       0x0000000000000011       0x12 /home/nikhil/Projects/RISCV/Toolchain/RV32IMA/riscv/bin/../lib/gcc/riscv32-unknown-elf/8.2.0/../../../../riscv32-unknown-elf/lib/libc.a(lib_a-fflush.o)
 .comment       0x0000000000000011       0x12 /home/nikhil/Projects/RISCV/Toolchain/RV32IMA/riscv/bin/../lib/gcc/riscv32-unknown-elf/8.2.0/../../../../riscv32-unknown-elf/lib/libc.a(lib_a-findfp.o)
 .comment       0x0000000000000011       0x12 /home/nikhil/Projects/RISCV/Toolchain/RV32IMA/riscv/bin/../lib/gcc/riscv32-unknown-elf/8.2.0/../../../../riscv32-unknown-elf/lib/libc.a(lib_a-freer.o)
 .comment       0x0000000000000011       0x12 /home/nikhil/Projects/RISCV/Toolchain/RV32IMA/riscv/bin/../lib/gcc/riscv32-unknown-elf/8.2.0/../../../../riscv32-unknown-elf/lib/libc.a(lib_a-fvwrite.o)
 .comment       0x0000000000000011       0x12 /home/nikhil/Projects/RISCV/Toolchain/RV32IMA/riscv/bin/../lib/gcc/riscv32-unknown-elf/8.2.0/../../../../riscv32-unknown-elf/lib/libc.a(lib_a-fwalk.o)
 .comment       0x0000000000000011       0x12 /home/nikhil/Projects/RISCV/Toolchain/RV32IMA/riscv/bin/../lib/gcc/riscv32-unknown-elf/8.2.0/../../../../riscv32-unknown-elf/lib/libc.a(lib_a-ldtoa.o)
 .comment       0x0000000000000011       0x12 /home/nikhil/Projects/RISCV/Toolchain/RV32IMA/riscv/bin/../lib/gcc/riscv32-unknown-elf/8.2.0/../../../../riscv32-unknown-elf/lib/libc.a(lib_a-localeconv.o)
 .comment       0x0000000000000011       0x12 /home/nikhil/Projects/RISCV/Toolchain/RV32IMA/riscv/bin/../lib/gcc/riscv32-unknown-elf/8.2.0/../../../../riscv32-unknown-elf/lib/libc.a(lib_a-locale.o)
 .comment       0x0000000000000011       0x12 /home/nikhil/Projects/RISCV/Toolchain/RV32IMA/riscv/bin/../lib/gcc/riscv32-unknown-elf/8.2.0/../../../../riscv32-unknown-elf/lib/libc.a(lib_a-makebuf.o)
 .comment       0x0000000000000011       0x12 /home/nikhil/Projects/RISCV/Toolchain/RV32IMA/riscv/bin/../lib/gcc/riscv32-unknown-elf/8.2.0/../../../../riscv32-unknown-elf/lib/libc.a(lib_a-mallocr.o)
 .comment       0x0000000000000011       0x12 /home/nikhil/Projects/RISCV/Toolchain/RV32IMA/riscv/bin/../lib/gcc/riscv32-unknown-elf/8.2.0/../../../../riscv32-unknown-elf/lib/libc.a(lib_a-mbtowc_r.o)
 .comment       0x0000000000000011       0x12 /home/nikhil/Projects/RISCV/Toolchain/RV32IMA/riscv/bin/../lib/gcc/riscv32-unknown-elf/8.2.0/../../../../riscv32-unknown-elf/lib/libc.a(lib_a-memchr.o)
 .comment       0x0000000000000011       0x12 /home/nikhil/Projects/RISCV/Toolchain/RV32IMA/riscv/bin/../lib/gcc/riscv32-unknown-elf/8.2.0/../../../../riscv32-unknown-elf/lib/libc.a(lib_a-memcpy.o)
 .comment       0x0000000000000011       0x12 /home/nikhil/Projects/RISCV/Toolchain/RV32IMA/riscv/bin/../lib/gcc/riscv32-unknown-elf/8.2.0/../../../../riscv32-unknown-elf/lib/libc.a(lib_a-memmove.o)
 .comment       0x0000000000000011       0x12 /home/nikhil/Projects/RISCV/Toolchain/RV32IMA/riscv/bin/../lib/gcc/riscv32-unknown-elf/8.2.0/../../../../riscv32-unknown-elf/lib/libc.a(lib_a-mlock.o)
 .comment       0x0000000000000011       0x12 /home/nikhil/Projects/RISCV/Toolchain/RV32IMA/riscv/bin/../lib/gcc/riscv32-unknown-elf/8.2.0/../../../../riscv32-unknown-elf/lib/libc.a(lib_a-mprec.o)
 .comment       0x0000000000000011       0x12 /home/nikhil/Projects/RISCV/Toolchain/RV32IMA/riscv/bin/../lib/gcc/riscv32-unknown-elf/8.2.0/../../../../riscv32-unknown-elf/lib/libc.a(lib_a-reallocr.o)
 .comment       0x0000000000000011       0x12 /home/nikhil/Projects/RISCV/Toolchain/RV32IMA/riscv/bin/../lib/gcc/riscv32-unknown-elf/8.2.0/../../../../riscv32-unknown-elf/lib/libc.a(lib_a-sbrkr.o)
 .comment       0x0000000000000011       0x12 /home/nikhil/Projects/RISCV/Toolchain/RV32IMA/riscv/bin/../lib/gcc/riscv32-unknown-elf/8.2.0/../../../../riscv32-unknown-elf/lib/libc.a(lib_a-s_frexp.o)
 .comment       0x0000000000000011       0x12 /home/nikhil/Projects/RISCV/Toolchain/RV32IMA/riscv/bin/../lib/gcc/riscv32-unknown-elf/8.2.0/../../../../riscv32-unknown-elf/lib/libc.a(lib_a-sprintf.o)
 .comment       0x0000000000000011       0x12 /home/nikhil/Projects/RISCV/Toolchain/RV32IMA/riscv/bin/../lib/gcc/riscv32-unknown-elf/8.2.0/../../../../riscv32-unknown-elf/lib/libc.a(lib_a-stdio.o)
 .comment       0x0000000000000011       0x12 /home/nikhil/Projects/RISCV/Toolchain/RV32IMA/riscv/bin/../lib/gcc/riscv32-unknown-elf/8.2.0/../../../../riscv32-unknown-elf/lib/libc.a(lib_a-strcpy.o)
 .comment       0x0000000000000011       0x12 /home/nikhil/Projects/RISCV/Toolchain/RV32IMA/riscv/bin/../lib/gcc/riscv32-unknown-elf/8.2.0/../../../../riscv32-unknown-elf/lib/libc.a(lib_a-strlen.o)
 .comment       0x0000000000000011       0x12 /home/nikhil/Projects/RISCV/Toolchain/RV32IMA/riscv/bin/../lib/gcc/riscv32-unknown-elf/8.2.0/../../../../riscv32-unknown-elf/lib/libc.a(lib_a-strncpy.o)
 .comment       0x0000000000000011       0x12 /home/nikhil/Projects/RISCV/Toolchain/RV32IMA/riscv/bin/../lib/gcc/riscv32-unknown-elf/8.2.0/../../../../riscv32-unknown-elf/lib/libc.a(lib_a-svfprintf.o)
 .comment       0x0000000000000011       0x12 /home/nikhil/Projects/RISCV/Toolchain/RV32IMA/riscv/bin/../lib/gcc/riscv32-unknown-elf/8.2.0/../../../../riscv32-unknown-elf/lib/libc.a(lib_a-vfiprintf.o)
 .comment       0x0000000000000011       0x12 /home/nikhil/Projects/RISCV/Toolchain/RV32IMA/riscv/bin/../lib/gcc/riscv32-unknown-elf/8.2.0/../../../../riscv32-unknown-elf/lib/libc.a(lib_a-wctomb_r.o)
 .comment       0x0000000000000011       0x12 /home/nikhil/Projects/RISCV/Toolchain/RV32IMA/riscv/bin/../lib/gcc/riscv32-unknown-elf/8.2.0/../../../../riscv32-unknown-elf/lib/libc.a(lib_a-writer.o)
 .comment       0x0000000000000011       0x12 /home/nikhil/Projects/RISCV/Toolchain/RV32IMA/riscv/bin/../lib/gcc/riscv32-unknown-elf/8.2.0/../../../../riscv32-unknown-elf/lib/libc.a(lib_a-callocr.o)
 .comment       0x0000000000000011       0x12 /home/nikhil/Projects/RISCV/Toolchain/RV32IMA/riscv/bin/../lib/gcc/riscv32-unknown-elf/8.2.0/../../../../riscv32-unknown-elf/lib/libc.a(lib_a-closer.o)
 .comment       0x0000000000000011       0x12 /home/nikhil/Projects/RISCV/Toolchain/RV32IMA/riscv/bin/../lib/gcc/riscv32-unknown-elf/8.2.0/../../../../riscv32-unknown-elf/lib/libc.a(lib_a-ctype_.o)
 .comment       0x0000000000000011       0x12 /home/nikhil/Projects/RISCV/Toolchain/RV32IMA/riscv/bin/../lib/gcc/riscv32-unknown-elf/8.2.0/../../../../riscv32-unknown-elf/lib/libc.a(lib_a-fclose.o)
 .comment       0x0000000000000011       0x12 /home/nikhil/Projects/RISCV/Toolchain/RV32IMA/riscv/bin/../lib/gcc/riscv32-unknown-elf/8.2.0/../../../../riscv32-unknown-elf/lib/libc.a(lib_a-fputwc.o)
 .comment       0x0000000000000011       0x12 /home/nikhil/Projects/RISCV/Toolchain/RV32IMA/riscv/bin/../lib/gcc/riscv32-unknown-elf/8.2.0/../../../../riscv32-unknown-elf/lib/libc.a(lib_a-fstatr.o)
 .comment       0x0000000000000011       0x12 /home/nikhil/Projects/RISCV/Toolchain/RV32IMA/riscv/bin/../lib/gcc/riscv32-unknown-elf/8.2.0/../../../../riscv32-unknown-elf/lib/libc.a(lib_a-isattyr.o)
 .comment       0x0000000000000011       0x12 /home/nikhil/Projects/RISCV/Toolchain/RV32IMA/riscv/bin/../lib/gcc/riscv32-unknown-elf/8.2.0/../../../../riscv32-unknown-elf/lib/libc.a(lib_a-lseekr.o)
 .comment       0x0000000000000011       0x12 /home/nikhil/Projects/RISCV/Toolchain/RV32IMA/riscv/bin/../lib/gcc/riscv32-unknown-elf/8.2.0/../../../../riscv32-unknown-elf/lib/libc.a(lib_a-readr.o)
 .comment       0x0000000000000011       0x12 /home/nikhil/Projects/RISCV/Toolchain/RV32IMA/riscv/bin/../lib/gcc/riscv32-unknown-elf/8.2.0/../../../../riscv32-unknown-elf/lib/libc.a(lib_a-reent.o)
 .comment       0x0000000000000011       0x12 /home/nikhil/Projects/RISCV/Toolchain/RV32IMA/riscv/bin/../lib/gcc/riscv32-unknown-elf/8.2.0/../../../../riscv32-unknown-elf/lib/libc.a(lib_a-svfiprintf.o)
 .comment       0x0000000000000011       0x12 /home/nikhil/Projects/RISCV/Toolchain/RV32IMA/riscv/bin/../lib/gcc/riscv32-unknown-elf/8.2.0/../../../../riscv32-unknown-elf/lib/libc.a(lib_a-wbuf.o)
 .comment       0x0000000000000011       0x12 /home/nikhil/Projects/RISCV/Toolchain/RV32IMA/riscv/bin/../lib/gcc/riscv32-unknown-elf/8.2.0/../../../../riscv32-unknown-elf/lib/libc.a(lib_a-wcrtomb.o)
 .comment       0x0000000000000011       0x12 /home/nikhil/Projects/RISCV/Toolchain/RV32IMA/riscv/bin/../lib/gcc/riscv32-unknown-elf/8.2.0/../../../../riscv32-unknown-elf/lib/libnosys.a(_exit.o)
 .comment       0x0000000000000011       0x12 /home/nikhil/Projects/RISCV/Toolchain/RV32IMA/riscv/bin/../lib/gcc/riscv32-unknown-elf/8.2.0/libgcc.a(_udivdi3.o)
 .comment       0x0000000000000011       0x12 /home/nikhil/Projects/RISCV/Toolchain/RV32IMA/riscv/bin/../lib/gcc/riscv32-unknown-elf/8.2.0/libgcc.a(_umoddi3.o)
 .comment       0x0000000000000011       0x12 /home/nikhil/Projects/RISCV/Toolchain/RV32IMA/riscv/bin/../lib/gcc/riscv32-unknown-elf/8.2.0/libgcc.a(divdf3.o)
 .comment       0x0000000000000011       0x12 /home/nikhil/Projects/RISCV/Toolchain/RV32IMA/riscv/bin/../lib/gcc/riscv32-unknown-elf/8.2.0/libgcc.a(muldf3.o)
 .comment       0x0000000000000011       0x12 /home/nikhil/Projects/RISCV/Toolchain/RV32IMA/riscv/bin/../lib/gcc/riscv32-unknown-elf/8.2.0/libgcc.a(eqtf2.o)
 .comment       0x0000000000000011       0x12 /home/nikhil/Projects/RISCV/Toolchain/RV32IMA/riscv/bin/../lib/gcc/riscv32-unknown-elf/8.2.0/libgcc.a(getf2.o)
 .comment       0x0000000000000011       0x12 /home/nikhil/Projects/RISCV/Toolchain/RV32IMA/riscv/bin/../lib/gcc/riscv32-unknown-elf/8.2.0/libgcc.a(letf2.o)
 .comment       0x0000000000000011       0x12 /home/nikhil/Projects/RISCV/Toolchain/RV32IMA/riscv/bin/../lib/gcc/riscv32-unknown-elf/8.2.0/libgcc.a(multf3.o)
 .comment       0x0000000000000011       0x12 /home/nikhil/Projects/RISCV/Toolchain/RV32IMA/riscv/bin/../lib/gcc/riscv32-unknown-elf/8.2.0/libgcc.a(subtf3.o)
 .comment       0x0000000000000011       0x12 /home/nikhil/Projects/RISCV/Toolchain/RV32IMA/riscv/bin/../lib/gcc/riscv32-unknown-elf/8.2.0/libgcc.a(fixtfsi.o)
 .comment       0x0000000000000011       0x12 /home/nikhil/Projects/RISCV/Toolchain/RV32IMA/riscv/bin/../lib/gcc/riscv32-unknown-elf/8.2.0/libgcc.a(floatsitf.o)
 .comment       0x0000000000000011       0x12 /home/nikhil/Projects/RISCV/Toolchain/RV32IMA/riscv/bin/../lib/gcc/riscv32-unknown-elf/8.2.0/libgcc.a(extenddftf2.o)
 .comment       0x0000000000000011       0x12 /home/nikhil/Projects/RISCV/Toolchain/RV32IMA/riscv/bin/../lib/gcc/riscv32-unknown-elf/8.2.0/libgcc.a(trunctfdf2.o)
 .comment       0x0000000000000011       0x12 /home/nikhil/Projects/RISCV/Toolchain/RV32IMA/riscv/bin/../lib/gcc/riscv32-unknown-elf/8.2.0/libgcc.a(_clzsi2.o)
 .comment       0x0000000000000011       0x12 /home/nikhil/Projects/RISCV/Toolchain/RV32IMA/riscv/bin/../lib/gcc/riscv32-unknown-elf/8.2.0/crtend.o

.debug
 *(.debug)

.line
 *(.line)

.debug_srcinfo
 *(.debug_srcinfo)

.debug_sfnames
 *(.debug_sfnames)

.debug_aranges  0x0000000000000000      0x2b8
 *(.debug_aranges)
 .debug_aranges
                0x0000000000000000       0x20 ./lib/startup.o
 .debug_aranges
                0x0000000000000020       0x20 ./lib/syscalls.o
 .debug_aranges
                0x0000000000000040       0x20 ./lib/riscv_counters.o
 .debug_aranges
                0x0000000000000060       0x20 ./lib/ns16550.o
 .debug_aranges
                0x0000000000000080       0x20 /tmp/ccm8EaTV.o
 .debug_aranges
                0x00000000000000a0       0x20 /home/nikhil/Projects/RISCV/Toolchain/RV32IMA/riscv/bin/../lib/gcc/riscv32-unknown-elf/8.2.0/libgcc.a(_divdi3.o)
 .debug_aranges
                0x00000000000000c0       0x20 /home/nikhil/Projects/RISCV/Toolchain/RV32IMA/riscv/bin/../lib/gcc/riscv32-unknown-elf/8.2.0/libgcc.a(_moddi3.o)
 .debug_aranges
                0x00000000000000e0       0x18 /home/nikhil/Projects/RISCV/Toolchain/RV32IMA/riscv/bin/../lib/gcc/riscv32-unknown-elf/8.2.0/libgcc.a(_clz.o)
 .debug_aranges
                0x00000000000000f8       0x20 /home/nikhil/Projects/RISCV/Toolchain/RV32IMA/riscv/bin/../lib/gcc/riscv32-unknown-elf/8.2.0/libgcc.a(_udivdi3.o)
 .debug_aranges
                0x0000000000000118       0x20 /home/nikhil/Projects/RISCV/Toolchain/RV32IMA/riscv/bin/../lib/gcc/riscv32-unknown-elf/8.2.0/libgcc.a(_umoddi3.o)
 .debug_aranges
                0x0000000000000138       0x20 /home/nikhil/Projects/RISCV/Toolchain/RV32IMA/riscv/bin/../lib/gcc/riscv32-unknown-elf/8.2.0/libgcc.a(divdf3.o)
 .debug_aranges
                0x0000000000000158       0x20 /home/nikhil/Projects/RISCV/Toolchain/RV32IMA/riscv/bin/../lib/gcc/riscv32-unknown-elf/8.2.0/libgcc.a(muldf3.o)
 .debug_aranges
                0x0000000000000178       0x20 /home/nikhil/Projects/RISCV/Toolchain/RV32IMA/riscv/bin/../lib/gcc/riscv32-unknown-elf/8.2.0/libgcc.a(eqtf2.o)
 .debug_aranges
                0x0000000000000198       0x20 /home/nikhil/Projects/RISCV/Toolchain/RV32IMA/riscv/bin/../lib/gcc/riscv32-unknown-elf/8.2.0/libgcc.a(getf2.o)
 .debug_aranges
                0x00000000000001b8       0x20 /home/nikhil/Projects/RISCV/Toolchain/RV32IMA/riscv/bin/../lib/gcc/riscv32-unknown-elf/8.2.0/libgcc.a(letf2.o)
 .debug_aranges
                0x00000000000001d8       0x20 /home/nikhil/Projects/RISCV/Toolchain/RV32IMA/riscv/bin/../lib/gcc/riscv32-unknown-elf/8.2.0/libgcc.a(multf3.o)
 .debug_aranges
                0x00000000000001f8       0x20 /home/nikhil/Projects/RISCV/Toolchain/RV32IMA/riscv/bin/../lib/gcc/riscv32-unknown-elf/8.2.0/libgcc.a(subtf3.o)
 .debug_aranges
                0x0000000000000218       0x20 /home/nikhil/Projects/RISCV/Toolchain/RV32IMA/riscv/bin/../lib/gcc/riscv32-unknown-elf/8.2.0/libgcc.a(fixtfsi.o)
 .debug_aranges
                0x0000000000000238       0x20 /home/nikhil/Projects/RISCV/Toolchain/RV32IMA/riscv/bin/../lib/gcc/riscv32-unknown-elf/8.2.0/libgcc.a(floatsitf.o)
 .debug_aranges
                0x0000000000000258       0x20 /home/nikhil/Projects/RISCV/Toolchain/RV32IMA/riscv/bin/../lib/gcc/riscv32-unknown-elf/8.2.0/libgcc.a(extenddftf2.o)
 .debug_aranges
                0x0000000000000278       0x20 /home/nikhil/Projects/RISCV/Toolchain/RV32IMA/riscv/bin/../lib/gcc/riscv32-unknown-elf/8.2.0/libgcc.a(trunctfdf2.o)
 .debug_aranges
                0x0000000000000298       0x20 /home/nikhil/Projects/RISCV/Toolchain/RV32IMA/riscv/bin/../lib/gcc/riscv32-unknown-elf/8.2.0/libgcc.a(_clzsi2.o)

.debug_pubnames
 *(.debug_pubnames)

.debug_info     0x0000000000000000     0xcdd2
 *(.debug_info .gnu.linkonce.wi.*)
 .debug_info    0x0000000000000000       0x26 ./lib/startup.o
 .debug_info    0x0000000000000026      0xd2c ./lib/syscalls.o
 .debug_info    0x0000000000000d52      0x9a8 ./lib/riscv_counters.o
 .debug_info    0x00000000000016fa      0x3e4 ./lib/ns16550.o
 .debug_info    0x0000000000001ade      0xc86 /tmp/ccm8EaTV.o
 .debug_info    0x0000000000002764     0x1250 /home/nikhil/Projects/RISCV/Toolchain/RV32IMA/riscv/bin/../lib/gcc/riscv32-unknown-elf/8.2.0/libgcc.a(_divdi3.o)
 .debug_info    0x00000000000039b4     0x12a5 /home/nikhil/Projects/RISCV/Toolchain/RV32IMA/riscv/bin/../lib/gcc/riscv32-unknown-elf/8.2.0/libgcc.a(_moddi3.o)
 .debug_info    0x0000000000004c59      0xb3f /home/nikhil/Projects/RISCV/Toolchain/RV32IMA/riscv/bin/../lib/gcc/riscv32-unknown-elf/8.2.0/libgcc.a(_clz.o)
 .debug_info    0x0000000000005798     0x121a /home/nikhil/Projects/RISCV/Toolchain/RV32IMA/riscv/bin/../lib/gcc/riscv32-unknown-elf/8.2.0/libgcc.a(_udivdi3.o)
 .debug_info    0x00000000000069b2     0x1278 /home/nikhil/Projects/RISCV/Toolchain/RV32IMA/riscv/bin/../lib/gcc/riscv32-unknown-elf/8.2.0/libgcc.a(_umoddi3.o)
 .debug_info    0x0000000000007c2a      0x730 /home/nikhil/Projects/RISCV/Toolchain/RV32IMA/riscv/bin/../lib/gcc/riscv32-unknown-elf/8.2.0/libgcc.a(divdf3.o)
 .debug_info    0x000000000000835a      0x768 /home/nikhil/Projects/RISCV/Toolchain/RV32IMA/riscv/bin/../lib/gcc/riscv32-unknown-elf/8.2.0/libgcc.a(muldf3.o)
 .debug_info    0x0000000000008ac2      0x298 /home/nikhil/Projects/RISCV/Toolchain/RV32IMA/riscv/bin/../lib/gcc/riscv32-unknown-elf/8.2.0/libgcc.a(eqtf2.o)
 .debug_info    0x0000000000008d5a      0x294 /home/nikhil/Projects/RISCV/Toolchain/RV32IMA/riscv/bin/../lib/gcc/riscv32-unknown-elf/8.2.0/libgcc.a(getf2.o)
 .debug_info    0x0000000000008fee      0x294 /home/nikhil/Projects/RISCV/Toolchain/RV32IMA/riscv/bin/../lib/gcc/riscv32-unknown-elf/8.2.0/libgcc.a(letf2.o)
 .debug_info    0x0000000000009282     0x126c /home/nikhil/Projects/RISCV/Toolchain/RV32IMA/riscv/bin/../lib/gcc/riscv32-unknown-elf/8.2.0/libgcc.a(multf3.o)
 .debug_info    0x000000000000a4ee      0xd83 /home/nikhil/Projects/RISCV/Toolchain/RV32IMA/riscv/bin/../lib/gcc/riscv32-unknown-elf/8.2.0/libgcc.a(subtf3.o)
 .debug_info    0x000000000000b271      0x2c5 /home/nikhil/Projects/RISCV/Toolchain/RV32IMA/riscv/bin/../lib/gcc/riscv32-unknown-elf/8.2.0/libgcc.a(fixtfsi.o)
 .debug_info    0x000000000000b536      0x3c6 /home/nikhil/Projects/RISCV/Toolchain/RV32IMA/riscv/bin/../lib/gcc/riscv32-unknown-elf/8.2.0/libgcc.a(floatsitf.o)
 .debug_info    0x000000000000b8fc      0x3ef /home/nikhil/Projects/RISCV/Toolchain/RV32IMA/riscv/bin/../lib/gcc/riscv32-unknown-elf/8.2.0/libgcc.a(extenddftf2.o)
 .debug_info    0x000000000000bceb      0x53b /home/nikhil/Projects/RISCV/Toolchain/RV32IMA/riscv/bin/../lib/gcc/riscv32-unknown-elf/8.2.0/libgcc.a(trunctfdf2.o)
 .debug_info    0x000000000000c226      0xbac /home/nikhil/Projects/RISCV/Toolchain/RV32IMA/riscv/bin/../lib/gcc/riscv32-unknown-elf/8.2.0/libgcc.a(_clzsi2.o)

.debug_abbrev   0x0000000000000000     0x2a5c
 *(.debug_abbrev)
 .debug_abbrev  0x0000000000000000       0x14 ./lib/startup.o
 .debug_abbrev  0x0000000000000014      0x27d ./lib/syscalls.o
 .debug_abbrev  0x0000000000000291      0x1ed ./lib/riscv_counters.o
 .debug_abbrev  0x000000000000047e      0x15e ./lib/ns16550.o
 .debug_abbrev  0x00000000000005dc      0x2cb /tmp/ccm8EaTV.o
 .debug_abbrev  0x00000000000008a7      0x2e4 /home/nikhil/Projects/RISCV/Toolchain/RV32IMA/riscv/bin/../lib/gcc/riscv32-unknown-elf/8.2.0/libgcc.a(_divdi3.o)
 .debug_abbrev  0x0000000000000b8b      0x2ef /home/nikhil/Projects/RISCV/Toolchain/RV32IMA/riscv/bin/../lib/gcc/riscv32-unknown-elf/8.2.0/libgcc.a(_moddi3.o)
 .debug_abbrev  0x0000000000000e7a      0x1e8 /home/nikhil/Projects/RISCV/Toolchain/RV32IMA/riscv/bin/../lib/gcc/riscv32-unknown-elf/8.2.0/libgcc.a(_clz.o)
 .debug_abbrev  0x0000000000001062      0x2cc /home/nikhil/Projects/RISCV/Toolchain/RV32IMA/riscv/bin/../lib/gcc/riscv32-unknown-elf/8.2.0/libgcc.a(_udivdi3.o)
 .debug_abbrev  0x000000000000132e      0x2e8 /home/nikhil/Projects/RISCV/Toolchain/RV32IMA/riscv/bin/../lib/gcc/riscv32-unknown-elf/8.2.0/libgcc.a(_umoddi3.o)
 .debug_abbrev  0x0000000000001616      0x187 /home/nikhil/Projects/RISCV/Toolchain/RV32IMA/riscv/bin/../lib/gcc/riscv32-unknown-elf/8.2.0/libgcc.a(divdf3.o)
 .debug_abbrev  0x000000000000179d      0x18e /home/nikhil/Projects/RISCV/Toolchain/RV32IMA/riscv/bin/../lib/gcc/riscv32-unknown-elf/8.2.0/libgcc.a(muldf3.o)
 .debug_abbrev  0x000000000000192b      0x18b /home/nikhil/Projects/RISCV/Toolchain/RV32IMA/riscv/bin/../lib/gcc/riscv32-unknown-elf/8.2.0/libgcc.a(eqtf2.o)
 .debug_abbrev  0x0000000000001ab6      0x19e /home/nikhil/Projects/RISCV/Toolchain/RV32IMA/riscv/bin/../lib/gcc/riscv32-unknown-elf/8.2.0/libgcc.a(getf2.o)
 .debug_abbrev  0x0000000000001c54      0x19e /home/nikhil/Projects/RISCV/Toolchain/RV32IMA/riscv/bin/../lib/gcc/riscv32-unknown-elf/8.2.0/libgcc.a(letf2.o)
 .debug_abbrev  0x0000000000001df2      0x1a8 /home/nikhil/Projects/RISCV/Toolchain/RV32IMA/riscv/bin/../lib/gcc/riscv32-unknown-elf/8.2.0/libgcc.a(multf3.o)
 .debug_abbrev  0x0000000000001f9a      0x1bd /home/nikhil/Projects/RISCV/Toolchain/RV32IMA/riscv/bin/../lib/gcc/riscv32-unknown-elf/8.2.0/libgcc.a(subtf3.o)
 .debug_abbrev  0x0000000000002157      0x1ac /home/nikhil/Projects/RISCV/Toolchain/RV32IMA/riscv/bin/../lib/gcc/riscv32-unknown-elf/8.2.0/libgcc.a(fixtfsi.o)
 .debug_abbrev  0x0000000000002303      0x1b5 /home/nikhil/Projects/RISCV/Toolchain/RV32IMA/riscv/bin/../lib/gcc/riscv32-unknown-elf/8.2.0/libgcc.a(floatsitf.o)
 .debug_abbrev  0x00000000000024b8      0x1ab /home/nikhil/Projects/RISCV/Toolchain/RV32IMA/riscv/bin/../lib/gcc/riscv32-unknown-elf/8.2.0/libgcc.a(extenddftf2.o)
 .debug_abbrev  0x0000000000002663      0x1b7 /home/nikhil/Projects/RISCV/Toolchain/RV32IMA/riscv/bin/../lib/gcc/riscv32-unknown-elf/8.2.0/libgcc.a(trunctfdf2.o)
 .debug_abbrev  0x000000000000281a      0x242 /home/nikhil/Projects/RISCV/Toolchain/RV32IMA/riscv/bin/../lib/gcc/riscv32-unknown-elf/8.2.0/libgcc.a(_clzsi2.o)

.debug_line     0x0000000000000000     0xae3b
 *(.debug_line .debug_line.* .debug_line_end)
 .debug_line    0x0000000000000000       0x6c ./lib/startup.o
 .debug_line    0x000000000000006c      0x51f ./lib/syscalls.o
 .debug_line    0x000000000000058b      0x1f3 ./lib/riscv_counters.o
 .debug_line    0x000000000000077e      0x29c ./lib/ns16550.o
 .debug_line    0x0000000000000a1a      0x6f8 /tmp/ccm8EaTV.o
 .debug_line    0x0000000000001112      0x979 /home/nikhil/Projects/RISCV/Toolchain/RV32IMA/riscv/bin/../lib/gcc/riscv32-unknown-elf/8.2.0/libgcc.a(_divdi3.o)